/data/jenkins_workspace/workspace/dushmem-hip_release/src/device/init/init_device.cu:dushmemi_get_mem_handle:123: Unable to access device state. 218

/data/jenkins_workspace/workspace/dushmem-hip_release/src/device/init/init_device.cu:dushmemi_get_mem_handle:129: Unable to access ibgda device state. 218

/data/jenkins_workspace/workspace/dushmem-hip_release/src/host/init/init.cu:dushmemi_update_device_state:155: Bad device pointer callback registered 0x208440. Skipping

/data/jenkins_workspace/workspace/dushmem-hip_release/src/device/init/init_device.cu:dushmemi_get_mem_handle:123: Unable to access device state. 218

/data/jenkins_workspace/workspace/dushmem-hip_release/src/device/init/init_device.cu:dushmemi_get_mem_handle:129: Unable to access ibgda device state. 218

/data/jenkins_workspace/workspace/dushmem-hip_release/src/host/init/init.cu:dushmemi_update_device_state:155: Bad device pointer callback registered 0x208440. Skipping

/data/jenkins_workspace/workspace/dushmem-hip_release/src/device/init/init_device.cu:dushmemi_get_mem_handle:123: Unable to access device state. 218

/data/jenkins_workspace/workspace/dushmem-hip_release/src/device/init/init_device.cu:dushmemi_get_mem_handle:129: Unable to access ibgda device state. 218

/data/jenkins_workspace/workspace/dushmem-hip_release/src/host/init/init.cu:dushmemi_update_device_state:155: Bad device pointer callback registered 0x208440. Skipping

/data/jenkins_workspace/workspace/dushmem-hip_release/src/device/init/init_device.cu:dushmemi_get_mem_handle:123: Unable to access device state. 218

/data/jenkins_workspace/workspace/dushmem-hip_release/src/device/init/init_device.cu:dushmemi_get_mem_handle:129: Unable to access ibgda device state. 218

/data/jenkins_workspace/workspace/dushmem-hip_release/src/host/init/init.cu:dushmemi_update_device_state:155: Bad device pointer callback registered 0x208440. Skipping

# AG-GEMM baseline(RCCL allgather+rocBLAS) vs ours(DUSHMEM cp_engine overlap), 4 PEs, target_chunks=4
# case                    RCCL_base DUSHMEM_ovl  speedup
  m8192_n29568_k8192     base=81.5 ours=89.0 (0.92x) | GEMM整块=65.3 分块=59.7 (分块慢0.91x)
  m8192_n49152_k12288    base=190.1 ours=1293.6 (0.15x) | GEMM整块=159.1 分块=1247.2 (分块慢7.84x)
/data/jenkins_workspace/workspace/dushmem-hip_release/src/device/init/init_device.cu:dushmemi_finalize:173: Unable to properly unregister device state.

/data/jenkins_workspace/workspace/dushmem-hip_release/src/device/init/init_device.cu:dushmemi_finalize:173: Unable to properly unregister device state.

/data/jenkins_workspace/workspace/dushmem-hip_release/src/device/init/init_device.cu:dushmemi_finalize:173: Unable to properly unregister device state.

/data/jenkins_workspace/workspace/dushmem-hip_release/src/device/init/init_device.cu:dushmemi_finalize:173: Unable to properly unregister device state.

# EXIT_STATUS 0
