# CASE channels_r3_allgather_64M_ring_simple_ch2
# UTC 2026-08-25T10:11:04Z
# collective=allgather size=64M config=ring_simple channels=2 visible_devices=0,1,2,3
# COMMAND env -u NCCL_ALGO -u NCCL_PROTO -u NCCL_MIN_NCHANNELS -u NCCL_MAX_NCHANNELS HIP_VISIBLE_DEVICES=0\,1\,2\,3 HSA_FORCE_FINE_GRAIN_PCIE=1 NCCL_DEBUG=WARN NCCL_DEBUG_SUBSYS=INIT NCCL_ALGO=Ring NCCL_PROTO=Simple NCCL_MIN_NCHANNELS=2 NCCL_MAX_NCHANNELS=2 mpirun --allow-run-as-root -np 4 -mca coll \^hcoll /root/private_data/lyc/rccl-tests/build/all_gather_perf -b 64M -e 64M -g 1 -w 10 -n 50 -c 1 -a 3 -Z csv -x /root/private_data/lyc/2ndpaper/results/k500sm_ai_gfx928_4gpu/20260825T100828Z/csv/channels_r3_allgather_64M_ring_simple_ch2.csv -O 1
# Collective test starting: all_gather_perf
# nThread 1 nGpus 1 minBytes 67108864 maxBytes 67108864 step: 1048576(bytes) warmup iters: 10 iters: 50 agg iters: 1 validation: 1 graph: 0
#
rccl-tests: Version develop_deprecated:40b1b17+
# Using devices
#  Rank  0 Group  0 Pid  16299 on crdnotebook-2076293935161401346-scnv1ejp8d-97304 device  0 [0000:04:00] K500SM_AI
#  Rank  1 Group  0 Pid  16300 on crdnotebook-2076293935161401346-scnv1ejp8d-97304 device  1 [0000:27:00] K500SM_AI
#  Rank  2 Group  0 Pid  16301 on crdnotebook-2076293935161401346-scnv1ejp8d-97304 device  2 [0000:43:00] K500SM_AI
#  Rank  3 Group  0 Pid  16302 on crdnotebook-2076293935161401346-scnv1ejp8d-97304 device  3 [0000:63:00] K500SM_AI

crdnotebook-2076293935161401346-scnv1ejp8d-97304:16299:16299 [0] /data/jenkins_workspace/workspace/rccl_release/build/hipify/src/init.cc:170 NCCL WARN NUMA auto balancing enabled which can lead to variability in the RCCL performance! Disable by "sudo sysctl kernel.numa_balancing=0"

crdnotebook-2076293935161401346-scnv1ejp8d-97304:16299:16299 [0] /data/jenkins_workspace/workspace/rccl_release/build/hipify/src/init.cc:191 NCCL WARN Missing "iommu=pt" from kernel command line which can lead to system instablity or hang!

crdnotebook-2076293935161401346-scnv1ejp8d-97304:16299:16299 [0] /data/jenkins_workspace/workspace/rccl_release/build/hipify/src/init.cc:170 NCCL WARN NUMA auto balancing enabled which can lead to variability in the RCCL performance! Disable by "sudo sysctl kernel.numa_balancing=0"

crdnotebook-2076293935161401346-scnv1ejp8d-97304:16302:16302 [3] /data/jenkins_workspace/workspace/rccl_release/build/hipify/src/init.cc:170 NCCL WARN NUMA auto balancing enabled which can lead to variability in the RCCL performance! Disable by "sudo sysctl kernel.numa_balancing=0"

crdnotebook-2076293935161401346-scnv1ejp8d-97304:16300:16300 [1] /data/jenkins_workspace/workspace/rccl_release/build/hipify/src/init.cc:170 NCCL WARN NUMA auto balancing enabled which can lead to variability in the RCCL performance! Disable by "sudo sysctl kernel.numa_balancing=0"

crdnotebook-2076293935161401346-scnv1ejp8d-97304:16300:16300 [1] /data/jenkins_workspace/workspace/rccl_release/build/hipify/src/init.cc:191 NCCL WARN Missing "iommu=pt" from kernel command line which can lead to system instablity or hang!

crdnotebook-2076293935161401346-scnv1ejp8d-97304:16299:16299 [0] /data/jenkins_workspace/workspace/rccl_release/build/hipify/src/init.cc:191 NCCL WARN Missing "iommu=pt" from kernel command line which can lead to system instablity or hang!
RCCL version : 2.22.3-HEAD:19c80f7
HIP version  : 6.3.26102-a22a51fa
ROCm version : 6.3.3.0-0-c1d64df
Hostname     : crdnotebook-2076293935161401346-scnv1ejp8d-97304
Librccl path : /opt/dtk/lib/librccl.so.1

crdnotebook-2076293935161401346-scnv1ejp8d-97304:16301:16301 [2] /data/jenkins_workspace/workspace/rccl_release/build/hipify/src/init.cc:170 NCCL WARN NUMA auto balancing enabled which can lead to variability in the RCCL performance! Disable by "sudo sysctl kernel.numa_balancing=0"

crdnotebook-2076293935161401346-scnv1ejp8d-97304:16301:16301 [2] /data/jenkins_workspace/workspace/rccl_release/build/hipify/src/init.cc:191 NCCL WARN Missing "iommu=pt" from kernel command line which can lead to system instablity or hang!

crdnotebook-2076293935161401346-scnv1ejp8d-97304:16302:16302 [3] /data/jenkins_workspace/workspace/rccl_release/build/hipify/src/init.cc:191 NCCL WARN Missing "iommu=pt" from kernel command line which can lead to system instablity or hang!

crdnotebook-2076293935161401346-scnv1ejp8d-97304:16299:16324 [0] /data/jenkins_workspace/workspace/rccl_release/build/hipify/src/graph/xml.cc:1839 NCCL WARN Unable to obtain the pciPath[NULL] or name[eth0] attributes from NetProperties.

crdnotebook-2076293935161401346-scnv1ejp8d-97304:16299:16324 [0] /data/jenkins_workspace/workspace/rccl_release/build/hipify/src/graph/xml.cc:1211 NCCL WARN No IB NIC found, the generation of the basic topology has been terminated.

crdnotebook-2076293935161401346-scnv1ejp8d-97304:16302:16325 [3] /data/jenkins_workspace/workspace/rccl_release/build/hipify/src/graph/xml.cc:1839 NCCL WARN Unable to obtain the pciPath[NULL] or name[eth0] attributes from NetProperties.

crdnotebook-2076293935161401346-scnv1ejp8d-97304:16302:16325 [3] /data/jenkins_workspace/workspace/rccl_release/build/hipify/src/graph/xml.cc:1211 NCCL WARN No IB NIC found, the generation of the basic topology has been terminated.

crdnotebook-2076293935161401346-scnv1ejp8d-97304:16300:16326 [1] /data/jenkins_workspace/workspace/rccl_release/build/hipify/src/graph/xml.cc:1839 NCCL WARN Unable to obtain the pciPath[NULL] or name[eth0] attributes from NetProperties.

crdnotebook-2076293935161401346-scnv1ejp8d-97304:16300:16326 [1] /data/jenkins_workspace/workspace/rccl_release/build/hipify/src/graph/xml.cc:1211 NCCL WARN No IB NIC found, the generation of the basic topology has been terminated.

crdnotebook-2076293935161401346-scnv1ejp8d-97304:16301:16327 [2] /data/jenkins_workspace/workspace/rccl_release/build/hipify/src/graph/xml.cc:1839 NCCL WARN Unable to obtain the pciPath[NULL] or name[eth0] attributes from NetProperties.

crdnotebook-2076293935161401346-scnv1ejp8d-97304:16301:16327 [2] /data/jenkins_workspace/workspace/rccl_release/build/hipify/src/graph/xml.cc:1211 NCCL WARN No IB NIC found, the generation of the basic topology has been terminated.
#
#                                                              out-of-place         
#       size         count      type   redop    root     time   algbw   busbw #wrong                               
#        (B)    (elements)                               (us)  (GB/s)  (GB/s)                                       
    67108864       4194304     float    none      -1   5103.3   13.15    9.86      0
# Errors with asterisks indicate errors that have exceeded the maximum threshold.
# Out of bounds values : 0 OK
# Avg bus bandwidth    : 9.86253 
#
# Collective test concluded: all_gather_perf

# EXIT_STATUS 0
