# CASE map_0321_r3_allreduce_1M_default_chdefault
# UTC 2026-08-25T10:43:33Z
# collective=allreduce size=1M config=default channels=default visible_devices=0,3,2,1
# COMMAND env -u NCCL_ALGO -u NCCL_PROTO -u NCCL_MIN_NCHANNELS -u NCCL_MAX_NCHANNELS HIP_VISIBLE_DEVICES=0\,3\,2\,1 HSA_FORCE_FINE_GRAIN_PCIE=1 NCCL_DEBUG=ERROR NCCL_DEBUG_SUBSYS=INIT mpirun --allow-run-as-root -np 4 -mca coll \^hcoll /root/private_data/lyc/rccl-tests/build/all_reduce_perf -b 1M -e 1M -g 1 -w 10 -n 50 -c 1 -a 3 -d float -Z csv -x /root/private_data/lyc/2ndpaper/results/k500sm_ai_gfx928_4gpu/20260825T104241Z/csv/map_0321_r3_allreduce_1M_default_chdefault.csv -O 1
# Collective test starting: all_reduce_perf
# nThread 1 nGpus 1 minBytes 1048576 maxBytes 1048576 step: 1048576(bytes) warmup iters: 10 iters: 50 agg iters: 1 validation: 1 graph: 0
#
rccl-tests: Version develop_deprecated:40b1b17+
# Using devices
#  Rank  0 Group  0 Pid  31725 on crdnotebook-2076293935161401346-scnv1ejp8d-97304 device  0 [0000:04:00] K500SM_AI
#  Rank  1 Group  0 Pid  31726 on crdnotebook-2076293935161401346-scnv1ejp8d-97304 device  1 [0000:63:00] K500SM_AI
#  Rank  2 Group  0 Pid  31727 on crdnotebook-2076293935161401346-scnv1ejp8d-97304 device  2 [0000:43:00] K500SM_AI
#  Rank  3 Group  0 Pid  31728 on crdnotebook-2076293935161401346-scnv1ejp8d-97304 device  3 [0000:27:00] K500SM_AI
#
#                                                              out-of-place         
#       size         count      type   redop    root     time   algbw   busbw #wrong                               
#        (B)    (elements)                               (us)  (GB/s)  (GB/s)                                       
     1048576        262144     float     sum      -1    197.5    5.31    7.96      0
# Errors with asterisks indicate errors that have exceeded the maximum threshold.
# Out of bounds values : 0 OK
# Avg bus bandwidth    : 7.96415 
#
# Collective test concluded: all_reduce_perf

# EXIT_STATUS 0
