# Collective test starting: all_gather_perf
# nThread 1 nGpus 1 minBytes 1048576 maxBytes 1048576 step: 1048576(bytes) warmup iters: 10 iters: 50 agg iters: 1 validation: 1 graph: 0
#
rccl-tests: Version develop_deprecated:40b1b17+
# Using devices
#  Rank  0 Group  0 Pid  18854 on crdnotebook-2076293935161401346-scnv1ejp8d-97304 device  0 [0000:04:00] K500SM_AI
#  Rank  1 Group  0 Pid  18855 on crdnotebook-2076293935161401346-scnv1ejp8d-97304 device  1 [0000:27:00] K500SM_AI
#  Rank  2 Group  0 Pid  18856 on crdnotebook-2076293935161401346-scnv1ejp8d-97304 device  2 [0000:43:00] K500SM_AI
#  Rank  3 Group  0 Pid  18857 on crdnotebook-2076293935161401346-scnv1ejp8d-97304 device  3 [0000:63:00] K500SM_AI

crdnotebook-2076293935161401346-scnv1ejp8d-97304:18854:18854 [0] /data/jenkins_workspace/workspace/rccl_release/build/hipify/src/init.cc:170 NCCL WARN NUMA auto balancing enabled which can lead to variability in the RCCL performance! Disable by "sudo sysctl kernel.numa_balancing=0"
crdnotebook-2076293935161401346-scnv1ejp8d-97304:18854:18854 [0] NCCL INFO Kernel version: 3.10.0-957.el7.x86_64

crdnotebook-2076293935161401346-scnv1ejp8d-97304:18854:18854 [0] /data/jenkins_workspace/workspace/rccl_release/build/hipify/src/init.cc:191 NCCL WARN Missing "iommu=pt" from kernel command line which can lead to system instablity or hang!
crdnotebook-2076293935161401346-scnv1ejp8d-97304:18854:18854 [0] NCCL INFO Disabled GDRCopy equivalent memory allocation on gfx928 due to GPU architecture
crdnotebook-2076293935161401346-scnv1ejp8d-97304:18854:18854 [0] NCCL INFO Bootstrap : Using eth0:172.20.45.76<0>
crdnotebook-2076293935161401346-scnv1ejp8d-97304:18854:18854 [0] NCCL INFO ROCr version 1.11
crdnotebook-2076293935161401346-scnv1ejp8d-97304:18854:18854 [0] NCCL INFO Dmabuf feature disabled without NCCL_DMABUF_ENABLE=1
crdnotebook-2076293935161401346-scnv1ejp8d-97304:18855:18855 [1] NCCL INFO ROCr version 1.11
crdnotebook-2076293935161401346-scnv1ejp8d-97304:18855:18855 [1] NCCL INFO Dmabuf feature disabled without NCCL_DMABUF_ENABLE=1

crdnotebook-2076293935161401346-scnv1ejp8d-97304:18855:18855 [1] /data/jenkins_workspace/workspace/rccl_release/build/hipify/src/init.cc:170 NCCL WARN NUMA auto balancing enabled which can lead to variability in the RCCL performance! Disable by "sudo sysctl kernel.numa_balancing=0"
crdnotebook-2076293935161401346-scnv1ejp8d-97304:18857:18857 [3] NCCL INFO ROCr version 1.11
crdnotebook-2076293935161401346-scnv1ejp8d-97304:18857:18857 [3] NCCL INFO Dmabuf feature disabled without NCCL_DMABUF_ENABLE=1

crdnotebook-2076293935161401346-scnv1ejp8d-97304:18857:18857 [3] /data/jenkins_workspace/workspace/rccl_release/build/hipify/src/init.cc:170 NCCL WARN NUMA auto balancing enabled which can lead to variability in the RCCL performance! Disable by "sudo sysctl kernel.numa_balancing=0"

crdnotebook-2076293935161401346-scnv1ejp8d-97304:18854:18854 [0] /data/jenkins_workspace/workspace/rccl_release/build/hipify/src/init.cc:170 NCCL WARN NUMA auto balancing enabled which can lead to variability in the RCCL performance! Disable by "sudo sysctl kernel.numa_balancing=0"
crdnotebook-2076293935161401346-scnv1ejp8d-97304:18854:18854 [0] NCCL INFO Kernel version: 3.10.0-957.el7.x86_64
crdnotebook-2076293935161401346-scnv1ejp8d-97304:18856:18856 [2] NCCL INFO ROCr version 1.11
crdnotebook-2076293935161401346-scnv1ejp8d-97304:18856:18856 [2] NCCL INFO Dmabuf feature disabled without NCCL_DMABUF_ENABLE=1

crdnotebook-2076293935161401346-scnv1ejp8d-97304:18856:18856 [2] /data/jenkins_workspace/workspace/rccl_release/build/hipify/src/init.cc:170 NCCL WARN NUMA auto balancing enabled which can lead to variability in the RCCL performance! Disable by "sudo sysctl kernel.numa_balancing=0"
crdnotebook-2076293935161401346-scnv1ejp8d-97304:18855:18855 [1] NCCL INFO Kernel version: 3.10.0-957.el7.x86_64
crdnotebook-2076293935161401346-scnv1ejp8d-97304:18857:18857 [3] NCCL INFO Kernel version: 3.10.0-957.el7.x86_64
crdnotebook-2076293935161401346-scnv1ejp8d-97304:18856:18856 [2] NCCL INFO Kernel version: 3.10.0-957.el7.x86_64

crdnotebook-2076293935161401346-scnv1ejp8d-97304:18854:18854 [0] /data/jenkins_workspace/workspace/rccl_release/build/hipify/src/init.cc:191 NCCL WARN Missing "iommu=pt" from kernel command line which can lead to system instablity or hang!
crdnotebook-2076293935161401346-scnv1ejp8d-97304:18854:18854 [0] NCCL INFO RCCL version : 2.22.3-HEAD:19c80f7
HIP version  : 6.3.26102-a22a51fa
ROCm version : 6.3.3.0-0-c1d64df
Hostname     : crdnotebook-2076293935161401346-scnv1ejp8d-97304
Librccl path : /opt/dtk/lib/librccl.so.1

crdnotebook-2076293935161401346-scnv1ejp8d-97304:18855:18855 [1] /data/jenkins_workspace/workspace/rccl_release/build/hipify/src/init.cc:191 NCCL WARN Missing "iommu=pt" from kernel command line which can lead to system instablity or hang!
crdnotebook-2076293935161401346-scnv1ejp8d-97304:18855:18855 [1] NCCL INFO Disabled GDRCopy equivalent memory allocation on gfx928 due to GPU architecture

crdnotebook-2076293935161401346-scnv1ejp8d-97304:18857:18857 [3] /data/jenkins_workspace/workspace/rccl_release/build/hipify/src/init.cc:191 NCCL WARN Missing "iommu=pt" from kernel command line which can lead to system instablity or hang!
crdnotebook-2076293935161401346-scnv1ejp8d-97304:18857:18857 [3] NCCL INFO Disabled GDRCopy equivalent memory allocation on gfx928 due to GPU architecture

crdnotebook-2076293935161401346-scnv1ejp8d-97304:18856:18856 [2] /data/jenkins_workspace/workspace/rccl_release/build/hipify/src/init.cc:191 NCCL WARN Missing "iommu=pt" from kernel command line which can lead to system instablity or hang!
crdnotebook-2076293935161401346-scnv1ejp8d-97304:18856:18856 [2] NCCL INFO Disabled GDRCopy equivalent memory allocation on gfx928 due to GPU architecture
crdnotebook-2076293935161401346-scnv1ejp8d-97304:18857:18857 [3] NCCL INFO Bootstrap : Using eth0:172.20.45.76<0>
crdnotebook-2076293935161401346-scnv1ejp8d-97304:18855:18855 [1] NCCL INFO Bootstrap : Using eth0:172.20.45.76<0>
crdnotebook-2076293935161401346-scnv1ejp8d-97304:18855:18855 [1] NCCL INFO RCCL version : 2.22.3-HEAD:19c80f7
HIP version  : 6.3.26102-a22a51fa
ROCm version : 6.3.3.0-0-c1d64df
Hostname     : crdnotebook-2076293935161401346-scnv1ejp8d-97304
Librccl path : /opt/dtk/lib/librccl.so.1
crdnotebook-2076293935161401346-scnv1ejp8d-97304:18856:18856 [2] NCCL INFO Bootstrap : Using eth0:172.20.45.76<0>
crdnotebook-2076293935161401346-scnv1ejp8d-97304:18856:18856 [2] NCCL INFO RCCL version : 2.22.3-HEAD:19c80f7
HIP version  : 6.3.26102-a22a51fa
ROCm version : 6.3.3.0-0-c1d64df
Hostname     : crdnotebook-2076293935161401346-scnv1ejp8d-97304
Librccl path : /opt/dtk/lib/librccl.so.1
crdnotebook-2076293935161401346-scnv1ejp8d-97304:18857:18857 [3] NCCL INFO RCCL version : 2.22.3-HEAD:19c80f7
HIP version  : 6.3.26102-a22a51fa
ROCm version : 6.3.3.0-0-c1d64df
Hostname     : crdnotebook-2076293935161401346-scnv1ejp8d-97304
Librccl path : /opt/dtk/lib/librccl.so.1
crdnotebook-2076293935161401346-scnv1ejp8d-97304:18854:18879 [0] NCCL INFO NET/Plugin: Could not find: librccl-net.so. Using internal network plugin.
crdnotebook-2076293935161401346-scnv1ejp8d-97304:18855:18880 [1] NCCL INFO NET/Plugin: Could not find: librccl-net.so. Using internal network plugin.
crdnotebook-2076293935161401346-scnv1ejp8d-97304:18854:18879 [0] NCCL INFO NET/IB : No device found.
crdnotebook-2076293935161401346-scnv1ejp8d-97304:18855:18880 [1] NCCL INFO NET/IB : No device found.
crdnotebook-2076293935161401346-scnv1ejp8d-97304:18854:18879 [0] NCCL INFO NET/Socket : Using [0]eth0:172.20.45.76<0>
crdnotebook-2076293935161401346-scnv1ejp8d-97304:18854:18879 [0] NCCL INFO Using network Socket
crdnotebook-2076293935161401346-scnv1ejp8d-97304:18855:18880 [1] NCCL INFO NET/Socket : Using [0]eth0:172.20.45.76<0>
crdnotebook-2076293935161401346-scnv1ejp8d-97304:18855:18880 [1] NCCL INFO Using network Socket
crdnotebook-2076293935161401346-scnv1ejp8d-97304:18857:18882 [3] NCCL INFO NET/Plugin: Could not find: librccl-net.so. Using internal network plugin.
crdnotebook-2076293935161401346-scnv1ejp8d-97304:18856:18881 [2] NCCL INFO NET/Plugin: Could not find: librccl-net.so. Using internal network plugin.
crdnotebook-2076293935161401346-scnv1ejp8d-97304:18857:18882 [3] NCCL INFO NET/IB : No device found.
crdnotebook-2076293935161401346-scnv1ejp8d-97304:18856:18881 [2] NCCL INFO NET/IB : No device found.
crdnotebook-2076293935161401346-scnv1ejp8d-97304:18857:18882 [3] NCCL INFO NET/Socket : Using [0]eth0:172.20.45.76<0>
crdnotebook-2076293935161401346-scnv1ejp8d-97304:18857:18882 [3] NCCL INFO Using network Socket
crdnotebook-2076293935161401346-scnv1ejp8d-97304:18856:18881 [2] NCCL INFO NET/Socket : Using [0]eth0:172.20.45.76<0>
crdnotebook-2076293935161401346-scnv1ejp8d-97304:18856:18881 [2] NCCL INFO Using network Socket
crdnotebook-2076293935161401346-scnv1ejp8d-97304:18855:18880 [1] NCCL INFO rocm_smi_lib: version 7.6.0.0
crdnotebook-2076293935161401346-scnv1ejp8d-97304:18854:18879 [0] NCCL INFO rocm_smi_lib: version 7.6.0.0
crdnotebook-2076293935161401346-scnv1ejp8d-97304:18857:18882 [3] NCCL INFO rocm_smi_lib: version 7.6.0.0
crdnotebook-2076293935161401346-scnv1ejp8d-97304:18856:18881 [2] NCCL INFO rocm_smi_lib: version 7.6.0.0
crdnotebook-2076293935161401346-scnv1ejp8d-97304:18857:18882 [3] NCCL INFO ncclCommInitRank comm 0x196d600 rank 3 nranks 4 cudaDev 3 nvmlDev 3 busId 63000 commId 0xa7cf40e0eb7def35 - Init START
crdnotebook-2076293935161401346-scnv1ejp8d-97304:18857:18882 [3] NCCL INFO rank:3 get match hsa dev domain:0x0 bdf:0x6300 rank busId:0x405504
crdnotebook-2076293935161401346-scnv1ejp8d-97304:18854:18879 [0] NCCL INFO ncclCommInitRank comm 0xd3a060 rank 0 nranks 4 cudaDev 0 nvmlDev 0 busId 4000 commId 0xa7cf40e0eb7def35 - Init START
crdnotebook-2076293935161401346-scnv1ejp8d-97304:18854:18879 [0] NCCL INFO rank:0 get match hsa dev domain:0x0 bdf:0x400 rank busId:0x16384
crdnotebook-2076293935161401346-scnv1ejp8d-97304:18854:18879 [0] NCCL INFO Could not open /sys/module/hycu/parameters/xdp_size, XDP is disabled
crdnotebook-2076293935161401346-scnv1ejp8d-97304:18856:18881 [2] NCCL INFO ncclCommInitRank comm 0x18565f0 rank 2 nranks 4 cudaDev 2 nvmlDev 2 busId 43000 commId 0xa7cf40e0eb7def35 - Init START
crdnotebook-2076293935161401346-scnv1ejp8d-97304:18856:18881 [2] NCCL INFO rank:2 get match hsa dev domain:0x0 bdf:0x4300 rank busId:0x274432
crdnotebook-2076293935161401346-scnv1ejp8d-97304:18856:18881 [2] NCCL INFO Could not open /sys/module/hycu/parameters/xdp_size, XDP is disabled
crdnotebook-2076293935161401346-scnv1ejp8d-97304:18855:18880 [1] NCCL INFO ncclCommInitRank comm 0x1c5b610 rank 1 nranks 4 cudaDev 1 nvmlDev 1 busId 27000 commId 0xa7cf40e0eb7def35 - Init START
crdnotebook-2076293935161401346-scnv1ejp8d-97304:18855:18880 [1] NCCL INFO rank:1 get match hsa dev domain:0x0 bdf:0x2700 rank busId:0x159744
crdnotebook-2076293935161401346-scnv1ejp8d-97304:18855:18880 [1] NCCL INFO Could not open /sys/module/hycu/parameters/xdp_size, XDP is disabled
crdnotebook-2076293935161401346-scnv1ejp8d-97304:18857:18882 [3] NCCL INFO Could not open /sys/module/hycu/parameters/xdp_size, XDP is disabled
crdnotebook-2076293935161401346-scnv1ejp8d-97304:18857:18882 [3] NCCL INFO gpu key:GPU_0 busIdList: | 0000:04:00.0 | 0000:02:00.0 

crdnotebook-2076293935161401346-scnv1ejp8d-97304:18855:18880 [1] NCCL INFO gpu key:GPU_0 busIdList: | 0000:04:00.0 | 0000:02:00.0 

crdnotebook-2076293935161401346-scnv1ejp8d-97304:18857:18882 [3] NCCL INFO gpu key:GPU_1 busIdList: | 0000:27:00.0 | 0000:25:00.0 

crdnotebook-2076293935161401346-scnv1ejp8d-97304:18854:18879 [0] NCCL INFO gpu key:GPU_0 busIdList: | 0000:04:00.0 | 0000:02:00.0 

crdnotebook-2076293935161401346-scnv1ejp8d-97304:18856:18881 [2] NCCL INFO gpu key:GPU_0 busIdList: | 0000:04:00.0 | 0000:02:00.0 

crdnotebook-2076293935161401346-scnv1ejp8d-97304:18855:18880 [1] NCCL INFO gpu key:GPU_1 busIdList: | 0000:27:00.0 | 0000:25:00.0 

crdnotebook-2076293935161401346-scnv1ejp8d-97304:18854:18879 [0] NCCL INFO gpu key:GPU_1 busIdList: | 0000:27:00.0 | 0000:25:00.0 

crdnotebook-2076293935161401346-scnv1ejp8d-97304:18857:18882 [3] NCCL INFO gpu key:GPU_2 busIdList: | 0000:43:00.0 | 0000:41:00.0 

crdnotebook-2076293935161401346-scnv1ejp8d-97304:18855:18880 [1] NCCL INFO gpu key:GPU_2 busIdList: | 0000:43:00.0 | 0000:41:00.0 

crdnotebook-2076293935161401346-scnv1ejp8d-97304:18856:18881 [2] NCCL INFO gpu key:GPU_1 busIdList: | 0000:27:00.0 | 0000:25:00.0 

crdnotebook-2076293935161401346-scnv1ejp8d-97304:18854:18879 [0] NCCL INFO gpu key:GPU_2 busIdList: | 0000:43:00.0 | 0000:41:00.0 

crdnotebook-2076293935161401346-scnv1ejp8d-97304:18857:18882 [3] NCCL INFO gpu key:GPU_3 busIdList: | 0000:63:00.0 | 0000:61:00.0 

crdnotebook-2076293935161401346-scnv1ejp8d-97304:18857:18882 [3] NCCL INFO pcieSwitch busIdList : | 0000:02:00.0 | 0000:25:00.0 | 0000:41:00.0 | 0000:61:00.0 

crdnotebook-2076293935161401346-scnv1ejp8d-97304:18855:18880 [1] NCCL INFO gpu key:GPU_3 busIdList: | 0000:63:00.0 | 0000:61:00.0 

crdnotebook-2076293935161401346-scnv1ejp8d-97304:18855:18880 [1] NCCL INFO pcieSwitch busIdList : | 0000:02:00.0 | 0000:25:00.0 | 0000:41:00.0 | 0000:61:00.0 

crdnotebook-2076293935161401346-scnv1ejp8d-97304:18856:18881 [2] NCCL INFO gpu key:GPU_2 busIdList: | 0000:43:00.0 | 0000:41:00.0 


crdnotebook-2076293935161401346-scnv1ejp8d-97304:18857:18882 [3] /data/jenkins_workspace/workspace/rccl_release/build/hipify/src/graph/xml.cc:1839 NCCL WARN Unable to obtain the pciPath[NULL] or name[eth0] attributes from NetProperties.
crdnotebook-2076293935161401346-scnv1ejp8d-97304:18854:18879 [0] NCCL INFO gpu key:GPU_3 busIdList: | 0000:63:00.0 | 0000:61:00.0 

crdnotebook-2076293935161401346-scnv1ejp8d-97304:18854:18879 [0] NCCL INFO pcieSwitch busIdList : | 0000:02:00.0 | 0000:25:00.0 | 0000:41:00.0 | 0000:61:00.0 


crdnotebook-2076293935161401346-scnv1ejp8d-97304:18855:18880 [1] /data/jenkins_workspace/workspace/rccl_release/build/hipify/src/graph/xml.cc:1839 NCCL WARN Unable to obtain the pciPath[NULL] or name[eth0] attributes from NetProperties.

crdnotebook-2076293935161401346-scnv1ejp8d-97304:18855:18880 [1] /data/jenkins_workspace/workspace/rccl_release/build/hipify/src/graph/xml.cc:1211 NCCL WARN No IB NIC found, the generation of the basic topology has been terminated.

crdnotebook-2076293935161401346-scnv1ejp8d-97304:18857:18882 [3] /data/jenkins_workspace/workspace/rccl_release/build/hipify/src/graph/xml.cc:1211 NCCL WARN No IB NIC found, the generation of the basic topology has been terminated.
crdnotebook-2076293935161401346-scnv1ejp8d-97304:18856:18881 [2] NCCL INFO gpu key:GPU_3 busIdList: | 0000:63:00.0 | 0000:61:00.0 

crdnotebook-2076293935161401346-scnv1ejp8d-97304:18856:18881 [2] NCCL INFO pcieSwitch busIdList : | 0000:02:00.0 | 0000:25:00.0 | 0000:41:00.0 | 0000:61:00.0 


crdnotebook-2076293935161401346-scnv1ejp8d-97304:18854:18879 [0] /data/jenkins_workspace/workspace/rccl_release/build/hipify/src/graph/xml.cc:1839 NCCL WARN Unable to obtain the pciPath[NULL] or name[eth0] attributes from NetProperties.

crdnotebook-2076293935161401346-scnv1ejp8d-97304:18854:18879 [0] /data/jenkins_workspace/workspace/rccl_release/build/hipify/src/graph/xml.cc:1211 NCCL WARN No IB NIC found, the generation of the basic topology has been terminated.

crdnotebook-2076293935161401346-scnv1ejp8d-97304:18856:18881 [2] /data/jenkins_workspace/workspace/rccl_release/build/hipify/src/graph/xml.cc:1839 NCCL WARN Unable to obtain the pciPath[NULL] or name[eth0] attributes from NetProperties.

crdnotebook-2076293935161401346-scnv1ejp8d-97304:18856:18881 [2] /data/jenkins_workspace/workspace/rccl_release/build/hipify/src/graph/xml.cc:1211 NCCL WARN No IB NIC found, the generation of the basic topology has been terminated.
crdnotebook-2076293935161401346-scnv1ejp8d-97304:18857:18882 [3] NCCL INFO Topology detection : could not read /sys/devices/pci0000:60/0000:60:01.1/0000:61:00.0/0000:62:00.0/0000:63:00.0/../max_link_speed, ignoring
crdnotebook-2076293935161401346-scnv1ejp8d-97304:18855:18880 [1] NCCL INFO Topology detection : could not read /sys/devices/pci0000:20/0000:20:03.1/0000:25:00.0/0000:26:00.0/0000:27:00.0/../max_link_speed, ignoring
crdnotebook-2076293935161401346-scnv1ejp8d-97304:18855:18880 [1] NCCL INFO Topology detection : could not read /sys/devices/pci0000:20/0000:20:03.1/0000:25:00.0/0000:26:00.0/0000:27:00.0/../max_link_width, ignoring
crdnotebook-2076293935161401346-scnv1ejp8d-97304:18857:18882 [3] NCCL INFO Topology detection : could not read /sys/devices/pci0000:60/0000:60:01.1/0000:61:00.0/0000:62:00.0/0000:63:00.0/../max_link_width, ignoring
crdnotebook-2076293935161401346-scnv1ejp8d-97304:18854:18879 [0] NCCL INFO Topology detection : could not read /sys/devices/pci0000:00/0000:00:03.1/0000:02:00.0/0000:03:00.0/0000:04:00.0/../max_link_speed, ignoring
crdnotebook-2076293935161401346-scnv1ejp8d-97304:18856:18881 [2] NCCL INFO Topology detection : could not read /sys/devices/pci0000:40/0000:40:01.1/0000:41:00.0/0000:42:00.0/0000:43:00.0/../max_link_speed, ignoring
crdnotebook-2076293935161401346-scnv1ejp8d-97304:18854:18879 [0] NCCL INFO Topology detection : could not read /sys/devices/pci0000:00/0000:00:03.1/0000:02:00.0/0000:03:00.0/0000:04:00.0/../max_link_width, ignoring
crdnotebook-2076293935161401346-scnv1ejp8d-97304:18856:18881 [2] NCCL INFO Topology detection : could not read /sys/devices/pci0000:40/0000:40:01.1/0000:41:00.0/0000:42:00.0/0000:43:00.0/../max_link_width, ignoring
crdnotebook-2076293935161401346-scnv1ejp8d-97304:18855:18880 [1] NCCL INFO Topology detection : could not read /sys/devices/pci0000:20/0000:20:03.1/0000:25:00.0/max_link_speed, ignoring
crdnotebook-2076293935161401346-scnv1ejp8d-97304:18857:18882 [3] NCCL INFO Topology detection : could not read /sys/devices/pci0000:60/0000:60:01.1/0000:61:00.0/max_link_speed, ignoring
crdnotebook-2076293935161401346-scnv1ejp8d-97304:18857:18882 [3] NCCL INFO Topology detection : could not read /sys/devices/pci0000:60/0000:60:01.1/0000:61:00.0/../max_link_speed, ignoring
crdnotebook-2076293935161401346-scnv1ejp8d-97304:18855:18880 [1] NCCL INFO Topology detection : could not read /sys/devices/pci0000:20/0000:20:03.1/0000:25:00.0/../max_link_speed, ignoring
crdnotebook-2076293935161401346-scnv1ejp8d-97304:18857:18882 [3] NCCL INFO Topology detection : could not read /sys/devices/pci0000:60/0000:60:01.1/0000:61:00.0/max_link_width, ignoring
crdnotebook-2076293935161401346-scnv1ejp8d-97304:18854:18879 [0] NCCL INFO Topology detection : could not read /sys/devices/pci0000:00/0000:00:03.1/0000:02:00.0/max_link_speed, ignoring
crdnotebook-2076293935161401346-scnv1ejp8d-97304:18855:18880 [1] NCCL INFO Topology detection : could not read /sys/devices/pci0000:20/0000:20:03.1/0000:25:00.0/max_link_width, ignoring
crdnotebook-2076293935161401346-scnv1ejp8d-97304:18855:18880 [1] NCCL INFO Topology detection : could not read /sys/devices/pci0000:20/0000:20:03.1/0000:25:00.0/../max_link_width, ignoring
crdnotebook-2076293935161401346-scnv1ejp8d-97304:18857:18882 [3] NCCL INFO Topology detection : could not read /sys/devices/pci0000:60/0000:60:01.1/0000:61:00.0/../max_link_width, ignoring
crdnotebook-2076293935161401346-scnv1ejp8d-97304:18854:18879 [0] NCCL INFO Topology detection : could not read /sys/devices/pci0000:00/0000:00:03.1/0000:02:00.0/../max_link_speed, ignoring
crdnotebook-2076293935161401346-scnv1ejp8d-97304:18854:18879 [0] NCCL INFO Topology detection : could not read /sys/devices/pci0000:00/0000:00:03.1/0000:02:00.0/max_link_width, ignoring
crdnotebook-2076293935161401346-scnv1ejp8d-97304:18854:18879 [0] NCCL INFO Topology detection : could not read /sys/devices/pci0000:00/0000:00:03.1/0000:02:00.0/../max_link_width, ignoring
crdnotebook-2076293935161401346-scnv1ejp8d-97304:18856:18881 [2] NCCL INFO Topology detection : could not read /sys/devices/pci0000:40/0000:40:01.1/0000:41:00.0/max_link_speed, ignoring
crdnotebook-2076293935161401346-scnv1ejp8d-97304:18856:18881 [2] NCCL INFO Topology detection : could not read /sys/devices/pci0000:40/0000:40:01.1/0000:41:00.0/../max_link_speed, ignoring
crdnotebook-2076293935161401346-scnv1ejp8d-97304:18856:18881 [2] NCCL INFO Topology detection : could not read /sys/devices/pci0000:40/0000:40:01.1/0000:41:00.0/max_link_width, ignoring
crdnotebook-2076293935161401346-scnv1ejp8d-97304:18857:18882 [3] NCCL INFO rocm_smi_lib: version 7.6.0.0
crdnotebook-2076293935161401346-scnv1ejp8d-97304:18855:18880 [1] NCCL INFO rocm_smi_lib: version 7.6.0.0
crdnotebook-2076293935161401346-scnv1ejp8d-97304:18856:18881 [2] NCCL INFO Topology detection : could not read /sys/devices/pci0000:40/0000:40:01.1/0000:41:00.0/../max_link_width, ignoring
crdnotebook-2076293935161401346-scnv1ejp8d-97304:18854:18879 [0] NCCL INFO rocm_smi_lib: version 7.6.0.0
crdnotebook-2076293935161401346-scnv1ejp8d-97304:18856:18881 [2] NCCL INFO rocm_smi_lib: version 7.6.0.0
crdnotebook-2076293935161401346-scnv1ejp8d-97304:18857:18882 [3] NCCL INFO KV Convert to int : could not find value of 'HygonGenuine' in dictionary, falling back to 0
crdnotebook-2076293935161401346-scnv1ejp8d-97304:18857:18882 [3] NCCL INFO KV Convert to int : could not find value of '' in dictionary, falling back to 60
crdnotebook-2076293935161401346-scnv1ejp8d-97304:18855:18880 [1] NCCL INFO KV Convert to int : could not find value of 'HygonGenuine' in dictionary, falling back to 0
crdnotebook-2076293935161401346-scnv1ejp8d-97304:18857:18882 [3] NCCL INFO KV Convert to int : could not find value of 'HygonGenuine' in dictionary, falling back to 0
crdnotebook-2076293935161401346-scnv1ejp8d-97304:18857:18882 [3] NCCL INFO KV Convert to int : could not find value of '' in dictionary, falling back to 60
crdnotebook-2076293935161401346-scnv1ejp8d-97304:18857:18882 [3] NCCL INFO KV Convert to int : could not find value of 'HygonGenuine' in dictionary, falling back to 0
crdnotebook-2076293935161401346-scnv1ejp8d-97304:18855:18880 [1] NCCL INFO KV Convert to int : could not find value of '' in dictionary, falling back to 60
crdnotebook-2076293935161401346-scnv1ejp8d-97304:18855:18880 [1] NCCL INFO KV Convert to int : could not find value of 'HygonGenuine' in dictionary, falling back to 0
crdnotebook-2076293935161401346-scnv1ejp8d-97304:18855:18880 [1] NCCL INFO KV Convert to int : could not find value of '' in dictionary, falling back to 60
crdnotebook-2076293935161401346-scnv1ejp8d-97304:18855:18880 [1] NCCL INFO KV Convert to int : could not find value of 'HygonGenuine' in dictionary, falling back to 0
crdnotebook-2076293935161401346-scnv1ejp8d-97304:18855:18880 [1] NCCL INFO KV Convert to int : could not find value of '' in dictionary, falling back to 60
crdnotebook-2076293935161401346-scnv1ejp8d-97304:18855:18880 [1] NCCL INFO KV Convert to int : could not find value of 'HygonGenuine' in dictionary, falling back to 0
crdnotebook-2076293935161401346-scnv1ejp8d-97304:18857:18882 [3] NCCL INFO KV Convert to int : could not find value of '' in dictionary, falling back to 60
crdnotebook-2076293935161401346-scnv1ejp8d-97304:18857:18882 [3] NCCL INFO KV Convert to int : could not find value of 'HygonGenuine' in dictionary, falling back to 0
crdnotebook-2076293935161401346-scnv1ejp8d-97304:18855:18880 [1] NCCL INFO KV Convert to int : could not find value of '' in dictionary, falling back to 60
crdnotebook-2076293935161401346-scnv1ejp8d-97304:18857:18882 [3] NCCL INFO KV Convert to int : could not find value of '' in dictionary, falling back to 60
crdnotebook-2076293935161401346-scnv1ejp8d-97304:18857:18882 [3] NCCL INFO === System : maxBw 12.0 totalBw 24.0 ===
crdnotebook-2076293935161401346-scnv1ejp8d-97304:18857:18882 [3] NCCL INFO CPU/0-0 (1/0/-1)
crdnotebook-2076293935161401346-scnv1ejp8d-97304:18857:18882 [3] NCCL INFO + PCI[5000.0] - NIC/0-0
crdnotebook-2076293935161401346-scnv1ejp8d-97304:18857:18882 [3] NCCL INFO + SYS[5000.0] - CPU/1
crdnotebook-2076293935161401346-scnv1ejp8d-97304:18857:18882 [3] NCCL INFO + SYS[5000.0] - CPU/2
crdnotebook-2076293935161401346-scnv1ejp8d-97304:18855:18880 [1] NCCL INFO === System : maxBw 12.0 totalBw 24.0 ===
crdnotebook-2076293935161401346-scnv1ejp8d-97304:18855:18880 [1] NCCL INFO CPU/0-0 (1/0/-1)
crdnotebook-2076293935161401346-scnv1ejp8d-97304:18855:18880 [1] NCCL INFO + PCI[5000.0] - NIC/0-0
crdnotebook-2076293935161401346-scnv1ejp8d-97304:18855:18880 [1] NCCL INFO + SYS[5000.0] - CPU/1
crdnotebook-2076293935161401346-scnv1ejp8d-97304:18855:18880 [1] NCCL INFO + SYS[5000.0] - CPU/2
crdnotebook-2076293935161401346-scnv1ejp8d-97304:18855:18880 [1] NCCL INFO + SYS[5000.0] - CPU/3
crdnotebook-2076293935161401346-scnv1ejp8d-97304:18855:18880 [1] NCCL INFO + PCI[12.0] - PCI/0-2000 (1d9423b700000000)
crdnotebook-2076293935161401346-scnv1ejp8d-97304:18855:18880 [1] NCCL INFO               + PCI[24.0] - GPU/0-4000 (0)
crdnotebook-2076293935161401346-scnv1ejp8d-97304:18857:18882 [3] NCCL INFO + SYS[5000.0] - CPU/3
crdnotebook-2076293935161401346-scnv1ejp8d-97304:18857:18882 [3] NCCL INFO + PCI[12.0] - PCI/0-2000 (1d9423b700000000)
crdnotebook-2076293935161401346-scnv1ejp8d-97304:18857:18882 [3] NCCL INFO               + PCI[24.0] - GPU/0-4000 (0)
crdnotebook-2076293935161401346-scnv1ejp8d-97304:18857:18882 [3] NCCL INFO CPU/0-1 (1/0/-1)
crdnotebook-2076293935161401346-scnv1ejp8d-97304:18857:18882 [3] NCCL INFO + SYS[5000.0] - CPU/0
crdnotebook-2076293935161401346-scnv1ejp8d-97304:18855:18880 [1] NCCL INFO CPU/0-1 (1/0/-1)
crdnotebook-2076293935161401346-scnv1ejp8d-97304:18855:18880 [1] NCCL INFO + SYS[5000.0] - CPU/0
crdnotebook-2076293935161401346-scnv1ejp8d-97304:18855:18880 [1] NCCL INFO + SYS[5000.0] - CPU/2
crdnotebook-2076293935161401346-scnv1ejp8d-97304:18855:18880 [1] NCCL INFO + SYS[5000.0] - CPU/3
crdnotebook-2076293935161401346-scnv1ejp8d-97304:18855:18880 [1] NCCL INFO + PCI[12.0] - PCI/0-25000 (1d9423b700000000)
crdnotebook-2076293935161401346-scnv1ejp8d-97304:18855:18880 [1] NCCL INFO               + PCI[24.0] - GPU/0-27000 (1)
crdnotebook-2076293935161401346-scnv1ejp8d-97304:18855:18880 [1] NCCL INFO CPU/0-2 (1/0/-1)
crdnotebook-2076293935161401346-scnv1ejp8d-97304:18855:18880 [1] NCCL INFO + SYS[5000.0] - CPU/0
crdnotebook-2076293935161401346-scnv1ejp8d-97304:18855:18880 [1] NCCL INFO + SYS[5000.0] - CPU/1
crdnotebook-2076293935161401346-scnv1ejp8d-97304:18855:18880 [1] NCCL INFO + SYS[5000.0] - CPU/3
crdnotebook-2076293935161401346-scnv1ejp8d-97304:18857:18882 [3] NCCL INFO + SYS[5000.0] - CPU/2
crdnotebook-2076293935161401346-scnv1ejp8d-97304:18857:18882 [3] NCCL INFO + SYS[5000.0] - CPU/3
crdnotebook-2076293935161401346-scnv1ejp8d-97304:18857:18882 [3] NCCL INFO + PCI[12.0] - PCI/0-25000 (1d9423b700000000)
crdnotebook-2076293935161401346-scnv1ejp8d-97304:18857:18882 [3] NCCL INFO               + PCI[24.0] - GPU/0-27000 (1)
crdnotebook-2076293935161401346-scnv1ejp8d-97304:18857:18882 [3] NCCL INFO CPU/0-2 (1/0/-1)
crdnotebook-2076293935161401346-scnv1ejp8d-97304:18857:18882 [3] NCCL INFO + SYS[5000.0] - CPU/0
crdnotebook-2076293935161401346-scnv1ejp8d-97304:18857:18882 [3] NCCL INFO + SYS[5000.0] - CPU/1
crdnotebook-2076293935161401346-scnv1ejp8d-97304:18855:18880 [1] NCCL INFO + PCI[12.0] - PCI/0-41000 (1d9423b700000000)
crdnotebook-2076293935161401346-scnv1ejp8d-97304:18855:18880 [1] NCCL INFO               + PCI[24.0] - GPU/0-43000 (2)
crdnotebook-2076293935161401346-scnv1ejp8d-97304:18855:18880 [1] NCCL INFO CPU/0-3 (1/0/-1)
crdnotebook-2076293935161401346-scnv1ejp8d-97304:18855:18880 [1] NCCL INFO + SYS[5000.0] - CPU/0
crdnotebook-2076293935161401346-scnv1ejp8d-97304:18855:18880 [1] NCCL INFO + SYS[5000.0] - CPU/1
crdnotebook-2076293935161401346-scnv1ejp8d-97304:18855:18880 [1] NCCL INFO + SYS[5000.0] - CPU/2
crdnotebook-2076293935161401346-scnv1ejp8d-97304:18855:18880 [1] NCCL INFO + PCI[12.0] - PCI/0-61000 (1d9423b700000000)
crdnotebook-2076293935161401346-scnv1ejp8d-97304:18855:18880 [1] NCCL INFO               + PCI[24.0] - GPU/0-63000 (3)
crdnotebook-2076293935161401346-scnv1ejp8d-97304:18857:18882 [3] NCCL INFO + SYS[5000.0] - CPU/3
crdnotebook-2076293935161401346-scnv1ejp8d-97304:18857:18882 [3] NCCL INFO + PCI[12.0] - PCI/0-41000 (1d9423b700000000)
crdnotebook-2076293935161401346-scnv1ejp8d-97304:18857:18882 [3] NCCL INFO               + PCI[24.0] - GPU/0-43000 (2)
crdnotebook-2076293935161401346-scnv1ejp8d-97304:18857:18882 [3] NCCL INFO CPU/0-3 (1/0/-1)
crdnotebook-2076293935161401346-scnv1ejp8d-97304:18857:18882 [3] NCCL INFO + SYS[5000.0] - CPU/0
crdnotebook-2076293935161401346-scnv1ejp8d-97304:18857:18882 [3] NCCL INFO + SYS[5000.0] - CPU/1
crdnotebook-2076293935161401346-scnv1ejp8d-97304:18857:18882 [3] NCCL INFO + SYS[5000.0] - CPU/2
crdnotebook-2076293935161401346-scnv1ejp8d-97304:18857:18882 [3] NCCL INFO + PCI[12.0] - PCI/0-61000 (1d9423b700000000)
crdnotebook-2076293935161401346-scnv1ejp8d-97304:18855:18880 [1] NCCL INFO ==========================================
crdnotebook-2076293935161401346-scnv1ejp8d-97304:18855:18880 [1] NCCL INFO GPU/4000 :GPU/0-4000 (0/5000.0/LOC) GPU/0-27000 (5/12.0/SYS) GPU/0-43000 (5/12.0/SYS) GPU/0-63000 (5/12.0/SYS) CPU/0-0 (2/12.0/PHB) CPU/0-1 (3/12.0/SYS) CPU/0-2 (3/12.0/SYS) CPU/0-3 (3/12.0/SYS) 
crdnotebook-2076293935161401346-scnv1ejp8d-97304:18855:18880 [1] NCCL INFO GPU/27000 :GPU/0-4000 (5/12.0/SYS) GPU/0-27000 (0/5000.0/LOC) GPU/0-43000 (5/12.0/SYS) GPU/0-63000 (5/12.0/SYS) CPU/0-0 (3/12.0/SYS) CPU/0-1 (2/12.0/PHB) CPU/0-2 (3/12.0/SYS) CPU/0-3 (3/12.0/SYS) 
crdnotebook-2076293935161401346-scnv1ejp8d-97304:18857:18882 [3] NCCL INFO               + PCI[24.0] - GPU/0-63000 (3)
crdnotebook-2076293935161401346-scnv1ejp8d-97304:18857:18882 [3] NCCL INFO ==========================================
crdnotebook-2076293935161401346-scnv1ejp8d-97304:18857:18882 [3] NCCL INFO GPU/4000 :GPU/0-4000 (0/5000.0/LOC) GPU/0-27000 (5/12.0/SYS) GPU/0-43000 (5/12.0/SYS) GPU/0-63000 (5/12.0/SYS) CPU/0-0 (2/12.0/PHB) CPU/0-1 (3/12.0/SYS) CPU/0-2 (3/12.0/SYS) CPU/0-3 (3/12.0/SYS) 
crdnotebook-2076293935161401346-scnv1ejp8d-97304:18855:18880 [1] NCCL INFO GPU/43000 :GPU/0-4000 (5/12.0/SYS) GPU/0-27000 (5/12.0/SYS) GPU/0-43000 (0/5000.0/LOC) GPU/0-63000 (5/12.0/SYS) CPU/0-0 (3/12.0/SYS) CPU/0-1 (3/12.0/SYS) CPU/0-2 (2/12.0/PHB) CPU/0-3 (3/12.0/SYS) 
crdnotebook-2076293935161401346-scnv1ejp8d-97304:18855:18880 [1] NCCL INFO GPU/63000 :GPU/0-4000 (5/12.0/SYS) GPU/0-27000 (5/12.0/SYS) GPU/0-43000 (5/12.0/SYS) GPU/0-63000 (0/5000.0/LOC) CPU/0-0 (3/12.0/SYS) CPU/0-1 (3/12.0/SYS) CPU/0-2 (3/12.0/SYS) CPU/0-3 (2/12.0/PHB) 
crdnotebook-2076293935161401346-scnv1ejp8d-97304:18857:18882 [3] NCCL INFO GPU/27000 :GPU/0-4000 (5/12.0/SYS) GPU/0-27000 (0/5000.0/LOC) GPU/0-43000 (5/12.0/SYS) GPU/0-63000 (5/12.0/SYS) CPU/0-0 (3/12.0/SYS) CPU/0-1 (2/12.0/PHB) CPU/0-2 (3/12.0/SYS) CPU/0-3 (3/12.0/SYS) 
crdnotebook-2076293935161401346-scnv1ejp8d-97304:18857:18882 [3] NCCL INFO GPU/43000 :GPU/0-4000 (5/12.0/SYS) GPU/0-27000 (5/12.0/SYS) GPU/0-43000 (0/5000.0/LOC) GPU/0-63000 (5/12.0/SYS) CPU/0-0 (3/12.0/SYS) CPU/0-1 (3/12.0/SYS) CPU/0-2 (2/12.0/PHB) CPU/0-3 (3/12.0/SYS) 
crdnotebook-2076293935161401346-scnv1ejp8d-97304:18857:18882 [3] NCCL INFO GPU/63000 :GPU/0-4000 (5/12.0/SYS) GPU/0-27000 (5/12.0/SYS) GPU/0-43000 (5/12.0/SYS) GPU/0-63000 (0/5000.0/LOC) CPU/0-0 (3/12.0/SYS) CPU/0-1 (3/12.0/SYS) CPU/0-2 (3/12.0/SYS) CPU/0-3 (2/12.0/PHB) 
crdnotebook-2076293935161401346-scnv1ejp8d-97304:18855:18880 [1] NCCL INFO Rank:1 link topo type is only pcie
crdnotebook-2076293935161401346-scnv1ejp8d-97304:18855:18880 [1] NCCL INFO Transport init rank 1 useXdp 0 linkTopoType 3
crdnotebook-2076293935161401346-scnv1ejp8d-97304:18857:18882 [3] NCCL INFO Rank:3 link topo type is only pcie
crdnotebook-2076293935161401346-scnv1ejp8d-97304:18857:18882 [3] NCCL INFO Transport init rank 3 useXdp 0 linkTopoType 3
crdnotebook-2076293935161401346-scnv1ejp8d-97304:18854:18879 [0] NCCL INFO KV Convert to int : could not find value of 'HygonGenuine' in dictionary, falling back to 0
crdnotebook-2076293935161401346-scnv1ejp8d-97304:18854:18879 [0] NCCL INFO KV Convert to int : could not find value of '' in dictionary, falling back to 60
crdnotebook-2076293935161401346-scnv1ejp8d-97304:18854:18879 [0] NCCL INFO KV Convert to int : could not find value of 'HygonGenuine' in dictionary, falling back to 0
crdnotebook-2076293935161401346-scnv1ejp8d-97304:18854:18879 [0] NCCL INFO KV Convert to int : could not find value of '' in dictionary, falling back to 60
crdnotebook-2076293935161401346-scnv1ejp8d-97304:18854:18879 [0] NCCL INFO KV Convert to int : could not find value of 'HygonGenuine' in dictionary, falling back to 0
crdnotebook-2076293935161401346-scnv1ejp8d-97304:18854:18879 [0] NCCL INFO KV Convert to int : could not find value of '' in dictionary, falling back to 60
crdnotebook-2076293935161401346-scnv1ejp8d-97304:18854:18879 [0] NCCL INFO KV Convert to int : could not find value of 'HygonGenuine' in dictionary, falling back to 0
crdnotebook-2076293935161401346-scnv1ejp8d-97304:18854:18879 [0] NCCL INFO KV Convert to int : could not find value of '' in dictionary, falling back to 60
crdnotebook-2076293935161401346-scnv1ejp8d-97304:18856:18881 [2] NCCL INFO KV Convert to int : could not find value of 'HygonGenuine' in dictionary, falling back to 0
crdnotebook-2076293935161401346-scnv1ejp8d-97304:18856:18881 [2] NCCL INFO KV Convert to int : could not find value of '' in dictionary, falling back to 60
crdnotebook-2076293935161401346-scnv1ejp8d-97304:18856:18881 [2] NCCL INFO KV Convert to int : could not find value of 'HygonGenuine' in dictionary, falling back to 0
crdnotebook-2076293935161401346-scnv1ejp8d-97304:18856:18881 [2] NCCL INFO KV Convert to int : could not find value of '' in dictionary, falling back to 60
crdnotebook-2076293935161401346-scnv1ejp8d-97304:18856:18881 [2] NCCL INFO KV Convert to int : could not find value of 'HygonGenuine' in dictionary, falling back to 0
crdnotebook-2076293935161401346-scnv1ejp8d-97304:18856:18881 [2] NCCL INFO KV Convert to int : could not find value of '' in dictionary, falling back to 60
crdnotebook-2076293935161401346-scnv1ejp8d-97304:18856:18881 [2] NCCL INFO KV Convert to int : could not find value of 'HygonGenuine' in dictionary, falling back to 0
crdnotebook-2076293935161401346-scnv1ejp8d-97304:18856:18881 [2] NCCL INFO KV Convert to int : could not find value of '' in dictionary, falling back to 60
crdnotebook-2076293935161401346-scnv1ejp8d-97304:18854:18879 [0] NCCL INFO === System : maxBw 12.0 totalBw 24.0 ===
crdnotebook-2076293935161401346-scnv1ejp8d-97304:18854:18879 [0] NCCL INFO CPU/0-0 (1/0/-1)
crdnotebook-2076293935161401346-scnv1ejp8d-97304:18854:18879 [0] NCCL INFO + PCI[5000.0] - NIC/0-0
crdnotebook-2076293935161401346-scnv1ejp8d-97304:18854:18879 [0] NCCL INFO + SYS[5000.0] - CPU/1
crdnotebook-2076293935161401346-scnv1ejp8d-97304:18854:18879 [0] NCCL INFO + SYS[5000.0] - CPU/2
crdnotebook-2076293935161401346-scnv1ejp8d-97304:18854:18879 [0] NCCL INFO + SYS[5000.0] - CPU/3
crdnotebook-2076293935161401346-scnv1ejp8d-97304:18854:18879 [0] NCCL INFO + PCI[12.0] - PCI/0-2000 (1d9423b700000000)
crdnotebook-2076293935161401346-scnv1ejp8d-97304:18854:18879 [0] NCCL INFO               + PCI[24.0] - GPU/0-4000 (0)
crdnotebook-2076293935161401346-scnv1ejp8d-97304:18854:18879 [0] NCCL INFO CPU/0-1 (1/0/-1)
crdnotebook-2076293935161401346-scnv1ejp8d-97304:18854:18879 [0] NCCL INFO + SYS[5000.0] - CPU/0
crdnotebook-2076293935161401346-scnv1ejp8d-97304:18854:18879 [0] NCCL INFO + SYS[5000.0] - CPU/2
crdnotebook-2076293935161401346-scnv1ejp8d-97304:18854:18879 [0] NCCL INFO + SYS[5000.0] - CPU/3
crdnotebook-2076293935161401346-scnv1ejp8d-97304:18854:18879 [0] NCCL INFO + PCI[12.0] - PCI/0-25000 (1d9423b700000000)
crdnotebook-2076293935161401346-scnv1ejp8d-97304:18854:18879 [0] NCCL INFO               + PCI[24.0] - GPU/0-27000 (1)
crdnotebook-2076293935161401346-scnv1ejp8d-97304:18854:18879 [0] NCCL INFO CPU/0-2 (1/0/-1)
crdnotebook-2076293935161401346-scnv1ejp8d-97304:18854:18879 [0] NCCL INFO + SYS[5000.0] - CPU/0
crdnotebook-2076293935161401346-scnv1ejp8d-97304:18854:18879 [0] NCCL INFO + SYS[5000.0] - CPU/1
crdnotebook-2076293935161401346-scnv1ejp8d-97304:18854:18879 [0] NCCL INFO + SYS[5000.0] - CPU/3
crdnotebook-2076293935161401346-scnv1ejp8d-97304:18854:18879 [0] NCCL INFO + PCI[12.0] - PCI/0-41000 (1d9423b700000000)
crdnotebook-2076293935161401346-scnv1ejp8d-97304:18854:18879 [0] NCCL INFO               + PCI[24.0] - GPU/0-43000 (2)
crdnotebook-2076293935161401346-scnv1ejp8d-97304:18854:18879 [0] NCCL INFO CPU/0-3 (1/0/-1)
crdnotebook-2076293935161401346-scnv1ejp8d-97304:18854:18879 [0] NCCL INFO + SYS[5000.0] - CPU/0
crdnotebook-2076293935161401346-scnv1ejp8d-97304:18854:18879 [0] NCCL INFO + SYS[5000.0] - CPU/1
crdnotebook-2076293935161401346-scnv1ejp8d-97304:18854:18879 [0] NCCL INFO + SYS[5000.0] - CPU/2
crdnotebook-2076293935161401346-scnv1ejp8d-97304:18854:18879 [0] NCCL INFO + PCI[12.0] - PCI/0-61000 (1d9423b700000000)
crdnotebook-2076293935161401346-scnv1ejp8d-97304:18854:18879 [0] NCCL INFO               + PCI[24.0] - GPU/0-63000 (3)
crdnotebook-2076293935161401346-scnv1ejp8d-97304:18854:18879 [0] NCCL INFO ==========================================
crdnotebook-2076293935161401346-scnv1ejp8d-97304:18854:18879 [0] NCCL INFO GPU/4000 :GPU/0-4000 (0/5000.0/LOC) GPU/0-27000 (5/12.0/SYS) GPU/0-43000 (5/12.0/SYS) GPU/0-63000 (5/12.0/SYS) CPU/0-0 (2/12.0/PHB) CPU/0-1 (3/12.0/SYS) CPU/0-2 (3/12.0/SYS) CPU/0-3 (3/12.0/SYS) 
crdnotebook-2076293935161401346-scnv1ejp8d-97304:18854:18879 [0] NCCL INFO GPU/27000 :GPU/0-4000 (5/12.0/SYS) GPU/0-27000 (0/5000.0/LOC) GPU/0-43000 (5/12.0/SYS) GPU/0-63000 (5/12.0/SYS) CPU/0-0 (3/12.0/SYS) CPU/0-1 (2/12.0/PHB) CPU/0-2 (3/12.0/SYS) CPU/0-3 (3/12.0/SYS) 
crdnotebook-2076293935161401346-scnv1ejp8d-97304:18854:18879 [0] NCCL INFO GPU/43000 :GPU/0-4000 (5/12.0/SYS) GPU/0-27000 (5/12.0/SYS) GPU/0-43000 (0/5000.0/LOC) GPU/0-63000 (5/12.0/SYS) CPU/0-0 (3/12.0/SYS) CPU/0-1 (3/12.0/SYS) CPU/0-2 (2/12.0/PHB) CPU/0-3 (3/12.0/SYS) 
crdnotebook-2076293935161401346-scnv1ejp8d-97304:18854:18879 [0] NCCL INFO GPU/63000 :GPU/0-4000 (5/12.0/SYS) GPU/0-27000 (5/12.0/SYS) GPU/0-43000 (5/12.0/SYS) GPU/0-63000 (0/5000.0/LOC) CPU/0-0 (3/12.0/SYS) CPU/0-1 (3/12.0/SYS) CPU/0-2 (3/12.0/SYS) CPU/0-3 (2/12.0/PHB) 
crdnotebook-2076293935161401346-scnv1ejp8d-97304:18854:18879 [0] NCCL INFO Setting affinity for GPU 0 to 01
crdnotebook-2076293935161401346-scnv1ejp8d-97304:18854:18879 [0] NCCL INFO Rank:0 link topo type is only pcie
crdnotebook-2076293935161401346-scnv1ejp8d-97304:18854:18879 [0] NCCL INFO Transport init rank 0 useXdp 0 linkTopoType 3
crdnotebook-2076293935161401346-scnv1ejp8d-97304:18856:18881 [2] NCCL INFO === System : maxBw 12.0 totalBw 24.0 ===
crdnotebook-2076293935161401346-scnv1ejp8d-97304:18856:18881 [2] NCCL INFO CPU/0-0 (1/0/-1)
crdnotebook-2076293935161401346-scnv1ejp8d-97304:18856:18881 [2] NCCL INFO + PCI[5000.0] - NIC/0-0
crdnotebook-2076293935161401346-scnv1ejp8d-97304:18856:18881 [2] NCCL INFO + SYS[5000.0] - CPU/1
crdnotebook-2076293935161401346-scnv1ejp8d-97304:18856:18881 [2] NCCL INFO + SYS[5000.0] - CPU/2
crdnotebook-2076293935161401346-scnv1ejp8d-97304:18856:18881 [2] NCCL INFO + SYS[5000.0] - CPU/3
crdnotebook-2076293935161401346-scnv1ejp8d-97304:18856:18881 [2] NCCL INFO + PCI[12.0] - PCI/0-2000 (1d9423b700000000)
crdnotebook-2076293935161401346-scnv1ejp8d-97304:18856:18881 [2] NCCL INFO               + PCI[24.0] - GPU/0-4000 (0)
crdnotebook-2076293935161401346-scnv1ejp8d-97304:18856:18881 [2] NCCL INFO CPU/0-1 (1/0/-1)
crdnotebook-2076293935161401346-scnv1ejp8d-97304:18856:18881 [2] NCCL INFO + SYS[5000.0] - CPU/0
crdnotebook-2076293935161401346-scnv1ejp8d-97304:18856:18881 [2] NCCL INFO + SYS[5000.0] - CPU/2
crdnotebook-2076293935161401346-scnv1ejp8d-97304:18856:18881 [2] NCCL INFO + SYS[5000.0] - CPU/3
crdnotebook-2076293935161401346-scnv1ejp8d-97304:18856:18881 [2] NCCL INFO + PCI[12.0] - PCI/0-25000 (1d9423b700000000)
crdnotebook-2076293935161401346-scnv1ejp8d-97304:18856:18881 [2] NCCL INFO               + PCI[24.0] - GPU/0-27000 (1)
crdnotebook-2076293935161401346-scnv1ejp8d-97304:18856:18881 [2] NCCL INFO CPU/0-2 (1/0/-1)
crdnotebook-2076293935161401346-scnv1ejp8d-97304:18856:18881 [2] NCCL INFO + SYS[5000.0] - CPU/0
crdnotebook-2076293935161401346-scnv1ejp8d-97304:18856:18881 [2] NCCL INFO + SYS[5000.0] - CPU/1
crdnotebook-2076293935161401346-scnv1ejp8d-97304:18856:18881 [2] NCCL INFO + SYS[5000.0] - CPU/3
crdnotebook-2076293935161401346-scnv1ejp8d-97304:18856:18881 [2] NCCL INFO + PCI[12.0] - PCI/0-41000 (1d9423b700000000)
crdnotebook-2076293935161401346-scnv1ejp8d-97304:18856:18881 [2] NCCL INFO               + PCI[24.0] - GPU/0-43000 (2)
crdnotebook-2076293935161401346-scnv1ejp8d-97304:18856:18881 [2] NCCL INFO CPU/0-3 (1/0/-1)
crdnotebook-2076293935161401346-scnv1ejp8d-97304:18856:18881 [2] NCCL INFO + SYS[5000.0] - CPU/0
crdnotebook-2076293935161401346-scnv1ejp8d-97304:18856:18881 [2] NCCL INFO + SYS[5000.0] - CPU/1
crdnotebook-2076293935161401346-scnv1ejp8d-97304:18856:18881 [2] NCCL INFO + SYS[5000.0] - CPU/2
crdnotebook-2076293935161401346-scnv1ejp8d-97304:18856:18881 [2] NCCL INFO + PCI[12.0] - PCI/0-61000 (1d9423b700000000)
crdnotebook-2076293935161401346-scnv1ejp8d-97304:18856:18881 [2] NCCL INFO               + PCI[24.0] - GPU/0-63000 (3)
crdnotebook-2076293935161401346-scnv1ejp8d-97304:18856:18881 [2] NCCL INFO ==========================================
crdnotebook-2076293935161401346-scnv1ejp8d-97304:18856:18881 [2] NCCL INFO GPU/4000 :GPU/0-4000 (0/5000.0/LOC) GPU/0-27000 (5/12.0/SYS) GPU/0-43000 (5/12.0/SYS) GPU/0-63000 (5/12.0/SYS) CPU/0-0 (2/12.0/PHB) CPU/0-1 (3/12.0/SYS) CPU/0-2 (3/12.0/SYS) CPU/0-3 (3/12.0/SYS) 
crdnotebook-2076293935161401346-scnv1ejp8d-97304:18856:18881 [2] NCCL INFO GPU/27000 :GPU/0-4000 (5/12.0/SYS) GPU/0-27000 (0/5000.0/LOC) GPU/0-43000 (5/12.0/SYS) GPU/0-63000 (5/12.0/SYS) CPU/0-0 (3/12.0/SYS) CPU/0-1 (2/12.0/PHB) CPU/0-2 (3/12.0/SYS) CPU/0-3 (3/12.0/SYS) 
crdnotebook-2076293935161401346-scnv1ejp8d-97304:18856:18881 [2] NCCL INFO GPU/43000 :GPU/0-4000 (5/12.0/SYS) GPU/0-27000 (5/12.0/SYS) GPU/0-43000 (0/5000.0/LOC) GPU/0-63000 (5/12.0/SYS) CPU/0-0 (3/12.0/SYS) CPU/0-1 (3/12.0/SYS) CPU/0-2 (2/12.0/PHB) CPU/0-3 (3/12.0/SYS) 
crdnotebook-2076293935161401346-scnv1ejp8d-97304:18856:18881 [2] NCCL INFO GPU/63000 :GPU/0-4000 (5/12.0/SYS) GPU/0-27000 (5/12.0/SYS) GPU/0-43000 (5/12.0/SYS) GPU/0-63000 (0/5000.0/LOC) CPU/0-0 (3/12.0/SYS) CPU/0-1 (3/12.0/SYS) CPU/0-2 (3/12.0/SYS) CPU/0-3 (2/12.0/PHB) 
crdnotebook-2076293935161401346-scnv1ejp8d-97304:18856:18881 [2] NCCL INFO Rank:2 link topo type is only pcie
crdnotebook-2076293935161401346-scnv1ejp8d-97304:18856:18881 [2] NCCL INFO Transport init rank 2 useXdp 0 linkTopoType 3
crdnotebook-2076293935161401346-scnv1ejp8d-97304:18855:18880 [1] NCCL INFO Pattern 4, crossNic 0, nChannels 1, bw 12.000000/12.000000, type SYS/PIX, sameChannels 1
crdnotebook-2076293935161401346-scnv1ejp8d-97304:18855:18880 [1] NCCL INFO  0 : GPU/0 GPU/1 GPU/2 GPU/3
crdnotebook-2076293935161401346-scnv1ejp8d-97304:18857:18882 [3] NCCL INFO Pattern 4, crossNic 0, nChannels 1, bw 12.000000/12.000000, type SYS/PIX, sameChannels 1
crdnotebook-2076293935161401346-scnv1ejp8d-97304:18857:18882 [3] NCCL INFO  0 : GPU/0 GPU/1 GPU/2 GPU/3
crdnotebook-2076293935161401346-scnv1ejp8d-97304:18855:18880 [1] NCCL INFO Pattern 1, crossNic 0, nChannels 1, bw 12.000000/12.000000, type SYS/PIX, sameChannels 1
crdnotebook-2076293935161401346-scnv1ejp8d-97304:18855:18880 [1] NCCL INFO  0 : GPU/0 GPU/1 GPU/2 GPU/3
crdnotebook-2076293935161401346-scnv1ejp8d-97304:18857:18882 [3] NCCL INFO Pattern 1, crossNic 0, nChannels 1, bw 12.000000/12.000000, type SYS/PIX, sameChannels 1
crdnotebook-2076293935161401346-scnv1ejp8d-97304:18857:18882 [3] NCCL INFO  0 : GPU/0 GPU/1 GPU/2 GPU/3
crdnotebook-2076293935161401346-scnv1ejp8d-97304:18854:18879 [0] NCCL INFO Pattern 4, crossNic 0, nChannels 1, bw 12.000000/12.000000, type SYS/PIX, sameChannels 1
crdnotebook-2076293935161401346-scnv1ejp8d-97304:18854:18879 [0] NCCL INFO  0 : GPU/0 GPU/1 GPU/2 GPU/3
crdnotebook-2076293935161401346-scnv1ejp8d-97304:18854:18879 [0] NCCL INFO Pattern 1, crossNic 0, nChannels 1, bw 12.000000/12.000000, type SYS/PIX, sameChannels 1
crdnotebook-2076293935161401346-scnv1ejp8d-97304:18854:18879 [0] NCCL INFO  0 : GPU/0 GPU/1 GPU/2 GPU/3
crdnotebook-2076293935161401346-scnv1ejp8d-97304:18856:18881 [2] NCCL INFO Pattern 4, crossNic 0, nChannels 1, bw 12.000000/12.000000, type SYS/PIX, sameChannels 1
crdnotebook-2076293935161401346-scnv1ejp8d-97304:18856:18881 [2] NCCL INFO  0 : GPU/0 GPU/1 GPU/2 GPU/3
crdnotebook-2076293935161401346-scnv1ejp8d-97304:18856:18881 [2] NCCL INFO Pattern 1, crossNic 0, nChannels 1, bw 12.000000/12.000000, type SYS/PIX, sameChannels 1
crdnotebook-2076293935161401346-scnv1ejp8d-97304:18856:18881 [2] NCCL INFO  0 : GPU/0 GPU/1 GPU/2 GPU/3
crdnotebook-2076293935161401346-scnv1ejp8d-97304:18856:18881 [2] NCCL INFO comm 0x18565f0 rank 2 nRanks 4 nNodes 1 localRanks 4 localRank 2 MNNVL 0
crdnotebook-2076293935161401346-scnv1ejp8d-97304:18854:18879 [0] NCCL INFO comm 0xd3a060 rank 0 nRanks 4 nNodes 1 localRanks 4 localRank 0 MNNVL 0
crdnotebook-2076293935161401346-scnv1ejp8d-97304:18854:18879 [0] NCCL INFO [RINGS]      00
crdnotebook-2076293935161401346-scnv1ejp8d-97304:18855:18880 [1] NCCL INFO comm 0x1c5b610 rank 1 nRanks 4 nNodes 1 localRanks 4 localRank 1 MNNVL 0
crdnotebook-2076293935161401346-scnv1ejp8d-97304:18855:18880 [1] NCCL INFO Tree 0 : 0 -> 1 -> 2/-1/-1
crdnotebook-2076293935161401346-scnv1ejp8d-97304:18855:18880 [1] NCCL INFO Tree 1 : 0 -> 1 -> 2/-1/-1
crdnotebook-2076293935161401346-scnv1ejp8d-97304:18857:18882 [3] NCCL INFO comm 0x196d600 rank 3 nRanks 4 nNodes 1 localRanks 4 localRank 3 MNNVL 0
crdnotebook-2076293935161401346-scnv1ejp8d-97304:18857:18882 [3] NCCL INFO Ring 0 : 2 -> 3 -> 0 comm 0x196d600 nRanks 04 busId 63000
crdnotebook-2076293935161401346-scnv1ejp8d-97304:18857:18882 [3] NCCL INFO Ring 1 : 2 -> 3 -> 0 comm 0x196d600 nRanks 04 busId 63000
crdnotebook-2076293935161401346-scnv1ejp8d-97304:18854:18879 [0] NCCL INFO [RINGS]  00->03
crdnotebook-2076293935161401346-scnv1ejp8d-97304:18854:18879 [0] NCCL INFO Tree 0 : -1 -> 0 -> 1/-1/-1
crdnotebook-2076293935161401346-scnv1ejp8d-97304:18854:18879 [0] NCCL INFO Tree 1 : -1 -> 0 -> 1/-1/-1
crdnotebook-2076293935161401346-scnv1ejp8d-97304:18854:18879 [0] NCCL INFO Channel 00/04 :    0   1   2   3
crdnotebook-2076293935161401346-scnv1ejp8d-97304:18856:18881 [2] NCCL INFO Ring 0 : 1 -> 2 -> 3 comm 0x18565f0 nRanks 04 busId 43000
crdnotebook-2076293935161401346-scnv1ejp8d-97304:18856:18881 [2] NCCL INFO Ring 1 : 1 -> 2 -> 3 comm 0x18565f0 nRanks 04 busId 43000
crdnotebook-2076293935161401346-scnv1ejp8d-97304:18856:18881 [2] NCCL INFO Ring 2 : 1 -> 2 -> 3 comm 0x18565f0 nRanks 04 busId 43000
crdnotebook-2076293935161401346-scnv1ejp8d-97304:18856:18881 [2] NCCL INFO Ring 3 : 1 -> 2 -> 3 comm 0x18565f0 nRanks 04 busId 43000
crdnotebook-2076293935161401346-scnv1ejp8d-97304:18856:18881 [2] NCCL INFO Trees [0] 3/-1/-1->2->1 [1] 3/-1/-1->2->1 [2] 3/-1/-1->2->1 [3] 3/-1/-1->2->1 comm 0x18565f0 nRanks 04 busId 43000
crdnotebook-2076293935161401346-scnv1ejp8d-97304:18855:18880 [1] NCCL INFO Ring 0 : 0 -> 1 -> 2 comm 0x1c5b610 nRanks 04 busId 27000
crdnotebook-2076293935161401346-scnv1ejp8d-97304:18855:18880 [1] NCCL INFO Ring 1 : 0 -> 1 -> 2 comm 0x1c5b610 nRanks 04 busId 27000
crdnotebook-2076293935161401346-scnv1ejp8d-97304:18855:18880 [1] NCCL INFO Ring 2 : 0 -> 1 -> 2 comm 0x1c5b610 nRanks 04 busId 27000
crdnotebook-2076293935161401346-scnv1ejp8d-97304:18855:18880 [1] NCCL INFO Ring 3 : 0 -> 1 -> 2 comm 0x1c5b610 nRanks 04 busId 27000
crdnotebook-2076293935161401346-scnv1ejp8d-97304:18855:18880 [1] NCCL INFO Trees [0] 2/-1/-1->1->0 [1] 2/-1/-1->1->0 [2] 2/-1/-1->1->0 [3] 2/-1/-1->1->0 comm 0x1c5b610 nRanks 04 busId 27000
crdnotebook-2076293935161401346-scnv1ejp8d-97304:18855:18880 [1] NCCL INFO P2P Chunksize set to 131072
crdnotebook-2076293935161401346-scnv1ejp8d-97304:18855:18880 [1] NCCL INFO comm->autoPerPeerOn: 0, comm->p2pnChannels: 4, comm->p2pnChannelsPerPeer: 4
crdnotebook-2076293935161401346-scnv1ejp8d-97304:18857:18882 [3] NCCL INFO Ring 2 : 2 -> 3 -> 0 comm 0x196d600 nRanks 04 busId 63000
crdnotebook-2076293935161401346-scnv1ejp8d-97304:18857:18882 [3] NCCL INFO Ring 3 : 2 -> 3 -> 0 comm 0x196d600 nRanks 04 busId 63000
crdnotebook-2076293935161401346-scnv1ejp8d-97304:18857:18882 [3] NCCL INFO Trees [0] -1/-1/-1->3->2 [1] -1/-1/-1->3->2 [2] -1/-1/-1->3->2 [3] -1/-1/-1->3->2 comm 0x196d600 nRanks 04 busId 63000
crdnotebook-2076293935161401346-scnv1ejp8d-97304:18857:18882 [3] NCCL INFO P2P Chunksize set to 131072
crdnotebook-2076293935161401346-scnv1ejp8d-97304:18857:18882 [3] NCCL INFO comm->autoPerPeerOn: 0, comm->p2pnChannels: 4, comm->p2pnChannelsPerPeer: 4
crdnotebook-2076293935161401346-scnv1ejp8d-97304:18854:18879 [0] NCCL INFO Channel 01/04 :    0   1   2   3
crdnotebook-2076293935161401346-scnv1ejp8d-97304:18854:18879 [0] NCCL INFO Channel 02/04 :    0   1   2   3
crdnotebook-2076293935161401346-scnv1ejp8d-97304:18854:18879 [0] NCCL INFO Channel 03/04 :    0   1   2   3
crdnotebook-2076293935161401346-scnv1ejp8d-97304:18854:18879 [0] NCCL INFO Ring 0 : 3 -> 0 -> 1 comm 0xd3a060 nRanks 04 busId 4000
crdnotebook-2076293935161401346-scnv1ejp8d-97304:18854:18879 [0] NCCL INFO Ring 1 : 3 -> 0 -> 1 comm 0xd3a060 nRanks 04 busId 4000
crdnotebook-2076293935161401346-scnv1ejp8d-97304:18854:18879 [0] NCCL INFO Ring 2 : 3 -> 0 -> 1 comm 0xd3a060 nRanks 04 busId 4000
crdnotebook-2076293935161401346-scnv1ejp8d-97304:18854:18879 [0] NCCL INFO Ring 3 : 3 -> 0 -> 1 comm 0xd3a060 nRanks 04 busId 4000
crdnotebook-2076293935161401346-scnv1ejp8d-97304:18856:18881 [2] NCCL INFO P2P Chunksize set to 131072
crdnotebook-2076293935161401346-scnv1ejp8d-97304:18856:18881 [2] NCCL INFO comm->autoPerPeerOn: 0, comm->p2pnChannels: 4, comm->p2pnChannelsPerPeer: 4
crdnotebook-2076293935161401346-scnv1ejp8d-97304:18854:18879 [0] NCCL INFO Trees [0] 1/-1/-1->0->-1 [1] 1/-1/-1->0->-1 [2] 1/-1/-1->0->-1 [3] 1/-1/-1->0->-1 comm 0xd3a060 nRanks 04 busId 4000
crdnotebook-2076293935161401346-scnv1ejp8d-97304:18854:18879 [0] NCCL INFO P2P Chunksize set to 131072
crdnotebook-2076293935161401346-scnv1ejp8d-97304:18854:18879 [0] NCCL INFO comm->autoPerPeerOn: 0, comm->p2pnChannels: 4, comm->p2pnChannelsPerPeer: 4
crdnotebook-2076293935161401346-scnv1ejp8d-97304:18854:18879 [0] NCCL INFO Channel 00/0 : 0[4000] -> 1[27000] via P2P/IPC comm 0xd3a060 nRanks 04
crdnotebook-2076293935161401346-scnv1ejp8d-97304:18854:18879 [0] NCCL INFO Channel 01/0 : 0[4000] -> 1[27000] via P2P/IPC comm 0xd3a060 nRanks 04
crdnotebook-2076293935161401346-scnv1ejp8d-97304:18854:18879 [0] NCCL INFO Channel 02/0 : 0[4000] -> 1[27000] via P2P/IPC comm 0xd3a060 nRanks 04
crdnotebook-2076293935161401346-scnv1ejp8d-97304:18856:18881 [2] NCCL INFO Channel 00/0 : 2[43000] -> 3[63000] via P2P/IPC comm 0x18565f0 nRanks 04
crdnotebook-2076293935161401346-scnv1ejp8d-97304:18854:18879 [0] NCCL INFO Channel 03/0 : 0[4000] -> 1[27000] via P2P/IPC comm 0xd3a060 nRanks 04
crdnotebook-2076293935161401346-scnv1ejp8d-97304:18856:18881 [2] NCCL INFO Channel 01/0 : 2[43000] -> 3[63000] via P2P/IPC comm 0x18565f0 nRanks 04
crdnotebook-2076293935161401346-scnv1ejp8d-97304:18856:18881 [2] NCCL INFO Channel 02/0 : 2[43000] -> 3[63000] via P2P/IPC comm 0x18565f0 nRanks 04
crdnotebook-2076293935161401346-scnv1ejp8d-97304:18856:18881 [2] NCCL INFO Channel 03/0 : 2[43000] -> 3[63000] via P2P/IPC comm 0x18565f0 nRanks 04
crdnotebook-2076293935161401346-scnv1ejp8d-97304:18857:18882 [3] NCCL INFO Channel 00/0 : 3[63000] -> 0[4000] via P2P/IPC comm 0x196d600 nRanks 04
crdnotebook-2076293935161401346-scnv1ejp8d-97304:18857:18882 [3] NCCL INFO Channel 01/0 : 3[63000] -> 0[4000] via P2P/IPC comm 0x196d600 nRanks 04
crdnotebook-2076293935161401346-scnv1ejp8d-97304:18855:18880 [1] NCCL INFO Channel 00/0 : 1[27000] -> 2[43000] via P2P/IPC comm 0x1c5b610 nRanks 04
crdnotebook-2076293935161401346-scnv1ejp8d-97304:18857:18882 [3] NCCL INFO Channel 02/0 : 3[63000] -> 0[4000] via P2P/IPC comm 0x196d600 nRanks 04
crdnotebook-2076293935161401346-scnv1ejp8d-97304:18857:18882 [3] NCCL INFO Channel 03/0 : 3[63000] -> 0[4000] via P2P/IPC comm 0x196d600 nRanks 04
crdnotebook-2076293935161401346-scnv1ejp8d-97304:18855:18880 [1] NCCL INFO Channel 01/0 : 1[27000] -> 2[43000] via P2P/IPC comm 0x1c5b610 nRanks 04
crdnotebook-2076293935161401346-scnv1ejp8d-97304:18855:18880 [1] NCCL INFO Channel 02/0 : 1[27000] -> 2[43000] via P2P/IPC comm 0x1c5b610 nRanks 04
crdnotebook-2076293935161401346-scnv1ejp8d-97304:18855:18880 [1] NCCL INFO Channel 03/0 : 1[27000] -> 2[43000] via P2P/IPC comm 0x1c5b610 nRanks 04
crdnotebook-2076293935161401346-scnv1ejp8d-97304:18857:18882 [3] NCCL INFO Connected all rings
crdnotebook-2076293935161401346-scnv1ejp8d-97304:18854:18879 [0] NCCL INFO Connected all rings
crdnotebook-2076293935161401346-scnv1ejp8d-97304:18855:18880 [1] NCCL INFO Connected all rings
crdnotebook-2076293935161401346-scnv1ejp8d-97304:18857:18882 [3] NCCL INFO Channel 00/0 : 3[63000] -> 2[43000] via P2P/IPC comm 0x196d600 nRanks 04
crdnotebook-2076293935161401346-scnv1ejp8d-97304:18856:18881 [2] NCCL INFO Connected all rings
crdnotebook-2076293935161401346-scnv1ejp8d-97304:18857:18882 [3] NCCL INFO Channel 01/0 : 3[63000] -> 2[43000] via P2P/IPC comm 0x196d600 nRanks 04
crdnotebook-2076293935161401346-scnv1ejp8d-97304:18857:18882 [3] NCCL INFO Channel 02/0 : 3[63000] -> 2[43000] via P2P/IPC comm 0x196d600 nRanks 04
crdnotebook-2076293935161401346-scnv1ejp8d-97304:18857:18882 [3] NCCL INFO Channel 03/0 : 3[63000] -> 2[43000] via P2P/IPC comm 0x196d600 nRanks 04
crdnotebook-2076293935161401346-scnv1ejp8d-97304:18856:18881 [2] NCCL INFO Channel 00/0 : 2[43000] -> 1[27000] via P2P/IPC comm 0x18565f0 nRanks 04
crdnotebook-2076293935161401346-scnv1ejp8d-97304:18855:18880 [1] NCCL INFO Channel 00/0 : 1[27000] -> 0[4000] via P2P/IPC comm 0x1c5b610 nRanks 04
crdnotebook-2076293935161401346-scnv1ejp8d-97304:18856:18881 [2] NCCL INFO Channel 01/0 : 2[43000] -> 1[27000] via P2P/IPC comm 0x18565f0 nRanks 04
crdnotebook-2076293935161401346-scnv1ejp8d-97304:18855:18880 [1] NCCL INFO Channel 01/0 : 1[27000] -> 0[4000] via P2P/IPC comm 0x1c5b610 nRanks 04
crdnotebook-2076293935161401346-scnv1ejp8d-97304:18856:18881 [2] NCCL INFO Channel 02/0 : 2[43000] -> 1[27000] via P2P/IPC comm 0x18565f0 nRanks 04
crdnotebook-2076293935161401346-scnv1ejp8d-97304:18855:18880 [1] NCCL INFO Channel 02/0 : 1[27000] -> 0[4000] via P2P/IPC comm 0x1c5b610 nRanks 04
crdnotebook-2076293935161401346-scnv1ejp8d-97304:18856:18881 [2] NCCL INFO Channel 03/0 : 2[43000] -> 1[27000] via P2P/IPC comm 0x18565f0 nRanks 04
crdnotebook-2076293935161401346-scnv1ejp8d-97304:18855:18880 [1] NCCL INFO Channel 03/0 : 1[27000] -> 0[4000] via P2P/IPC comm 0x1c5b610 nRanks 04
crdnotebook-2076293935161401346-scnv1ejp8d-97304:18857:18882 [3] NCCL INFO Connected all trees
crdnotebook-2076293935161401346-scnv1ejp8d-97304:18854:18879 [0] NCCL INFO Connected all trees
crdnotebook-2076293935161401346-scnv1ejp8d-97304:18857:18882 [3] NCCL INFO threadThresholds 8/8/64 | 32/8/64 | 256 | 256
crdnotebook-2076293935161401346-scnv1ejp8d-97304:18857:18882 [3] NCCL INFO 4 coll channels, 4 collnet channels, 0 nvls channels, 4 p2p channels, 4 p2p channels per peer
crdnotebook-2076293935161401346-scnv1ejp8d-97304:18856:18881 [2] NCCL INFO Connected all trees
crdnotebook-2076293935161401346-scnv1ejp8d-97304:18856:18881 [2] NCCL INFO threadThresholds 8/8/64 | 32/8/64 | 256 | 256
crdnotebook-2076293935161401346-scnv1ejp8d-97304:18856:18881 [2] NCCL INFO 4 coll channels, 4 collnet channels, 0 nvls channels, 4 p2p channels, 4 p2p channels per peer
crdnotebook-2076293935161401346-scnv1ejp8d-97304:18855:18880 [1] NCCL INFO Connected all trees
crdnotebook-2076293935161401346-scnv1ejp8d-97304:18855:18880 [1] NCCL INFO threadThresholds 8/8/64 | 32/8/64 | 256 | 256
crdnotebook-2076293935161401346-scnv1ejp8d-97304:18855:18880 [1] NCCL INFO 4 coll channels, 4 collnet channels, 0 nvls channels, 4 p2p channels, 4 p2p channels per peer
crdnotebook-2076293935161401346-scnv1ejp8d-97304:18854:18879 [0] NCCL INFO   Algorithm   |                            Tree                  |                            Ring                  |                   CollNetDirect                  |
crdnotebook-2076293935161401346-scnv1ejp8d-97304:18854:18879 [0] NCCL INFO   Protocol    |             LL |          LL128 |         Simple |             LL |          LL128 |         Simple |             LL |          LL128 |         Simple |
crdnotebook-2076293935161401346-scnv1ejp8d-97304:18854:18879 [0] NCCL INFO  Max NThreads |            256 |            256 |            256 |            256 |            256 |            256 |            256 |              0 |            256 |
crdnotebook-2076293935161401346-scnv1ejp8d-97304:18854:18879 [0] NCCL INFO     Broadcast |     0.0/   0.0 |     0.0/   0.0 |     0.0/   0.0 |    14.2/   0.0 |    14.2/   4.1 |    22.7/   0.0 |     0.0/   0.0 |     0.0/   0.0 |     0.0/   0.0 |
crdnotebook-2076293935161401346-scnv1ejp8d-97304:18854:18879 [0] NCCL INFO        Reduce |     0.0/   0.0 |     0.0/   0.0 |     0.0/   0.0 |    14.2/   0.0 |    14.2/   4.1 |    22.7/   0.0 |     0.0/   0.0 |     0.0/   0.0 |     0.0/   0.0 |
crdnotebook-2076293935161401346-scnv1ejp8d-97304:18854:18879 [0] NCCL INFO     AllGather |     0.0/   0.0 |     0.0/   0.0 |     0.0/   0.0 |    18.6/   0.0 |    18.6/   5.4 |    34.1/   0.0 |    14.4/   0.0 |    14.4/   0.0 |    42.6/   0.0 |
crdnotebook-2076293935161401346-scnv1ejp8d-97304:18854:18879 [0] NCCL INFO ReduceScatter |     0.0/   0.0 |     0.0/   0.0 |     0.0/   0.0 |    18.6/   0.0 |    18.6/   5.4 |    34.1/   0.0 |    14.4/   0.0 |    14.4/   0.0 |    42.6/   0.0 |
crdnotebook-2076293935161401346-scnv1ejp8d-97304:18854:18879 [0] NCCL INFO     AllReduce |    24.5/   0.0 |    24.5/   0.0 |    49.5/   0.0 |    25.2/   0.0 |    25.2/   2.7 |    51.2/   0.0 |    14.4/   0.0 |    14.4/   0.0 |    42.6/   0.0 |
crdnotebook-2076293935161401346-scnv1ejp8d-97304:18854:18879 [0] NCCL INFO   Algorithm   |                    CollNetChain                  |                            NVLS                  |                        NVLSTree                  |
crdnotebook-2076293935161401346-scnv1ejp8d-97304:18854:18879 [0] NCCL INFO   Protocol    |             LL |          LL128 |         Simple |             LL |          LL128 |         Simple |             LL |          LL128 |         Simple |
crdnotebook-2076293935161401346-scnv1ejp8d-97304:18854:18879 [0] NCCL INFO  Max NThreads |              0 |              0 |              0 |              0 |              0 |              0 |              0 |              0 |              0 |
crdnotebook-2076293935161401346-scnv1ejp8d-97304:18854:18879 [0] NCCL INFO     Broadcast |     0.0/   0.0 |     0.0/   0.0 |     0.0/   0.0 |     0.0/   0.0 |     0.0/   0.0 |     0.0/   0.0 |     0.0/   0.0 |     0.0/   0.0 |     0.0/   0.0 |
crdnotebook-2076293935161401346-scnv1ejp8d-97304:18854:18879 [0] NCCL INFO        Reduce |     0.0/   0.0 |     0.0/   0.0 |     0.0/   0.0 |     0.0/   0.0 |     0.0/   0.0 |     0.0/   0.0 |     0.0/   0.0 |     0.0/   0.0 |     0.0/   0.0 |
crdnotebook-2076293935161401346-scnv1ejp8d-97304:18854:18879 [0] NCCL INFO     AllGather |     0.0/   0.0 |     0.0/   0.0 |     0.0/   0.0 |     0.0/   0.0 |     0.0/   0.0 |     0.0/   0.0 |     0.0/   0.0 |     0.0/   0.0 |     0.0/   0.0 |
crdnotebook-2076293935161401346-scnv1ejp8d-97304:18854:18879 [0] NCCL INFO ReduceScatter |     0.0/   0.0 |     0.0/   0.0 |     0.0/   0.0 |     0.0/   0.0 |     0.0/   0.0 |     0.0/   0.0 |     0.0/   0.0 |     0.0/   0.0 |     0.0/   0.0 |
crdnotebook-2076293935161401346-scnv1ejp8d-97304:18854:18879 [0] NCCL INFO     AllReduce |    12.0/   0.0 |    12.0/   0.0 |    69.4/   0.0 |     0.0/   0.0 |     0.0/   0.0 |     0.0/   0.0 |     0.0/   0.0 |     0.0/   0.0 |     0.0/   0.0 |
crdnotebook-2076293935161401346-scnv1ejp8d-97304:18854:18879 [0] NCCL INFO threadThresholds 8/8/64 | 32/8/64 | 256 | 256
crdnotebook-2076293935161401346-scnv1ejp8d-97304:18854:18879 [0] NCCL INFO 4 coll channels, 4 collnet channels, 0 nvls channels, 4 p2p channels, 4 p2p channels per peer
crdnotebook-2076293935161401346-scnv1ejp8d-97304:18854:18879 [0] NCCL INFO CC Off, Multi-GPU CC Off, workFifoBytes 4194304
crdnotebook-2076293935161401346-scnv1ejp8d-97304:18857:18882 [3] NCCL INFO TUNER/Plugin: Could not find: librccl-tuner.so librccl-net.so. Using internal tuner plugin.
crdnotebook-2076293935161401346-scnv1ejp8d-97304:18855:18880 [1] NCCL INFO TUNER/Plugin: Could not find: librccl-tuner.so librccl-net.so. Using internal tuner plugin.
crdnotebook-2076293935161401346-scnv1ejp8d-97304:18855:18880 [1] NCCL INFO ncclCommInitRank comm 0x1c5b610 rank 1 nranks 4 cudaDev 1 nvmlDev 1 busId 27000 commId 0xa7cf40e0eb7def35 localSize 512 used 73498832 bytes on core 1 - Init COMPLETE
crdnotebook-2076293935161401346-scnv1ejp8d-97304:18856:18881 [2] NCCL INFO TUNER/Plugin: Could not find: librccl-tuner.so librccl-net.so. Using internal tuner plugin.
crdnotebook-2076293935161401346-scnv1ejp8d-97304:18856:18881 [2] NCCL INFO ncclCommInitRank comm 0x18565f0 rank 2 nranks 4 cudaDev 2 nvmlDev 2 busId 43000 commId 0xa7cf40e0eb7def35 localSize 512 used 73498832 bytes on core 2 - Init COMPLETE
crdnotebook-2076293935161401346-scnv1ejp8d-97304:18856:18881 [2] NCCL INFO Init timings: rank 2 nranks 4 total 0.78 (kernels 0.09, bootstrap 0.06, allgathers 0.00, topo 0.44, graphs 0.00, connections 0.19, rest 0.00)
crdnotebook-2076293935161401346-scnv1ejp8d-97304:18854:18879 [0] NCCL INFO TUNER/Plugin: Could not find: librccl-tuner.so librccl-net.so. Using internal tuner plugin.
crdnotebook-2076293935161401346-scnv1ejp8d-97304:18854:18879 [0] NCCL INFO ncclCommInitRank comm 0xd3a060 rank 0 nranks 4 cudaDev 0 nvmlDev 0 busId 4000 commId 0xa7cf40e0eb7def35 localSize 512 used 65110224 bytes on core 0 - Init COMPLETE
crdnotebook-2076293935161401346-scnv1ejp8d-97304:18854:18879 [0] NCCL INFO Init timings: rank 0 nranks 4 total 0.78 (kernels 0.09, bootstrap 0.06, allgathers 0.00, topo 0.44, graphs 0.00, connections 0.19, rest 0.00)
crdnotebook-2076293935161401346-scnv1ejp8d-97304:18857:18882 [3] NCCL INFO ncclCommInitRank comm 0x196d600 rank 3 nranks 4 cudaDev 3 nvmlDev 3 busId 63000 commId 0xa7cf40e0eb7def35 localSize 512 used 62210256 bytes on core 3 - Init COMPLETE
crdnotebook-2076293935161401346-scnv1ejp8d-97304:18857:18882 [3] NCCL INFO Init timings: rank 3 nranks 4 total 0.78 (kernels 0.09, bootstrap 0.06, allgathers 0.00, topo 0.44, graphs 0.00, connections 0.19, rest 0.00)
crdnotebook-2076293935161401346-scnv1ejp8d-97304:18855:18880 [1] NCCL INFO Init timings: rank 1 nranks 4 total 0.78 (kernels 0.09, bootstrap 0.06, allgathers 0.00, topo 0.44, graphs 0.00, connections 0.19, rest 0.00)
#
#                                                              out-of-place         
#       size         count      type   redop    root     time   algbw   busbw #wrong                               
#        (B)    (elements)                               (us)  (GB/s)  (GB/s)                                       
crdnotebook-2076293935161401346-scnv1ejp8d-97304:18854:18854 [0] NCCL INFO AllGather: opCount 0 sendbuff 0x7f5e6e400000 recvbuff 0x7f5e6e500000 count 65536 datatype 7 op 0 root 0 comm 0xd3a060 [nranks=4] stream 0xd39b00 task 0 globalrank 0
crdnotebook-2076293935161401346-scnv1ejp8d-97304:18855:18855 [1] NCCL INFO AllGather: opCount 0 sendbuff 0x7f1d36a00000 recvbuff 0x7f1d36b00000 count 65536 datatype 7 op 0 root 0 comm 0x1c5b610 [nranks=4] stream 0x1c58350 task 0 globalrank 1
crdnotebook-2076293935161401346-scnv1ejp8d-97304:18857:18857 [3] NCCL INFO AllGather: opCount 0 sendbuff 0x7efcd7600000 recvbuff 0x7efcd7700000 count 65536 datatype 7 op 0 root 0 comm 0x196d600 [nranks=4] stream 0x196a340 task 0 globalrank 3
crdnotebook-2076293935161401346-scnv1ejp8d-97304:18856:18856 [2] NCCL INFO AllGather: opCount 0 sendbuff 0x7f2742a00000 recvbuff 0x7f2742b00000 count 65536 datatype 7 op 0 root 0 comm 0x18565f0 [nranks=4] stream 0x1853370 task 0 globalrank 2

crdnotebook-2076293935161401346-scnv1ejp8d-97304:18856:18856 [2] /data/jenkins_workspace/workspace/rccl_release/build/hipify/src/enqueue.cc:1746 NCCL WARN Error : no algorithm/protocol available
crdnotebook-2076293935161401346-scnv1ejp8d-97304:18856:18856 [2] NCCL INFO /data/jenkins_workspace/workspace/rccl_release/build/hipify/src/enqueue.cc:1898 -> error code 3
crdnotebook-2076293935161401346-scnv1ejp8d-97304:18856:18856 [2] NCCL INFO /data/jenkins_workspace/workspace/rccl_release/build/hipify/src/enqueue.cc:491 -> error code 3

crdnotebook-2076293935161401346-scnv1ejp8d-97304:18855:18855 [1] /data/jenkins_workspace/workspace/rccl_release/build/hipify/src/enqueue.cc:1746 NCCL WARN Error : no algorithm/protocol available
crdnotebook-2076293935161401346-scnv1ejp8d-97304:18855:18855 [1] NCCL INFO /data/jenkins_workspace/workspace/rccl_release/build/hipify/src/enqueue.cc:1898 -> error code 3
crdnotebook-2076293935161401346-scnv1ejp8d-97304:18855:18855 [1] NCCL INFO /data/jenkins_workspace/workspace/rccl_release/build/hipify/src/enqueue.cc:491 -> error code 3
crdnotebook-2076293935161401346-scnv1ejp8d-97304:18855:18855 [1] NCCL INFO /data/jenkins_workspace/workspace/rccl_release/build/hipify/src/group.cc:450 -> error code 3
crdnotebook-2076293935161401346-scnv1ejp8d-97304:18855:18855 [1] NCCL INFO /data/jenkins_workspace/workspace/rccl_release/build/hipify/src/group.cc:569 -> error code 3
crdnotebook-2076293935161401346-scnv1ejp8d-97304:18855:18855 [1] NCCL INFO /data/jenkins_workspace/workspace/rccl_release/build/hipify/src/enqueue.cc:2466 -> error code 3
crdnotebook-2076293935161401346-scnv1ejp8d-97304:18855:18855 [1] NCCL INFO /data/jenkins_workspace/workspace/rccl_release/build/hipify/src/collectives.cc:113 -> error code 3
crdnotebook-2076293935161401346-scnv1ejp8d-97304: Test NCCL failure /root/private_data/lyc/rccl-tests/build/hipify/all_gather.cu.cpp:56 'internal error - please report this issue to the NCCL developers / '
 .. crdnotebook-2076293935161401346-scnv1ejp8d-97304 pid 18855: Test failure /root/private_data/lyc/rccl-tests/build/hipify/common.cu.cpp:642

crdnotebook-2076293935161401346-scnv1ejp8d-97304:18854:18854 [0] /data/jenkins_workspace/workspace/rccl_release/build/hipify/src/enqueue.cc:1746 NCCL WARN Error : no algorithm/protocol available
crdnotebook-2076293935161401346-scnv1ejp8d-97304:18854:18854 [0] NCCL INFO /data/jenkins_workspace/workspace/rccl_release/build/hipify/src/enqueue.cc:1898 -> error code 3
crdnotebook-2076293935161401346-scnv1ejp8d-97304:18854:18854 [0] NCCL INFO /data/jenkins_workspace/workspace/rccl_release/build/hipify/src/enqueue.cc:491 -> error code 3
crdnotebook-2076293935161401346-scnv1ejp8d-97304:18854:18854 [0] NCCL INFO /data/jenkins_workspace/workspace/rccl_release/build/hipify/src/group.cc:450 -> error code 3
crdnotebook-2076293935161401346-scnv1ejp8d-97304:18854:18854 [0] NCCL INFO /data/jenkins_workspace/workspace/rccl_release/build/hipify/src/group.cc:569 -> error code 3
crdnotebook-2076293935161401346-scnv1ejp8d-97304:18854:18854 [0] NCCL INFO /data/jenkins_workspace/workspace/rccl_release/build/hipify/src/enqueue.cc:2466 -> error code 3
crdnotebook-2076293935161401346-scnv1ejp8d-97304:18854:18854 [0] NCCL INFO /data/jenkins_workspace/workspace/rccl_release/build/hipify/src/collectives.cc:113 -> error code 3
crdnotebook-2076293935161401346-scnv1ejp8d-97304: Test NCCL failure /root/private_data/lyc/rccl-tests/build/hipify/all_gather.cu.cpp:56 'internal error - please report this issue to the NCCL developers / '
 .. crdnotebook-2076293935161401346-scnv1ejp8d-97304 pid 18854: Test failure /root/private_data/lyc/rccl-tests/build/hipify/common.cu.cpp:642
 .. crdnotebook-2076293935161401346-scnv1ejp8d-97304 pid 18854: Test failure /root/private_data/lyc/rccl-tests/build/hipify/common.cu.cpp:873
 .. crdnotebook-2076293935161401346-scnv1ejp8d-97304 pid 18854: Test failure /root/private_data/lyc/rccl-tests/build/hipify/all_gather.cu.cpp:91
 .. crdnotebook-2076293935161401346-scnv1ejp8d-97304 pid 18854: Test failure /root/private_data/lyc/rccl-tests/build/hipify/common.cu.cpp:1005
 .. crdnotebook-2076293935161401346-scnv1ejp8d-97304 pid 18854: Test failure /root/private_data/lyc/rccl-tests/build/hipify/common.cu.cpp:1746

crdnotebook-2076293935161401346-scnv1ejp8d-97304:18857:18857 [3] /data/jenkins_workspace/workspace/rccl_release/build/hipify/src/enqueue.cc:1746 NCCL WARN Error : no algorithm/protocol available
crdnotebook-2076293935161401346-scnv1ejp8d-97304:18857:18857 [3] NCCL INFO /data/jenkins_workspace/workspace/rccl_release/build/hipify/src/enqueue.cc:1898 -> error code 3
crdnotebook-2076293935161401346-scnv1ejp8d-97304:18857:18857 [3] NCCL INFO /data/jenkins_workspace/workspace/rccl_release/build/hipify/src/enqueue.cc:491 -> error code 3
crdnotebook-2076293935161401346-scnv1ejp8d-97304:18857:18857 [3] NCCL INFO /data/jenkins_workspace/workspace/rccl_release/build/hipify/src/group.cc:450 -> error code 3
crdnotebook-2076293935161401346-scnv1ejp8d-97304:18857:18857 [3] NCCL INFO /data/jenkins_workspace/workspace/rccl_release/build/hipify/src/group.cc:569 -> error code 3
crdnotebook-2076293935161401346-scnv1ejp8d-97304:18857:18857 [3] NCCL INFO /data/jenkins_workspace/workspace/rccl_release/build/hipify/src/enqueue.cc:2466 -> error code 3
crdnotebook-2076293935161401346-scnv1ejp8d-97304:18857:18857 [3] NCCL INFO /data/jenkins_workspace/workspace/rccl_release/build/hipify/src/collectives.cc:113 -> error code 3
crdnotebook-2076293935161401346-scnv1ejp8d-97304: Test NCCL failure /root/private_data/lyc/rccl-tests/build/hipify/all_gather.cu.cpp:56 'internal error - please report this issue to the NCCL developers / '
 .. crdnotebook-2076293935161401346-scnv1ejp8d-97304 pid 18857: Test failure /root/private_data/lyc/rccl-tests/build/hipify/common.cu.cpp:642
 .. crdnotebook-2076293935161401346-scnv1ejp8d-97304 pid 18857: Test failure /root/private_data/lyc/rccl-tests/build/hipify/common.cu.cpp:873
 .. crdnotebook-2076293935161401346-scnv1ejp8d-97304 pid 18857: Test failure /root/private_data/lyc/rccl-tests/build/hipify/all_gather.cu.cpp:91
 .. crdnotebook-2076293935161401346-scnv1ejp8d-97304 pid 18857: Test failure /root/private_data/lyc/rccl-tests/build/hipify/common.cu.cpp:1005
 .. crdnotebook-2076293935161401346-scnv1ejp8d-97304 pid 18857: Test failure /root/private_data/lyc/rccl-tests/build/hipify/common.cu.cpp:1746
crdnotebook-2076293935161401346-scnv1ejp8d-97304:18856:18856 [2] NCCL INFO /data/jenkins_workspace/workspace/rccl_release/build/hipify/src/group.cc:450 -> error code 3
crdnotebook-2076293935161401346-scnv1ejp8d-97304:18856:18856 [2] NCCL INFO /data/jenkins_workspace/workspace/rccl_release/build/hipify/src/group.cc:569 -> error code 3
crdnotebook-2076293935161401346-scnv1ejp8d-97304:18856:18856 [2] NCCL INFO /data/jenkins_workspace/workspace/rccl_release/build/hipify/src/enqueue.cc:2466 -> error code 3
crdnotebook-2076293935161401346-scnv1ejp8d-97304:18856:18856 [2] NCCL INFO /data/jenkins_workspace/workspace/rccl_release/build/hipify/src/collectives.cc:113 -> error code 3
crdnotebook-2076293935161401346-scnv1ejp8d-97304: Test NCCL failure /root/private_data/lyc/rccl-tests/build/hipify/all_gather.cu.cpp:56 'internal error - please report this issue to the NCCL developers / '
 .. crdnotebook-2076293935161401346-scnv1ejp8d-97304 pid 18856: Test failure /root/private_data/lyc/rccl-tests/build/hipify/common.cu.cpp:642
 .. crdnotebook-2076293935161401346-scnv1ejp8d-97304 pid 18856: Test failure /root/private_data/lyc/rccl-tests/build/hipify/common.cu.cpp:873
 .. crdnotebook-2076293935161401346-scnv1ejp8d-97304 pid 18856: Test failure /root/private_data/lyc/rccl-tests/build/hipify/all_gather.cu.cpp:91
 .. crdnotebook-2076293935161401346-scnv1ejp8d-97304 pid 18856: Test failure /root/private_data/lyc/rccl-tests/build/hipify/common.cu.cpp:1005
 .. crdnotebook-2076293935161401346-scnv1ejp8d-97304 pid 18856: Test failure /root/private_data/lyc/rccl-tests/build/hipify/common.cu.cpp:1746
 .. crdnotebook-2076293935161401346-scnv1ejp8d-97304 pid 18856: Test failure /root/private_data/lyc/rccl-tests/build/hipify/common.cu.cpp:1416
 .. crdnotebook-2076293935161401346-scnv1ejp8d-97304 pid 18855: Test failure /root/private_data/lyc/rccl-tests/build/hipify/common.cu.cpp:873
 .. crdnotebook-2076293935161401346-scnv1ejp8d-97304 pid 18855: Test failure /root/private_data/lyc/rccl-tests/build/hipify/all_gather.cu.cpp:91
 .. crdnotebook-2076293935161401346-scnv1ejp8d-97304 pid 18855: Test failure /root/private_data/lyc/rccl-tests/build/hipify/common.cu.cpp:1005
 .. crdnotebook-2076293935161401346-scnv1ejp8d-97304 pid 18855: Test failure /root/private_data/lyc/rccl-tests/build/hipify/common.cu.cpp:1746
 .. crdnotebook-2076293935161401346-scnv1ejp8d-97304 pid 18855: Test failure /root/private_data/lyc/rccl-tests/build/hipify/common.cu.cpp:1416
 .. crdnotebook-2076293935161401346-scnv1ejp8d-97304 pid 18854: Test failure /root/private_data/lyc/rccl-tests/build/hipify/common.cu.cpp:1416
 .. crdnotebook-2076293935161401346-scnv1ejp8d-97304 pid 18857: Test failure /root/private_data/lyc/rccl-tests/build/hipify/common.cu.cpp:1416
--------------------------------------------------------------------------
prterun detected that one or more processes exited with non-zero status,
thus causing the job to be terminated. The first process to do so was:

   Process name: [prterun-crdnotebook-2076293935161401346-scnv1ejp8d-97304-18849@1,0] Exit code:    3
--------------------------------------------------------------------------
# EXIT_STATUS 3
