[ ok ] case001_comm_C0_DEFAULT_N512_q2_rep1
[ ok ] case002_comm_C0_DEFAULT_N512_q2_rep2
[ ok ] case003_comm_C0_DEFAULT_N512_q2_rep3
[ ok ] case004_comm_C0_DEFAULT_N512_q2_rep4
[ ok ] case005_comm_C0_DEFAULT_N512_q2_rep5
[ ok ] case006_comm_C2_RING_SIMPLE_CH8_N512_q2_rep1
[ ok ] case007_comm_C2_RING_SIMPLE_CH8_N512_q2_rep2
[ ok ] case008_comm_C2_RING_SIMPLE_CH8_N512_q2_rep3
[ ok ] case009_comm_C2_RING_SIMPLE_CH8_N512_q2_rep4
[ ok ] case010_comm_C2_RING_SIMPLE_CH8_N512_q2_rep5
[ ok ] case011_gemm_C0_DEFAULT_N512_q2_rep1
[ ok ] case012_gemm_C0_DEFAULT_N512_q2_rep2
[ ok ] case013_gemm_C0_DEFAULT_N512_q2_rep3
[ ok ] case014_gemm_C0_DEFAULT_N512_q2_rep4
[ ok ] case015_gemm_C0_DEFAULT_N512_q2_rep5
[ ok ] case016_r0_C0_DEFAULT_N512_q2_rep1
[ ok ] case017_r0_C0_DEFAULT_N512_q2_rep2
[ ok ] case018_r0_C0_DEFAULT_N512_q2_rep3
[ ok ] case019_r0_C0_DEFAULT_N512_q2_rep4
[ ok ] case020_r0_C0_DEFAULT_N512_q2_rep5
[ ok ] case021_rs_C0_DEFAULT_N512_q2_rep1
[ ok ] case022_rs_C0_DEFAULT_N512_q2_rep2
[ ok ] case023_rs_C0_DEFAULT_N512_q2_rep3
[ ok ] case024_rs_C0_DEFAULT_N512_q2_rep4
[ ok ] case025_rs_C0_DEFAULT_N512_q2_rep5
[ ok ] case026_r1_C0_DEFAULT_N512_q2_rep1
[ ok ] case027_r1_C0_DEFAULT_N512_q2_rep2
[ ok ] case028_r1_C0_DEFAULT_N512_q2_rep3
[ ok ] case029_r1_C0_DEFAULT_N512_q2_rep4
[ ok ] case030_r1_C0_DEFAULT_N512_q2_rep5
[ ok ] case031_r1_C2_RING_SIMPLE_CH8_N512_q2_rep1
[ ok ] case032_r1_C2_RING_SIMPLE_CH8_N512_q2_rep2
[ ok ] case033_r1_C2_RING_SIMPLE_CH8_N512_q2_rep3
[ ok ] case034_r1_C2_RING_SIMPLE_CH8_N512_q2_rep4
[ ok ] case035_r1_C2_RING_SIMPLE_CH8_N512_q2_rep5
[ ok ] case036_fc_C0_DEFAULT_N512_q2_rep1
[ ok ] case037_fc_C0_DEFAULT_N512_q2_rep2
[ ok ] case038_fc_C0_DEFAULT_N512_q2_rep3
[ ok ] case039_fc_C0_DEFAULT_N512_q2_rep4
[ ok ] case040_fc_C0_DEFAULT_N512_q2_rep5
[ ok ] case041_dc_C0_DEFAULT_N512_q2_rep1
[ ok ] case042_dc_C0_DEFAULT_N512_q2_rep2
[ ok ] case043_dc_C0_DEFAULT_N512_q2_rep3
[ ok ] case044_dc_C0_DEFAULT_N512_q2_rep4
[ ok ] case045_dc_C0_DEFAULT_N512_q2_rep5
[ ok ] case046_d0_C0_DEFAULT_N512_q2_rep1
[ ok ] case047_d0_C0_DEFAULT_N512_q2_rep2
[ ok ] case048_d0_C0_DEFAULT_N512_q2_rep3
[ ok ] case049_d0_C0_DEFAULT_N512_q2_rep4
[ ok ] case050_d0_C0_DEFAULT_N512_q2_rep5
[ ok ] case051_ds_C0_DEFAULT_N512_q2_rep1
[ ok ] case052_ds_C0_DEFAULT_N512_q2_rep2
[ ok ] case053_ds_C0_DEFAULT_N512_q2_rep3
[ ok ] case054_ds_C0_DEFAULT_N512_q2_rep4
[ ok ] case055_ds_C0_DEFAULT_N512_q2_rep5
[ ok ] case056_d1_C0_DEFAULT_N512_q2_rep1
[ ok ] case057_d1_C0_DEFAULT_N512_q2_rep2
[ ok ] case058_d1_C0_DEFAULT_N512_q2_rep3
[ ok ] case059_d1_C0_DEFAULT_N512_q2_rep4
[ ok ] case060_d1_C0_DEFAULT_N512_q2_rep5
[ ok ] case061_comm_C0_DEFAULT_N512_q4_rep1
[ ok ] case062_comm_C0_DEFAULT_N512_q4_rep2
[ ok ] case063_comm_C0_DEFAULT_N512_q4_rep3
[ ok ] case064_comm_C0_DEFAULT_N512_q4_rep4
[ ok ] case065_comm_C0_DEFAULT_N512_q4_rep5
[ ok ] case066_comm_C2_RING_SIMPLE_CH8_N512_q4_rep1
[ ok ] case067_comm_C2_RING_SIMPLE_CH8_N512_q4_rep2
[ ok ] case068_comm_C2_RING_SIMPLE_CH8_N512_q4_rep3
[ ok ] case069_comm_C2_RING_SIMPLE_CH8_N512_q4_rep4
[ ok ] case070_comm_C2_RING_SIMPLE_CH8_N512_q4_rep5
[ ok ] case071_gemm_C0_DEFAULT_N512_q4_rep1
[ ok ] case072_gemm_C0_DEFAULT_N512_q4_rep2
[ ok ] case073_gemm_C0_DEFAULT_N512_q4_rep3
[ ok ] case074_gemm_C0_DEFAULT_N512_q4_rep4
[ ok ] case075_gemm_C0_DEFAULT_N512_q4_rep5
[ ok ] case076_r0_C0_DEFAULT_N512_q4_rep1
[ ok ] case077_r0_C0_DEFAULT_N512_q4_rep2
[ ok ] case078_r0_C0_DEFAULT_N512_q4_rep3
[ ok ] case079_r0_C0_DEFAULT_N512_q4_rep4
[ ok ] case080_r0_C0_DEFAULT_N512_q4_rep5
[ ok ] case081_rs_C0_DEFAULT_N512_q4_rep1
[ ok ] case082_rs_C0_DEFAULT_N512_q4_rep2
[ ok ] case083_rs_C0_DEFAULT_N512_q4_rep3
[ ok ] case084_rs_C0_DEFAULT_N512_q4_rep4
[ ok ] case085_rs_C0_DEFAULT_N512_q4_rep5
[ ok ] case086_r1_C0_DEFAULT_N512_q4_rep1
[ ok ] case087_r1_C0_DEFAULT_N512_q4_rep2
[ ok ] case088_r1_C0_DEFAULT_N512_q4_rep3
[ ok ] case089_r1_C0_DEFAULT_N512_q4_rep4
[ ok ] case090_r1_C0_DEFAULT_N512_q4_rep5
[ ok ] case091_r1_C2_RING_SIMPLE_CH8_N512_q4_rep1
[ ok ] case092_r1_C2_RING_SIMPLE_CH8_N512_q4_rep2
[ ok ] case093_r1_C2_RING_SIMPLE_CH8_N512_q4_rep3
[ ok ] case094_r1_C2_RING_SIMPLE_CH8_N512_q4_rep4
[ ok ] case095_r1_C2_RING_SIMPLE_CH8_N512_q4_rep5
[ ok ] case096_fc_C0_DEFAULT_N512_q4_rep1
[ ok ] case097_fc_C0_DEFAULT_N512_q4_rep2
[ ok ] case098_fc_C0_DEFAULT_N512_q4_rep3
[ ok ] case099_fc_C0_DEFAULT_N512_q4_rep4
[ ok ] case100_fc_C0_DEFAULT_N512_q4_rep5
[ ok ] case101_dc_C0_DEFAULT_N512_q4_rep1
[ ok ] case102_dc_C0_DEFAULT_N512_q4_rep2
[ ok ] case103_dc_C0_DEFAULT_N512_q4_rep3
[ ok ] case104_dc_C0_DEFAULT_N512_q4_rep4
[ ok ] case105_dc_C0_DEFAULT_N512_q4_rep5
[ ok ] case106_d0_C0_DEFAULT_N512_q4_rep1
[ ok ] case107_d0_C0_DEFAULT_N512_q4_rep2
[ ok ] case108_d0_C0_DEFAULT_N512_q4_rep3
[ ok ] case109_d0_C0_DEFAULT_N512_q4_rep4
[ ok ] case110_d0_C0_DEFAULT_N512_q4_rep5
[ ok ] case111_ds_C0_DEFAULT_N512_q4_rep1
[ ok ] case112_ds_C0_DEFAULT_N512_q4_rep2
[ ok ] case113_ds_C0_DEFAULT_N512_q4_rep3
[ ok ] case114_ds_C0_DEFAULT_N512_q4_rep4
[ ok ] case115_ds_C0_DEFAULT_N512_q4_rep5
[ ok ] case116_d1_C0_DEFAULT_N512_q4_rep1
[ ok ] case117_d1_C0_DEFAULT_N512_q4_rep2
[ ok ] case118_d1_C0_DEFAULT_N512_q4_rep3
[ ok ] case119_d1_C0_DEFAULT_N512_q4_rep4
[ ok ] case120_d1_C0_DEFAULT_N512_q4_rep5
[ ok ] case121_comm_C0_DEFAULT_N512_q8_rep1
[ ok ] case122_comm_C0_DEFAULT_N512_q8_rep2
[ ok ] case123_comm_C0_DEFAULT_N512_q8_rep3
[ ok ] case124_comm_C0_DEFAULT_N512_q8_rep4
[ ok ] case125_comm_C0_DEFAULT_N512_q8_rep5
[ ok ] case126_comm_C2_RING_SIMPLE_CH8_N512_q8_rep1
[ ok ] case127_comm_C2_RING_SIMPLE_CH8_N512_q8_rep2
[ ok ] case128_comm_C2_RING_SIMPLE_CH8_N512_q8_rep3
[ ok ] case129_comm_C2_RING_SIMPLE_CH8_N512_q8_rep4
[ ok ] case130_comm_C2_RING_SIMPLE_CH8_N512_q8_rep5
[ ok ] case131_gemm_C0_DEFAULT_N512_q8_rep1
[ ok ] case132_gemm_C0_DEFAULT_N512_q8_rep2
[ ok ] case133_gemm_C0_DEFAULT_N512_q8_rep3
[ ok ] case134_gemm_C0_DEFAULT_N512_q8_rep4
[ ok ] case135_gemm_C0_DEFAULT_N512_q8_rep5
[ ok ] case136_r0_C0_DEFAULT_N512_q8_rep1
[ ok ] case137_r0_C0_DEFAULT_N512_q8_rep2
[ ok ] case138_r0_C0_DEFAULT_N512_q8_rep3
[ ok ] case139_r0_C0_DEFAULT_N512_q8_rep4
[ ok ] case140_r0_C0_DEFAULT_N512_q8_rep5
[ ok ] case141_rs_C0_DEFAULT_N512_q8_rep1
[ ok ] case142_rs_C0_DEFAULT_N512_q8_rep2
[ ok ] case143_rs_C0_DEFAULT_N512_q8_rep3
[ ok ] case144_rs_C0_DEFAULT_N512_q8_rep4
[ ok ] case145_rs_C0_DEFAULT_N512_q8_rep5
[ ok ] case146_r1_C0_DEFAULT_N512_q8_rep1
[ ok ] case147_r1_C0_DEFAULT_N512_q8_rep2
[ ok ] case148_r1_C0_DEFAULT_N512_q8_rep3
[ ok ] case149_r1_C0_DEFAULT_N512_q8_rep4
[ ok ] case150_r1_C0_DEFAULT_N512_q8_rep5
[ ok ] case151_r1_C2_RING_SIMPLE_CH8_N512_q8_rep1
[ ok ] case152_r1_C2_RING_SIMPLE_CH8_N512_q8_rep2
[ ok ] case153_r1_C2_RING_SIMPLE_CH8_N512_q8_rep3
[ ok ] case154_r1_C2_RING_SIMPLE_CH8_N512_q8_rep4
[ ok ] case155_r1_C2_RING_SIMPLE_CH8_N512_q8_rep5
[ ok ] case156_fc_C0_DEFAULT_N512_q8_rep1
[ ok ] case157_fc_C0_DEFAULT_N512_q8_rep2
[ ok ] case158_fc_C0_DEFAULT_N512_q8_rep3
[ ok ] case159_fc_C0_DEFAULT_N512_q8_rep4
[ ok ] case160_fc_C0_DEFAULT_N512_q8_rep5
[ ok ] case161_dc_C0_DEFAULT_N512_q8_rep1
[ ok ] case162_dc_C0_DEFAULT_N512_q8_rep2
[ ok ] case163_dc_C0_DEFAULT_N512_q8_rep3
[ ok ] case164_dc_C0_DEFAULT_N512_q8_rep4
[ ok ] case165_dc_C0_DEFAULT_N512_q8_rep5
[ ok ] case166_d0_C0_DEFAULT_N512_q8_rep1
[ ok ] case167_d0_C0_DEFAULT_N512_q8_rep2
[ ok ] case168_d0_C0_DEFAULT_N512_q8_rep3
[ ok ] case169_d0_C0_DEFAULT_N512_q8_rep4
[ ok ] case170_d0_C0_DEFAULT_N512_q8_rep5
[ ok ] case171_ds_C0_DEFAULT_N512_q8_rep1
[ ok ] case172_ds_C0_DEFAULT_N512_q8_rep2
[ ok ] case173_ds_C0_DEFAULT_N512_q8_rep3
[ ok ] case174_ds_C0_DEFAULT_N512_q8_rep4
[ ok ] case175_ds_C0_DEFAULT_N512_q8_rep5
[ ok ] case176_d1_C0_DEFAULT_N512_q8_rep1
[ ok ] case177_d1_C0_DEFAULT_N512_q8_rep2
[ ok ] case178_d1_C0_DEFAULT_N512_q8_rep3
[ ok ] case179_d1_C0_DEFAULT_N512_q8_rep4
[ ok ] case180_d1_C0_DEFAULT_N512_q8_rep5
[ ok ] case181_comm_C0_DEFAULT_N2048_q2_rep1
[ ok ] case182_comm_C0_DEFAULT_N2048_q2_rep2
[ ok ] case183_comm_C0_DEFAULT_N2048_q2_rep3
[ ok ] case184_comm_C0_DEFAULT_N2048_q2_rep4
[ ok ] case185_comm_C0_DEFAULT_N2048_q2_rep5
[ ok ] case186_comm_C2_RING_SIMPLE_CH8_N2048_q2_rep1
[ ok ] case187_comm_C2_RING_SIMPLE_CH8_N2048_q2_rep2
[ ok ] case188_comm_C2_RING_SIMPLE_CH8_N2048_q2_rep3
[ ok ] case189_comm_C2_RING_SIMPLE_CH8_N2048_q2_rep4
[ ok ] case190_comm_C2_RING_SIMPLE_CH8_N2048_q2_rep5
[ ok ] case191_gemm_C0_DEFAULT_N2048_q2_rep1
[ ok ] case192_gemm_C0_DEFAULT_N2048_q2_rep2
[ ok ] case193_gemm_C0_DEFAULT_N2048_q2_rep3
[ ok ] case194_gemm_C0_DEFAULT_N2048_q2_rep4
[ ok ] case195_gemm_C0_DEFAULT_N2048_q2_rep5
[ ok ] case196_r0_C0_DEFAULT_N2048_q2_rep1
[ ok ] case197_r0_C0_DEFAULT_N2048_q2_rep2
[ ok ] case198_r0_C0_DEFAULT_N2048_q2_rep3
[ ok ] case199_r0_C0_DEFAULT_N2048_q2_rep4
[ ok ] case200_r0_C0_DEFAULT_N2048_q2_rep5
[ ok ] case201_rs_C0_DEFAULT_N2048_q2_rep1
[ ok ] case202_rs_C0_DEFAULT_N2048_q2_rep2
[ ok ] case203_rs_C0_DEFAULT_N2048_q2_rep3
[ ok ] case204_rs_C0_DEFAULT_N2048_q2_rep4
[ ok ] case205_rs_C0_DEFAULT_N2048_q2_rep5
[ ok ] case206_r1_C0_DEFAULT_N2048_q2_rep1
[ ok ] case207_r1_C0_DEFAULT_N2048_q2_rep2
[ ok ] case208_r1_C0_DEFAULT_N2048_q2_rep3
[ ok ] case209_r1_C0_DEFAULT_N2048_q2_rep4
[ ok ] case210_r1_C0_DEFAULT_N2048_q2_rep5
[ ok ] case211_r1_C2_RING_SIMPLE_CH8_N2048_q2_rep1
[ ok ] case212_r1_C2_RING_SIMPLE_CH8_N2048_q2_rep2
[ ok ] case213_r1_C2_RING_SIMPLE_CH8_N2048_q2_rep3
[ ok ] case214_r1_C2_RING_SIMPLE_CH8_N2048_q2_rep4
[ ok ] case215_r1_C2_RING_SIMPLE_CH8_N2048_q2_rep5
[ ok ] case216_fc_C0_DEFAULT_N2048_q2_rep1
[ ok ] case217_fc_C0_DEFAULT_N2048_q2_rep2
[ ok ] case218_fc_C0_DEFAULT_N2048_q2_rep3
[ ok ] case219_fc_C0_DEFAULT_N2048_q2_rep4
[ ok ] case220_fc_C0_DEFAULT_N2048_q2_rep5
[ ok ] case221_dc_C0_DEFAULT_N2048_q2_rep1
[ ok ] case222_dc_C0_DEFAULT_N2048_q2_rep2
[ ok ] case223_dc_C0_DEFAULT_N2048_q2_rep3
[ ok ] case224_dc_C0_DEFAULT_N2048_q2_rep4
[ ok ] case225_dc_C0_DEFAULT_N2048_q2_rep5
[ ok ] case226_d0_C0_DEFAULT_N2048_q2_rep1
[ ok ] case227_d0_C0_DEFAULT_N2048_q2_rep2
[ ok ] case228_d0_C0_DEFAULT_N2048_q2_rep3
[ ok ] case229_d0_C0_DEFAULT_N2048_q2_rep4
[ ok ] case230_d0_C0_DEFAULT_N2048_q2_rep5
[ ok ] case231_ds_C0_DEFAULT_N2048_q2_rep1
[ ok ] case232_ds_C0_DEFAULT_N2048_q2_rep2
[ ok ] case233_ds_C0_DEFAULT_N2048_q2_rep3
[ ok ] case234_ds_C0_DEFAULT_N2048_q2_rep4
[ ok ] case235_ds_C0_DEFAULT_N2048_q2_rep5
[ ok ] case236_d1_C0_DEFAULT_N2048_q2_rep1
[ ok ] case237_d1_C0_DEFAULT_N2048_q2_rep2
[ ok ] case238_d1_C0_DEFAULT_N2048_q2_rep3
[ ok ] case239_d1_C0_DEFAULT_N2048_q2_rep4
[ ok ] case240_d1_C0_DEFAULT_N2048_q2_rep5
[ ok ] case241_comm_C0_DEFAULT_N2048_q4_rep1
[ ok ] case242_comm_C0_DEFAULT_N2048_q4_rep2
[ ok ] case243_comm_C0_DEFAULT_N2048_q4_rep3
[ ok ] case244_comm_C0_DEFAULT_N2048_q4_rep4
[ ok ] case245_comm_C0_DEFAULT_N2048_q4_rep5
[ ok ] case246_comm_C2_RING_SIMPLE_CH8_N2048_q4_rep1
[ ok ] case247_comm_C2_RING_SIMPLE_CH8_N2048_q4_rep2
[ ok ] case248_comm_C2_RING_SIMPLE_CH8_N2048_q4_rep3
[ ok ] case249_comm_C2_RING_SIMPLE_CH8_N2048_q4_rep4
[ ok ] case250_comm_C2_RING_SIMPLE_CH8_N2048_q4_rep5
[ ok ] case251_gemm_C0_DEFAULT_N2048_q4_rep1
[ ok ] case252_gemm_C0_DEFAULT_N2048_q4_rep2
[ ok ] case253_gemm_C0_DEFAULT_N2048_q4_rep3
[ ok ] case254_gemm_C0_DEFAULT_N2048_q4_rep4
[ ok ] case255_gemm_C0_DEFAULT_N2048_q4_rep5
[ ok ] case256_r0_C0_DEFAULT_N2048_q4_rep1
[ ok ] case257_r0_C0_DEFAULT_N2048_q4_rep2
[ ok ] case258_r0_C0_DEFAULT_N2048_q4_rep3
[ ok ] case259_r0_C0_DEFAULT_N2048_q4_rep4
[ ok ] case260_r0_C0_DEFAULT_N2048_q4_rep5
[ ok ] case261_rs_C0_DEFAULT_N2048_q4_rep1
[ ok ] case262_rs_C0_DEFAULT_N2048_q4_rep2
[ ok ] case263_rs_C0_DEFAULT_N2048_q4_rep3
[ ok ] case264_rs_C0_DEFAULT_N2048_q4_rep4
[ ok ] case265_rs_C0_DEFAULT_N2048_q4_rep5
[ ok ] case266_r1_C0_DEFAULT_N2048_q4_rep1
[ ok ] case267_r1_C0_DEFAULT_N2048_q4_rep2
[ ok ] case268_r1_C0_DEFAULT_N2048_q4_rep3
[ ok ] case269_r1_C0_DEFAULT_N2048_q4_rep4
[ ok ] case270_r1_C0_DEFAULT_N2048_q4_rep5
[ ok ] case271_r1_C2_RING_SIMPLE_CH8_N2048_q4_rep1
[ ok ] case272_r1_C2_RING_SIMPLE_CH8_N2048_q4_rep2
[ ok ] case273_r1_C2_RING_SIMPLE_CH8_N2048_q4_rep3
[ ok ] case274_r1_C2_RING_SIMPLE_CH8_N2048_q4_rep4
[ ok ] case275_r1_C2_RING_SIMPLE_CH8_N2048_q4_rep5
[ ok ] case276_fc_C0_DEFAULT_N2048_q4_rep1
[ ok ] case277_fc_C0_DEFAULT_N2048_q4_rep2
[ ok ] case278_fc_C0_DEFAULT_N2048_q4_rep3
[ ok ] case279_fc_C0_DEFAULT_N2048_q4_rep4
[ ok ] case280_fc_C0_DEFAULT_N2048_q4_rep5
[ ok ] case281_dc_C0_DEFAULT_N2048_q4_rep1
[ ok ] case282_dc_C0_DEFAULT_N2048_q4_rep2
[ ok ] case283_dc_C0_DEFAULT_N2048_q4_rep3
[ ok ] case284_dc_C0_DEFAULT_N2048_q4_rep4
[ ok ] case285_dc_C0_DEFAULT_N2048_q4_rep5
[ ok ] case286_d0_C0_DEFAULT_N2048_q4_rep1
[ ok ] case287_d0_C0_DEFAULT_N2048_q4_rep2
[ ok ] case288_d0_C0_DEFAULT_N2048_q4_rep3
[ ok ] case289_d0_C0_DEFAULT_N2048_q4_rep4
[ ok ] case290_d0_C0_DEFAULT_N2048_q4_rep5
[ ok ] case291_ds_C0_DEFAULT_N2048_q4_rep1
[ ok ] case292_ds_C0_DEFAULT_N2048_q4_rep2
[ ok ] case293_ds_C0_DEFAULT_N2048_q4_rep3
[ ok ] case294_ds_C0_DEFAULT_N2048_q4_rep4
[ ok ] case295_ds_C0_DEFAULT_N2048_q4_rep5
[ ok ] case296_d1_C0_DEFAULT_N2048_q4_rep1
[ ok ] case297_d1_C0_DEFAULT_N2048_q4_rep2
[ ok ] case298_d1_C0_DEFAULT_N2048_q4_rep3
[ ok ] case299_d1_C0_DEFAULT_N2048_q4_rep4
[ ok ] case300_d1_C0_DEFAULT_N2048_q4_rep5
[ ok ] case301_comm_C0_DEFAULT_N2048_q8_rep1
[ ok ] case302_comm_C0_DEFAULT_N2048_q8_rep2
[ ok ] case303_comm_C0_DEFAULT_N2048_q8_rep3
[ ok ] case304_comm_C0_DEFAULT_N2048_q8_rep4
[ ok ] case305_comm_C0_DEFAULT_N2048_q8_rep5
[ ok ] case306_comm_C2_RING_SIMPLE_CH8_N2048_q8_rep1
[ ok ] case307_comm_C2_RING_SIMPLE_CH8_N2048_q8_rep2
[ ok ] case308_comm_C2_RING_SIMPLE_CH8_N2048_q8_rep3
[ ok ] case309_comm_C2_RING_SIMPLE_CH8_N2048_q8_rep4
[ ok ] case310_comm_C2_RING_SIMPLE_CH8_N2048_q8_rep5
[ ok ] case311_gemm_C0_DEFAULT_N2048_q8_rep1
[ ok ] case312_gemm_C0_DEFAULT_N2048_q8_rep2
[ ok ] case313_gemm_C0_DEFAULT_N2048_q8_rep3
[ ok ] case314_gemm_C0_DEFAULT_N2048_q8_rep4
[ ok ] case315_gemm_C0_DEFAULT_N2048_q8_rep5
[ ok ] case316_r0_C0_DEFAULT_N2048_q8_rep1
[ ok ] case317_r0_C0_DEFAULT_N2048_q8_rep2
[ ok ] case318_r0_C0_DEFAULT_N2048_q8_rep3
[ ok ] case319_r0_C0_DEFAULT_N2048_q8_rep4
[ ok ] case320_r0_C0_DEFAULT_N2048_q8_rep5
[ ok ] case321_rs_C0_DEFAULT_N2048_q8_rep1
[ ok ] case322_rs_C0_DEFAULT_N2048_q8_rep2
[ ok ] case323_rs_C0_DEFAULT_N2048_q8_rep3
[ ok ] case324_rs_C0_DEFAULT_N2048_q8_rep4
[ ok ] case325_rs_C0_DEFAULT_N2048_q8_rep5
[ ok ] case326_r1_C0_DEFAULT_N2048_q8_rep1
[ ok ] case327_r1_C0_DEFAULT_N2048_q8_rep2
[ ok ] case328_r1_C0_DEFAULT_N2048_q8_rep3
[ ok ] case329_r1_C0_DEFAULT_N2048_q8_rep4
[ ok ] case330_r1_C0_DEFAULT_N2048_q8_rep5
[ ok ] case331_r1_C2_RING_SIMPLE_CH8_N2048_q8_rep1
[ ok ] case332_r1_C2_RING_SIMPLE_CH8_N2048_q8_rep2
[ ok ] case333_r1_C2_RING_SIMPLE_CH8_N2048_q8_rep3
[ ok ] case334_r1_C2_RING_SIMPLE_CH8_N2048_q8_rep4
[ ok ] case335_r1_C2_RING_SIMPLE_CH8_N2048_q8_rep5
[ ok ] case336_fc_C0_DEFAULT_N2048_q8_rep1
[ ok ] case337_fc_C0_DEFAULT_N2048_q8_rep2
[ ok ] case338_fc_C0_DEFAULT_N2048_q8_rep3
[ ok ] case339_fc_C0_DEFAULT_N2048_q8_rep4
[ ok ] case340_fc_C0_DEFAULT_N2048_q8_rep5
[ ok ] case341_dc_C0_DEFAULT_N2048_q8_rep1
[ ok ] case342_dc_C0_DEFAULT_N2048_q8_rep2
[ ok ] case343_dc_C0_DEFAULT_N2048_q8_rep3
[ ok ] case344_dc_C0_DEFAULT_N2048_q8_rep4
[ ok ] case345_dc_C0_DEFAULT_N2048_q8_rep5
[ ok ] case346_d0_C0_DEFAULT_N2048_q8_rep1
[ ok ] case347_d0_C0_DEFAULT_N2048_q8_rep2
[ ok ] case348_d0_C0_DEFAULT_N2048_q8_rep3
[ ok ] case349_d0_C0_DEFAULT_N2048_q8_rep4
[ ok ] case350_d0_C0_DEFAULT_N2048_q8_rep5
[ ok ] case351_ds_C0_DEFAULT_N2048_q8_rep1
[ ok ] case352_ds_C0_DEFAULT_N2048_q8_rep2
[ ok ] case353_ds_C0_DEFAULT_N2048_q8_rep3
[ ok ] case354_ds_C0_DEFAULT_N2048_q8_rep4
[ ok ] case355_ds_C0_DEFAULT_N2048_q8_rep5
[ ok ] case356_d1_C0_DEFAULT_N2048_q8_rep1
[ ok ] case357_d1_C0_DEFAULT_N2048_q8_rep2
[ ok ] case358_d1_C0_DEFAULT_N2048_q8_rep3
[ ok ] case359_d1_C0_DEFAULT_N2048_q8_rep4
[ ok ] case360_d1_C0_DEFAULT_N2048_q8_rep5
[ ok ] case361_comm_C0_DEFAULT_N4096_q2_rep1
[ ok ] case362_comm_C0_DEFAULT_N4096_q2_rep2
[ ok ] case363_comm_C0_DEFAULT_N4096_q2_rep3
[ ok ] case364_comm_C0_DEFAULT_N4096_q2_rep4
[ ok ] case365_comm_C0_DEFAULT_N4096_q2_rep5
[ ok ] case366_comm_C2_RING_SIMPLE_CH8_N4096_q2_rep1
[ ok ] case367_comm_C2_RING_SIMPLE_CH8_N4096_q2_rep2
[ ok ] case368_comm_C2_RING_SIMPLE_CH8_N4096_q2_rep3
[ ok ] case369_comm_C2_RING_SIMPLE_CH8_N4096_q2_rep4
[ ok ] case370_comm_C2_RING_SIMPLE_CH8_N4096_q2_rep5
[ ok ] case371_gemm_C0_DEFAULT_N4096_q2_rep1
[ ok ] case372_gemm_C0_DEFAULT_N4096_q2_rep2
[ ok ] case373_gemm_C0_DEFAULT_N4096_q2_rep3
[ ok ] case374_gemm_C0_DEFAULT_N4096_q2_rep4
[ ok ] case375_gemm_C0_DEFAULT_N4096_q2_rep5
[ ok ] case376_r0_C0_DEFAULT_N4096_q2_rep1
[ ok ] case377_r0_C0_DEFAULT_N4096_q2_rep2
[ ok ] case378_r0_C0_DEFAULT_N4096_q2_rep3
[ ok ] case379_r0_C0_DEFAULT_N4096_q2_rep4
[ ok ] case380_r0_C0_DEFAULT_N4096_q2_rep5
[ ok ] case381_rs_C0_DEFAULT_N4096_q2_rep1
[ ok ] case382_rs_C0_DEFAULT_N4096_q2_rep2
[ ok ] case383_rs_C0_DEFAULT_N4096_q2_rep3
[ ok ] case384_rs_C0_DEFAULT_N4096_q2_rep4
[ ok ] case385_rs_C0_DEFAULT_N4096_q2_rep5
[ ok ] case386_r1_C0_DEFAULT_N4096_q2_rep1
[ ok ] case387_r1_C0_DEFAULT_N4096_q2_rep2
[ ok ] case388_r1_C0_DEFAULT_N4096_q2_rep3
[ ok ] case389_r1_C0_DEFAULT_N4096_q2_rep4
[ ok ] case390_r1_C0_DEFAULT_N4096_q2_rep5
[ ok ] case391_r1_C2_RING_SIMPLE_CH8_N4096_q2_rep1
[ ok ] case392_r1_C2_RING_SIMPLE_CH8_N4096_q2_rep2
[ ok ] case393_r1_C2_RING_SIMPLE_CH8_N4096_q2_rep3
[ ok ] case394_r1_C2_RING_SIMPLE_CH8_N4096_q2_rep4
[ ok ] case395_r1_C2_RING_SIMPLE_CH8_N4096_q2_rep5
[ ok ] case396_fc_C0_DEFAULT_N4096_q2_rep1
[ ok ] case397_fc_C0_DEFAULT_N4096_q2_rep2
[ ok ] case398_fc_C0_DEFAULT_N4096_q2_rep3
[ ok ] case399_fc_C0_DEFAULT_N4096_q2_rep4
[ ok ] case400_fc_C0_DEFAULT_N4096_q2_rep5
[ ok ] case401_dc_C0_DEFAULT_N4096_q2_rep1
[ ok ] case402_dc_C0_DEFAULT_N4096_q2_rep2
[ ok ] case403_dc_C0_DEFAULT_N4096_q2_rep3
[ ok ] case404_dc_C0_DEFAULT_N4096_q2_rep4
[ ok ] case405_dc_C0_DEFAULT_N4096_q2_rep5
[ ok ] case406_d0_C0_DEFAULT_N4096_q2_rep1
[ ok ] case407_d0_C0_DEFAULT_N4096_q2_rep2
[ ok ] case408_d0_C0_DEFAULT_N4096_q2_rep3
[ ok ] case409_d0_C0_DEFAULT_N4096_q2_rep4
[ ok ] case410_d0_C0_DEFAULT_N4096_q2_rep5
[ ok ] case411_ds_C0_DEFAULT_N4096_q2_rep1
[ ok ] case412_ds_C0_DEFAULT_N4096_q2_rep2
[ ok ] case413_ds_C0_DEFAULT_N4096_q2_rep3
[ ok ] case414_ds_C0_DEFAULT_N4096_q2_rep4
[ ok ] case415_ds_C0_DEFAULT_N4096_q2_rep5
[ ok ] case416_d1_C0_DEFAULT_N4096_q2_rep1
[ ok ] case417_d1_C0_DEFAULT_N4096_q2_rep2
[ ok ] case418_d1_C0_DEFAULT_N4096_q2_rep3
[ ok ] case419_d1_C0_DEFAULT_N4096_q2_rep4
[ ok ] case420_d1_C0_DEFAULT_N4096_q2_rep5
[ ok ] case421_comm_C0_DEFAULT_N4096_q4_rep1
[ ok ] case422_comm_C0_DEFAULT_N4096_q4_rep2
[ ok ] case423_comm_C0_DEFAULT_N4096_q4_rep3
[ ok ] case424_comm_C0_DEFAULT_N4096_q4_rep4
[ ok ] case425_comm_C0_DEFAULT_N4096_q4_rep5
[ ok ] case426_comm_C2_RING_SIMPLE_CH8_N4096_q4_rep1
[ ok ] case427_comm_C2_RING_SIMPLE_CH8_N4096_q4_rep2
[ ok ] case428_comm_C2_RING_SIMPLE_CH8_N4096_q4_rep3
[ ok ] case429_comm_C2_RING_SIMPLE_CH8_N4096_q4_rep4
[ ok ] case430_comm_C2_RING_SIMPLE_CH8_N4096_q4_rep5
[ ok ] case431_gemm_C0_DEFAULT_N4096_q4_rep1
[ ok ] case432_gemm_C0_DEFAULT_N4096_q4_rep2
[ ok ] case433_gemm_C0_DEFAULT_N4096_q4_rep3
[ ok ] case434_gemm_C0_DEFAULT_N4096_q4_rep4
[ ok ] case435_gemm_C0_DEFAULT_N4096_q4_rep5
[ ok ] case436_r0_C0_DEFAULT_N4096_q4_rep1
[ ok ] case437_r0_C0_DEFAULT_N4096_q4_rep2
[ ok ] case438_r0_C0_DEFAULT_N4096_q4_rep3
[ ok ] case439_r0_C0_DEFAULT_N4096_q4_rep4
[ ok ] case440_r0_C0_DEFAULT_N4096_q4_rep5
[ ok ] case441_rs_C0_DEFAULT_N4096_q4_rep1
[ ok ] case442_rs_C0_DEFAULT_N4096_q4_rep2
[ ok ] case443_rs_C0_DEFAULT_N4096_q4_rep3
[ ok ] case444_rs_C0_DEFAULT_N4096_q4_rep4
[ ok ] case445_rs_C0_DEFAULT_N4096_q4_rep5
[ ok ] case446_r1_C0_DEFAULT_N4096_q4_rep1
[ ok ] case447_r1_C0_DEFAULT_N4096_q4_rep2
[ ok ] case448_r1_C0_DEFAULT_N4096_q4_rep3
[ ok ] case449_r1_C0_DEFAULT_N4096_q4_rep4
[ ok ] case450_r1_C0_DEFAULT_N4096_q4_rep5
[ ok ] case451_r1_C2_RING_SIMPLE_CH8_N4096_q4_rep1
[ ok ] case452_r1_C2_RING_SIMPLE_CH8_N4096_q4_rep2
[ ok ] case453_r1_C2_RING_SIMPLE_CH8_N4096_q4_rep3
[ ok ] case454_r1_C2_RING_SIMPLE_CH8_N4096_q4_rep4
[ ok ] case455_r1_C2_RING_SIMPLE_CH8_N4096_q4_rep5
[ ok ] case456_fc_C0_DEFAULT_N4096_q4_rep1
[ ok ] case457_fc_C0_DEFAULT_N4096_q4_rep2
[ ok ] case458_fc_C0_DEFAULT_N4096_q4_rep3
[ ok ] case459_fc_C0_DEFAULT_N4096_q4_rep4
[ ok ] case460_fc_C0_DEFAULT_N4096_q4_rep5
[ ok ] case461_dc_C0_DEFAULT_N4096_q4_rep1
[ ok ] case462_dc_C0_DEFAULT_N4096_q4_rep2
[ ok ] case463_dc_C0_DEFAULT_N4096_q4_rep3
[ ok ] case464_dc_C0_DEFAULT_N4096_q4_rep4
[ ok ] case465_dc_C0_DEFAULT_N4096_q4_rep5
[ ok ] case466_d0_C0_DEFAULT_N4096_q4_rep1
[ ok ] case467_d0_C0_DEFAULT_N4096_q4_rep2
[ ok ] case468_d0_C0_DEFAULT_N4096_q4_rep3
[ ok ] case469_d0_C0_DEFAULT_N4096_q4_rep4
[ ok ] case470_d0_C0_DEFAULT_N4096_q4_rep5
[ ok ] case471_ds_C0_DEFAULT_N4096_q4_rep1
[ ok ] case472_ds_C0_DEFAULT_N4096_q4_rep2
[ ok ] case473_ds_C0_DEFAULT_N4096_q4_rep3
[ ok ] case474_ds_C0_DEFAULT_N4096_q4_rep4
[ ok ] case475_ds_C0_DEFAULT_N4096_q4_rep5
[ ok ] case476_d1_C0_DEFAULT_N4096_q4_rep1
[ ok ] case477_d1_C0_DEFAULT_N4096_q4_rep2
[ ok ] case478_d1_C0_DEFAULT_N4096_q4_rep3
[ ok ] case479_d1_C0_DEFAULT_N4096_q4_rep4
[ ok ] case480_d1_C0_DEFAULT_N4096_q4_rep5
[ ok ] case481_comm_C0_DEFAULT_N4096_q8_rep1
[ ok ] case482_comm_C0_DEFAULT_N4096_q8_rep2
[ ok ] case483_comm_C0_DEFAULT_N4096_q8_rep3
[ ok ] case484_comm_C0_DEFAULT_N4096_q8_rep4
[ ok ] case485_comm_C0_DEFAULT_N4096_q8_rep5
[ ok ] case486_comm_C2_RING_SIMPLE_CH8_N4096_q8_rep1
[ ok ] case487_comm_C2_RING_SIMPLE_CH8_N4096_q8_rep2
[ ok ] case488_comm_C2_RING_SIMPLE_CH8_N4096_q8_rep3
[ ok ] case489_comm_C2_RING_SIMPLE_CH8_N4096_q8_rep4
[ ok ] case490_comm_C2_RING_SIMPLE_CH8_N4096_q8_rep5
[ ok ] case491_gemm_C0_DEFAULT_N4096_q8_rep1
[ ok ] case492_gemm_C0_DEFAULT_N4096_q8_rep2
[ ok ] case493_gemm_C0_DEFAULT_N4096_q8_rep3
[ ok ] case494_gemm_C0_DEFAULT_N4096_q8_rep4
[ ok ] case495_gemm_C0_DEFAULT_N4096_q8_rep5
[ ok ] case496_r0_C0_DEFAULT_N4096_q8_rep1
[ ok ] case497_r0_C0_DEFAULT_N4096_q8_rep2
[ ok ] case498_r0_C0_DEFAULT_N4096_q8_rep3
[ ok ] case499_r0_C0_DEFAULT_N4096_q8_rep4
[ ok ] case500_r0_C0_DEFAULT_N4096_q8_rep5
[ ok ] case501_rs_C0_DEFAULT_N4096_q8_rep1
[ ok ] case502_rs_C0_DEFAULT_N4096_q8_rep2
[ ok ] case503_rs_C0_DEFAULT_N4096_q8_rep3
[ ok ] case504_rs_C0_DEFAULT_N4096_q8_rep4
[ ok ] case505_rs_C0_DEFAULT_N4096_q8_rep5
[ ok ] case506_r1_C0_DEFAULT_N4096_q8_rep1
[ ok ] case507_r1_C0_DEFAULT_N4096_q8_rep2
[ ok ] case508_r1_C0_DEFAULT_N4096_q8_rep3
[ ok ] case509_r1_C0_DEFAULT_N4096_q8_rep4
[ ok ] case510_r1_C0_DEFAULT_N4096_q8_rep5
[ ok ] case511_r1_C2_RING_SIMPLE_CH8_N4096_q8_rep1
[ ok ] case512_r1_C2_RING_SIMPLE_CH8_N4096_q8_rep2
[ ok ] case513_r1_C2_RING_SIMPLE_CH8_N4096_q8_rep3
[ ok ] case514_r1_C2_RING_SIMPLE_CH8_N4096_q8_rep4
[ ok ] case515_r1_C2_RING_SIMPLE_CH8_N4096_q8_rep5
[ ok ] case516_fc_C0_DEFAULT_N4096_q8_rep1
[ ok ] case517_fc_C0_DEFAULT_N4096_q8_rep2
[ ok ] case518_fc_C0_DEFAULT_N4096_q8_rep3
[ ok ] case519_fc_C0_DEFAULT_N4096_q8_rep4
[ ok ] case520_fc_C0_DEFAULT_N4096_q8_rep5
[ ok ] case521_dc_C0_DEFAULT_N4096_q8_rep1
[ ok ] case522_dc_C0_DEFAULT_N4096_q8_rep2
[ ok ] case523_dc_C0_DEFAULT_N4096_q8_rep3
[ ok ] case524_dc_C0_DEFAULT_N4096_q8_rep4
[ ok ] case525_dc_C0_DEFAULT_N4096_q8_rep5
[ ok ] case526_d0_C0_DEFAULT_N4096_q8_rep1
[ ok ] case527_d0_C0_DEFAULT_N4096_q8_rep2
[ ok ] case528_d0_C0_DEFAULT_N4096_q8_rep3
[ ok ] case529_d0_C0_DEFAULT_N4096_q8_rep4
[ ok ] case530_d0_C0_DEFAULT_N4096_q8_rep5
[ ok ] case531_ds_C0_DEFAULT_N4096_q8_rep1
[ ok ] case532_ds_C0_DEFAULT_N4096_q8_rep2
[ ok ] case533_ds_C0_DEFAULT_N4096_q8_rep3
[ ok ] case534_ds_C0_DEFAULT_N4096_q8_rep4
[ ok ] case535_ds_C0_DEFAULT_N4096_q8_rep5
[ ok ] case536_d1_C0_DEFAULT_N4096_q8_rep1
[ ok ] case537_d1_C0_DEFAULT_N4096_q8_rep2
[ ok ] case538_d1_C0_DEFAULT_N4096_q8_rep3
[ ok ] case539_d1_C0_DEFAULT_N4096_q8_rep4
[ ok ] case540_d1_C0_DEFAULT_N4096_q8_rep5
[ ok ] case541_comm_C0_DEFAULT_N2048_q16_rep1
[ ok ] case542_comm_C0_DEFAULT_N2048_q16_rep2
[ ok ] case543_comm_C0_DEFAULT_N2048_q16_rep3
[ ok ] case544_comm_C0_DEFAULT_N2048_q16_rep4
[ ok ] case545_comm_C0_DEFAULT_N2048_q16_rep5
[ ok ] case546_comm_C2_RING_SIMPLE_CH8_N2048_q16_rep1
[ ok ] case547_comm_C2_RING_SIMPLE_CH8_N2048_q16_rep2
[ ok ] case548_comm_C2_RING_SIMPLE_CH8_N2048_q16_rep3
[ ok ] case549_comm_C2_RING_SIMPLE_CH8_N2048_q16_rep4
[ ok ] case550_comm_C2_RING_SIMPLE_CH8_N2048_q16_rep5
[ ok ] case551_gemm_C0_DEFAULT_N2048_q16_rep1
[ ok ] case552_gemm_C0_DEFAULT_N2048_q16_rep2
[ ok ] case553_gemm_C0_DEFAULT_N2048_q16_rep3
[ ok ] case554_gemm_C0_DEFAULT_N2048_q16_rep4
[ ok ] case555_gemm_C0_DEFAULT_N2048_q16_rep5
[ ok ] case556_rs_C0_DEFAULT_N2048_q16_rep1
[ ok ] case557_rs_C0_DEFAULT_N2048_q16_rep2
[ ok ] case558_rs_C0_DEFAULT_N2048_q16_rep3
[ ok ] case559_rs_C0_DEFAULT_N2048_q16_rep4
[ ok ] case560_rs_C0_DEFAULT_N2048_q16_rep5
[ ok ] case561_r1_C0_DEFAULT_N2048_q16_rep1
[ ok ] case562_r1_C0_DEFAULT_N2048_q16_rep2
[ ok ] case563_r1_C0_DEFAULT_N2048_q16_rep3
[ ok ] case564_r1_C0_DEFAULT_N2048_q16_rep4
[ ok ] case565_r1_C0_DEFAULT_N2048_q16_rep5
[ ok ] case566_r1_C2_RING_SIMPLE_CH8_N2048_q16_rep1
[ ok ] case567_r1_C2_RING_SIMPLE_CH8_N2048_q16_rep2
[ ok ] case568_r1_C2_RING_SIMPLE_CH8_N2048_q16_rep3
[ ok ] case569_r1_C2_RING_SIMPLE_CH8_N2048_q16_rep4
[ ok ] case570_r1_C2_RING_SIMPLE_CH8_N2048_q16_rep5
[ ok ] case571_dc_C0_DEFAULT_N2048_q16_rep1
[ ok ] case572_dc_C0_DEFAULT_N2048_q16_rep2
[ ok ] case573_dc_C0_DEFAULT_N2048_q16_rep3
[ ok ] case574_dc_C0_DEFAULT_N2048_q16_rep4
[ ok ] case575_dc_C0_DEFAULT_N2048_q16_rep5
[ ok ] case576_ds_C0_DEFAULT_N2048_q16_rep1
[ ok ] case577_ds_C0_DEFAULT_N2048_q16_rep2
[ ok ] case578_ds_C0_DEFAULT_N2048_q16_rep3
[ ok ] case579_ds_C0_DEFAULT_N2048_q16_rep4
[ ok ] case580_ds_C0_DEFAULT_N2048_q16_rep5
[ ok ] case581_d1_C0_DEFAULT_N2048_q16_rep1
[ ok ] case582_d1_C0_DEFAULT_N2048_q16_rep2
[ ok ] case583_d1_C0_DEFAULT_N2048_q16_rep3
[ ok ] case584_d1_C0_DEFAULT_N2048_q16_rep4
[ ok ] case585_d1_C0_DEFAULT_N2048_q16_rep5
== phaseb formal complete: 585 cases, 0 failed ==
result_root=/root/private_data/lyc/2ndpaper/results/k500sm_ai_gfx928_4gpu/phaseb_formal_20260902_160115
analysis written to /root/private_data/lyc/2ndpaper/results/k500sm_ai_gfx928_4gpu/phaseb_formal_20260902_160115/summary
cases: 585 pass: 585 boundary cells: 20 reversals: 0
