[ ok ] case001_ds_C0_DEFAULT_N512_q2_rep1
[ ok ] case002_ds_C0_DEFAULT_N512_q2_rep2
[ ok ] case003_ds_C0_DEFAULT_N512_q2_rep3
[ ok ] case004_ds_C0_DEFAULT_N512_q2_rep4
[ ok ] case005_ds_C0_DEFAULT_N512_q2_rep5
[ ok ] case006_d1_C0_DEFAULT_N512_q2_rep1
[ ok ] case007_d1_C0_DEFAULT_N512_q2_rep2
[ ok ] case008_d1_C0_DEFAULT_N512_q2_rep3
[ ok ] case009_d1_C0_DEFAULT_N512_q2_rep4
[ ok ] case010_d1_C0_DEFAULT_N512_q2_rep5
[ ok ] case011_d1w_C0_DEFAULT_N512_q2_rep1
[ ok ] case012_d1w_C0_DEFAULT_N512_q2_rep2
[ ok ] case013_d1w_C0_DEFAULT_N512_q2_rep3
[ ok ] case014_d1w_C0_DEFAULT_N512_q2_rep4
[ ok ] case015_d1w_C0_DEFAULT_N512_q2_rep5
[ ok ] case016_ds_C0_DEFAULT_N512_q4_rep1
[ ok ] case017_ds_C0_DEFAULT_N512_q4_rep2
[ ok ] case018_ds_C0_DEFAULT_N512_q4_rep3
[ ok ] case019_ds_C0_DEFAULT_N512_q4_rep4
[ ok ] case020_ds_C0_DEFAULT_N512_q4_rep5
[ ok ] case021_d1_C0_DEFAULT_N512_q4_rep1
[ ok ] case022_d1_C0_DEFAULT_N512_q4_rep2
[ ok ] case023_d1_C0_DEFAULT_N512_q4_rep3
[ ok ] case024_d1_C0_DEFAULT_N512_q4_rep4
[ ok ] case025_d1_C0_DEFAULT_N512_q4_rep5
[ ok ] case026_d1w_C0_DEFAULT_N512_q4_rep1
[ ok ] case027_d1w_C0_DEFAULT_N512_q4_rep2
[ ok ] case028_d1w_C0_DEFAULT_N512_q4_rep3
[ ok ] case029_d1w_C0_DEFAULT_N512_q4_rep4
[ ok ] case030_d1w_C0_DEFAULT_N512_q4_rep5
[ ok ] case031_ds_C0_DEFAULT_N512_q8_rep1
[ ok ] case032_ds_C0_DEFAULT_N512_q8_rep2
[ ok ] case033_ds_C0_DEFAULT_N512_q8_rep3
[ ok ] case034_ds_C0_DEFAULT_N512_q8_rep4
[ ok ] case035_ds_C0_DEFAULT_N512_q8_rep5
[ ok ] case036_d1_C0_DEFAULT_N512_q8_rep1
[ ok ] case037_d1_C0_DEFAULT_N512_q8_rep2
[ ok ] case038_d1_C0_DEFAULT_N512_q8_rep3
[ ok ] case039_d1_C0_DEFAULT_N512_q8_rep4
[ ok ] case040_d1_C0_DEFAULT_N512_q8_rep5
[ ok ] case041_d1w_C0_DEFAULT_N512_q8_rep1
[ ok ] case042_d1w_C0_DEFAULT_N512_q8_rep2
[ ok ] case043_d1w_C0_DEFAULT_N512_q8_rep3
[ ok ] case044_d1w_C0_DEFAULT_N512_q8_rep4
[ ok ] case045_d1w_C0_DEFAULT_N512_q8_rep5
[ ok ] case046_ds_C0_DEFAULT_N2048_q2_rep1
[ ok ] case047_ds_C0_DEFAULT_N2048_q2_rep2
[ ok ] case048_ds_C0_DEFAULT_N2048_q2_rep3
[ ok ] case049_ds_C0_DEFAULT_N2048_q2_rep4
[ ok ] case050_ds_C0_DEFAULT_N2048_q2_rep5
[ ok ] case051_d1_C0_DEFAULT_N2048_q2_rep1
[ ok ] case052_d1_C0_DEFAULT_N2048_q2_rep2
[ ok ] case053_d1_C0_DEFAULT_N2048_q2_rep3
[ ok ] case054_d1_C0_DEFAULT_N2048_q2_rep4
[ ok ] case055_d1_C0_DEFAULT_N2048_q2_rep5
[ ok ] case056_d1w_C0_DEFAULT_N2048_q2_rep1
[ ok ] case057_d1w_C0_DEFAULT_N2048_q2_rep2
[ ok ] case058_d1w_C0_DEFAULT_N2048_q2_rep3
[ ok ] case059_d1w_C0_DEFAULT_N2048_q2_rep4
[ ok ] case060_d1w_C0_DEFAULT_N2048_q2_rep5
[ ok ] case061_ds_C0_DEFAULT_N2048_q4_rep1
[ ok ] case062_ds_C0_DEFAULT_N2048_q4_rep2
[ ok ] case063_ds_C0_DEFAULT_N2048_q4_rep3
[ ok ] case064_ds_C0_DEFAULT_N2048_q4_rep4
[ ok ] case065_ds_C0_DEFAULT_N2048_q4_rep5
[ ok ] case066_d1_C0_DEFAULT_N2048_q4_rep1
[ ok ] case067_d1_C0_DEFAULT_N2048_q4_rep2
[ ok ] case068_d1_C0_DEFAULT_N2048_q4_rep3
[ ok ] case069_d1_C0_DEFAULT_N2048_q4_rep4
[ ok ] case070_d1_C0_DEFAULT_N2048_q4_rep5
[ ok ] case071_d1w_C0_DEFAULT_N2048_q4_rep1
[ ok ] case072_d1w_C0_DEFAULT_N2048_q4_rep2
[ ok ] case073_d1w_C0_DEFAULT_N2048_q4_rep3
[ ok ] case074_d1w_C0_DEFAULT_N2048_q4_rep4
[ ok ] case075_d1w_C0_DEFAULT_N2048_q4_rep5
[ ok ] case076_ds_C0_DEFAULT_N2048_q8_rep1
[ ok ] case077_ds_C0_DEFAULT_N2048_q8_rep2
[ ok ] case078_ds_C0_DEFAULT_N2048_q8_rep3
[ ok ] case079_ds_C0_DEFAULT_N2048_q8_rep4
[ ok ] case080_ds_C0_DEFAULT_N2048_q8_rep5
[ ok ] case081_d1_C0_DEFAULT_N2048_q8_rep1
[ ok ] case082_d1_C0_DEFAULT_N2048_q8_rep2
[ ok ] case083_d1_C0_DEFAULT_N2048_q8_rep3
[ ok ] case084_d1_C0_DEFAULT_N2048_q8_rep4
[ ok ] case085_d1_C0_DEFAULT_N2048_q8_rep5
[ ok ] case086_d1w_C0_DEFAULT_N2048_q8_rep1
[ ok ] case087_d1w_C0_DEFAULT_N2048_q8_rep2
[ ok ] case088_d1w_C0_DEFAULT_N2048_q8_rep3
[ ok ] case089_d1w_C0_DEFAULT_N2048_q8_rep4
[ ok ] case090_d1w_C0_DEFAULT_N2048_q8_rep5
[ ok ] case091_ds_C0_DEFAULT_N4096_q2_rep1
[ ok ] case092_ds_C0_DEFAULT_N4096_q2_rep2
[ ok ] case093_ds_C0_DEFAULT_N4096_q2_rep3
[ ok ] case094_ds_C0_DEFAULT_N4096_q2_rep4
[ ok ] case095_ds_C0_DEFAULT_N4096_q2_rep5
[ ok ] case096_d1_C0_DEFAULT_N4096_q2_rep1
[ ok ] case097_d1_C0_DEFAULT_N4096_q2_rep2
[ ok ] case098_d1_C0_DEFAULT_N4096_q2_rep3
[ ok ] case099_d1_C0_DEFAULT_N4096_q2_rep4
[ ok ] case100_d1_C0_DEFAULT_N4096_q2_rep5
[ ok ] case101_d1w_C0_DEFAULT_N4096_q2_rep1
[ ok ] case102_d1w_C0_DEFAULT_N4096_q2_rep2
[ ok ] case103_d1w_C0_DEFAULT_N4096_q2_rep3
[ ok ] case104_d1w_C0_DEFAULT_N4096_q2_rep4
[ ok ] case105_d1w_C0_DEFAULT_N4096_q2_rep5
[ ok ] case106_ds_C0_DEFAULT_N4096_q4_rep1
[ ok ] case107_ds_C0_DEFAULT_N4096_q4_rep2
[ ok ] case108_ds_C0_DEFAULT_N4096_q4_rep3
[ ok ] case109_ds_C0_DEFAULT_N4096_q4_rep4
[ ok ] case110_ds_C0_DEFAULT_N4096_q4_rep5
[ ok ] case111_d1_C0_DEFAULT_N4096_q4_rep1
[ ok ] case112_d1_C0_DEFAULT_N4096_q4_rep2
[ ok ] case113_d1_C0_DEFAULT_N4096_q4_rep3
[ ok ] case114_d1_C0_DEFAULT_N4096_q4_rep4
[ ok ] case115_d1_C0_DEFAULT_N4096_q4_rep5
[ ok ] case116_d1w_C0_DEFAULT_N4096_q4_rep1
[ ok ] case117_d1w_C0_DEFAULT_N4096_q4_rep2
[ ok ] case118_d1w_C0_DEFAULT_N4096_q4_rep3
[ ok ] case119_d1w_C0_DEFAULT_N4096_q4_rep4
[ ok ] case120_d1w_C0_DEFAULT_N4096_q4_rep5
[ ok ] case121_ds_C0_DEFAULT_N4096_q8_rep1
[ ok ] case122_ds_C0_DEFAULT_N4096_q8_rep2
[ ok ] case123_ds_C0_DEFAULT_N4096_q8_rep3
[ ok ] case124_ds_C0_DEFAULT_N4096_q8_rep4
[ ok ] case125_ds_C0_DEFAULT_N4096_q8_rep5
[ ok ] case126_d1_C0_DEFAULT_N4096_q8_rep1
[ ok ] case127_d1_C0_DEFAULT_N4096_q8_rep2
[ ok ] case128_d1_C0_DEFAULT_N4096_q8_rep3
[ ok ] case129_d1_C0_DEFAULT_N4096_q8_rep4
[ ok ] case130_d1_C0_DEFAULT_N4096_q8_rep5
[ ok ] case131_d1w_C0_DEFAULT_N4096_q8_rep1
[ ok ] case132_d1w_C0_DEFAULT_N4096_q8_rep2
[ ok ] case133_d1w_C0_DEFAULT_N4096_q8_rep3
[ ok ] case134_d1w_C0_DEFAULT_N4096_q8_rep4
[ ok ] case135_d1w_C0_DEFAULT_N4096_q8_rep5
[ ok ] case136_ds_C0_DEFAULT_N2048_q16_rep1
[ ok ] case137_ds_C0_DEFAULT_N2048_q16_rep2
[ ok ] case138_ds_C0_DEFAULT_N2048_q16_rep3
[ ok ] case139_ds_C0_DEFAULT_N2048_q16_rep4
[ ok ] case140_ds_C0_DEFAULT_N2048_q16_rep5
[ ok ] case141_d1_C0_DEFAULT_N2048_q16_rep1
[ ok ] case142_d1_C0_DEFAULT_N2048_q16_rep2
[ ok ] case143_d1_C0_DEFAULT_N2048_q16_rep3
[ ok ] case144_d1_C0_DEFAULT_N2048_q16_rep4
[ ok ] case145_d1_C0_DEFAULT_N2048_q16_rep5
[ ok ] case146_d1w_C0_DEFAULT_N2048_q16_rep1
[ ok ] case147_d1w_C0_DEFAULT_N2048_q16_rep2
[ ok ] case148_d1w_C0_DEFAULT_N2048_q16_rep3
[ ok ] case149_d1w_C0_DEFAULT_N2048_q16_rep4
[ ok ] case150_d1w_C0_DEFAULT_N2048_q16_rep5
[ ok ] case151_comm_C0_DEFAULT_N4096_q16_rep1
[ ok ] case152_comm_C0_DEFAULT_N4096_q16_rep2
[ ok ] case153_comm_C0_DEFAULT_N4096_q16_rep3
[ ok ] case154_comm_C0_DEFAULT_N4096_q16_rep4
[ ok ] case155_comm_C0_DEFAULT_N4096_q16_rep5
[ ok ] case156_comm_C2_RING_SIMPLE_CH8_N4096_q16_rep1
[ ok ] case157_comm_C2_RING_SIMPLE_CH8_N4096_q16_rep2
[ ok ] case158_comm_C2_RING_SIMPLE_CH8_N4096_q16_rep3
[ ok ] case159_comm_C2_RING_SIMPLE_CH8_N4096_q16_rep4
[ ok ] case160_comm_C2_RING_SIMPLE_CH8_N4096_q16_rep5
[ ok ] case161_r1_C0_DEFAULT_N4096_q16_rep1
[ ok ] case162_r1_C0_DEFAULT_N4096_q16_rep2
[ ok ] case163_r1_C0_DEFAULT_N4096_q16_rep3
[ ok ] case164_r1_C0_DEFAULT_N4096_q16_rep4
[ ok ] case165_r1_C0_DEFAULT_N4096_q16_rep5
[ ok ] case166_r1_C2_RING_SIMPLE_CH8_N4096_q16_rep1
[ ok ] case167_r1_C2_RING_SIMPLE_CH8_N4096_q16_rep2
[ ok ] case168_r1_C2_RING_SIMPLE_CH8_N4096_q16_rep3
[ ok ] case169_r1_C2_RING_SIMPLE_CH8_N4096_q16_rep4
[ ok ] case170_r1_C2_RING_SIMPLE_CH8_N4096_q16_rep5
== phaseb dsfix complete: 170 cases, 0 failed ==
result_root=/root/private_data/lyc/2ndpaper/results/k500sm_ai_gfx928_4gpu/phaseb_dsfix_20260902_184341
analysis written to /root/private_data/lyc/2ndpaper/results/k500sm_ai_gfx928_4gpu/phaseb_dsfix_20260902_184341/summary
cases: 170 pass: 170 boundary cells: 2 reversals: 0
