# CASE channels_r3_allreduce_8M_ring_ll_ch1
# UTC 2026-08-25T10:33:25Z
# collective=allreduce size=8M config=ring_ll channels=1 visible_devices=0,1,2,3
# COMMAND env -u NCCL_ALGO -u NCCL_PROTO -u NCCL_MIN_NCHANNELS -u NCCL_MAX_NCHANNELS HIP_VISIBLE_DEVICES=0\,1\,2\,3 HSA_FORCE_FINE_GRAIN_PCIE=1 NCCL_DEBUG=ERROR NCCL_DEBUG_SUBSYS=INIT NCCL_ALGO=Ring NCCL_PROTO=LL NCCL_MIN_NCHANNELS=1 NCCL_MAX_NCHANNELS=1 mpirun --allow-run-as-root -np 4 -mca coll \^hcoll /root/private_data/lyc/rccl-tests/build/all_reduce_perf -b 8M -e 8M -g 1 -w 10 -n 50 -c 1 -a 3 -d float -Z csv -x /root/private_data/lyc/2ndpaper/results/k500sm_ai_gfx928_4gpu/20260825T102643Z/csv/channels_r3_allreduce_8M_ring_ll_ch1.csv -O 1
# Collective test starting: all_reduce_perf
# nThread 1 nGpus 1 minBytes 8388608 maxBytes 8388608 step: 1048576(bytes) warmup iters: 10 iters: 50 agg iters: 1 validation: 1 graph: 0
#
rccl-tests: Version develop_deprecated:40b1b17+
# Using devices
#  Rank  0 Group  0 Pid  17193 on crdnotebook-2076293935161401346-scnv1ejp8d-97304 device  0 [0000:04:00] K500SM_AI
#  Rank  1 Group  0 Pid  17194 on crdnotebook-2076293935161401346-scnv1ejp8d-97304 device  1 [0000:27:00] K500SM_AI
#  Rank  2 Group  0 Pid  17195 on crdnotebook-2076293935161401346-scnv1ejp8d-97304 device  2 [0000:43:00] K500SM_AI
#  Rank  3 Group  0 Pid  17196 on crdnotebook-2076293935161401346-scnv1ejp8d-97304 device  3 [0000:63:00] K500SM_AI
#
#                                                              out-of-place         
#       size         count      type   redop    root     time   algbw   busbw #wrong                               
#        (B)    (elements)                               (us)  (GB/s)  (GB/s)                                       
     8388608       2097152     float     sum      -1    14493    0.58    0.87      0
# Errors with asterisks indicate errors that have exceeded the maximum threshold.
# Out of bounds values : 0 OK
# Avg bus bandwidth    : 0.868196 
#
# Collective test concluded: all_reduce_perf

# EXIT_STATUS 0
