# CASE channels_r2_reducescatter_64M_ring_ll_ch8
# UTC 2026-08-25T10:41:30Z
# collective=reducescatter size=64M config=ring_ll channels=8 visible_devices=0,1,2,3
# COMMAND env -u NCCL_ALGO -u NCCL_PROTO -u NCCL_MIN_NCHANNELS -u NCCL_MAX_NCHANNELS HIP_VISIBLE_DEVICES=0\,1\,2\,3 HSA_FORCE_FINE_GRAIN_PCIE=1 NCCL_DEBUG=ERROR NCCL_DEBUG_SUBSYS=INIT NCCL_ALGO=Ring NCCL_PROTO=LL NCCL_MIN_NCHANNELS=8 NCCL_MAX_NCHANNELS=8 mpirun --allow-run-as-root -np 4 -mca coll \^hcoll /root/private_data/lyc/rccl-tests/build/reduce_scatter_perf -b 64M -e 64M -g 1 -w 10 -n 50 -c 1 -a 3 -d float -Z csv -x /root/private_data/lyc/2ndpaper/results/k500sm_ai_gfx928_4gpu/20260825T102643Z/csv/channels_r2_reducescatter_64M_ring_ll_ch8.csv -O 1
# Collective test starting: reduce_scatter_perf
# nThread 1 nGpus 1 minBytes 67108864 maxBytes 67108864 step: 1048576(bytes) warmup iters: 10 iters: 50 agg iters: 1 validation: 1 graph: 0
#
rccl-tests: Version develop_deprecated:40b1b17+
# Using devices
#  Rank  0 Group  0 Pid  28478 on crdnotebook-2076293935161401346-scnv1ejp8d-97304 device  0 [0000:04:00] K500SM_AI
#  Rank  1 Group  0 Pid  28479 on crdnotebook-2076293935161401346-scnv1ejp8d-97304 device  1 [0000:27:00] K500SM_AI
#  Rank  2 Group  0 Pid  28480 on crdnotebook-2076293935161401346-scnv1ejp8d-97304 device  2 [0000:43:00] K500SM_AI
#  Rank  3 Group  0 Pid  28481 on crdnotebook-2076293935161401346-scnv1ejp8d-97304 device  3 [0000:63:00] K500SM_AI
#
#                                                              out-of-place         
#       size         count      type   redop    root     time   algbw   busbw #wrong                               
#        (B)    (elements)                               (us)  (GB/s)  (GB/s)                                       
    67108864       4194304     float     sum      -1   9066.2    7.40    5.55      0
# Errors with asterisks indicate errors that have exceeded the maximum threshold.
# Out of bounds values : 0 OK
# Avg bus bandwidth    : 5.55158 
#
# Collective test concluded: reduce_scatter_perf

# EXIT_STATUS 0
