# CASE channels_r1_allreduce_64M_tree_ll_ch2
# UTC 2026-08-25T10:37:00Z
# collective=allreduce size=64M config=tree_ll channels=2 visible_devices=0,1,2,3
# COMMAND env -u NCCL_ALGO -u NCCL_PROTO -u NCCL_MIN_NCHANNELS -u NCCL_MAX_NCHANNELS HIP_VISIBLE_DEVICES=0\,1\,2\,3 HSA_FORCE_FINE_GRAIN_PCIE=1 NCCL_DEBUG=ERROR NCCL_DEBUG_SUBSYS=INIT NCCL_ALGO=Tree NCCL_PROTO=LL NCCL_MIN_NCHANNELS=2 NCCL_MAX_NCHANNELS=2 mpirun --allow-run-as-root -np 4 -mca coll \^hcoll /root/private_data/lyc/rccl-tests/build/all_reduce_perf -b 64M -e 64M -g 1 -w 10 -n 50 -c 1 -a 3 -d float -Z csv -x /root/private_data/lyc/2ndpaper/results/k500sm_ai_gfx928_4gpu/20260825T102643Z/csv/channels_r1_allreduce_64M_tree_ll_ch2.csv -O 1
# Collective test starting: all_reduce_perf
# nThread 1 nGpus 1 minBytes 67108864 maxBytes 67108864 step: 1048576(bytes) warmup iters: 10 iters: 50 agg iters: 1 validation: 1 graph: 0
#
rccl-tests: Version develop_deprecated:40b1b17+
# Using devices
#  Rank  0 Group  0 Pid  21542 on crdnotebook-2076293935161401346-scnv1ejp8d-97304 device  0 [0000:04:00] K500SM_AI
#  Rank  1 Group  0 Pid  21543 on crdnotebook-2076293935161401346-scnv1ejp8d-97304 device  1 [0000:27:00] K500SM_AI
#  Rank  2 Group  0 Pid  21544 on crdnotebook-2076293935161401346-scnv1ejp8d-97304 device  2 [0000:43:00] K500SM_AI
#  Rank  3 Group  0 Pid  21545 on crdnotebook-2076293935161401346-scnv1ejp8d-97304 device  3 [0000:63:00] K500SM_AI
#
#                                                              out-of-place         
#       size         count      type   redop    root     time   algbw   busbw #wrong                               
#        (B)    (elements)                               (us)  (GB/s)  (GB/s)                                       
    67108864      16777216     float     sum      -1    81526    0.82    1.23      0
# Errors with asterisks indicate errors that have exceeded the maximum threshold.
# Out of bounds values : 0 OK
# Avg bus bandwidth    : 1.23474 
#
# Collective test concluded: all_reduce_perf

# EXIT_STATUS 0
