# CASE rep_r2_allreduce_256M_ring_simple_chdefault
# UTC 2026-08-25T10:21:44Z
# collective=allreduce size=256M config=ring_simple channels=default visible_devices=0,1,2,3
# COMMAND env -u NCCL_ALGO -u NCCL_PROTO -u NCCL_MIN_NCHANNELS -u NCCL_MAX_NCHANNELS HIP_VISIBLE_DEVICES=0\,1\,2\,3 HSA_FORCE_FINE_GRAIN_PCIE=1 NCCL_DEBUG=WARN NCCL_DEBUG_SUBSYS=INIT NCCL_ALGO=Ring NCCL_PROTO=Simple mpirun --allow-run-as-root -np 4 -mca coll \^hcoll /root/private_data/lyc/rccl-tests/build/all_reduce_perf -b 256M -e 256M -g 1 -w 10 -n 50 -c 1 -a 3 -Z csv -x /root/private_data/lyc/2ndpaper/results/k500sm_ai_gfx928_4gpu/20260825T101556Z/csv/rep_r2_allreduce_256M_ring_simple_chdefault.csv -O 1
# Collective test starting: all_reduce_perf
# nThread 1 nGpus 1 minBytes 268435456 maxBytes 268435456 step: 1048576(bytes) warmup iters: 10 iters: 50 agg iters: 1 validation: 1 graph: 0
#
rccl-tests: Version develop_deprecated:40b1b17+
# Using devices
#  Rank  0 Group  0 Pid  32556 on crdnotebook-2076293935161401346-scnv1ejp8d-97304 device  0 [0000:04:00] K500SM_AI
#  Rank  1 Group  0 Pid  32557 on crdnotebook-2076293935161401346-scnv1ejp8d-97304 device  1 [0000:27:00] K500SM_AI
#  Rank  2 Group  0 Pid  32558 on crdnotebook-2076293935161401346-scnv1ejp8d-97304 device  2 [0000:43:00] K500SM_AI
#  Rank  3 Group  0 Pid  32559 on crdnotebook-2076293935161401346-scnv1ejp8d-97304 device  3 [0000:63:00] K500SM_AI

crdnotebook-2076293935161401346-scnv1ejp8d-97304:32556:32556 [0] /data/jenkins_workspace/workspace/rccl_release/build/hipify/src/init.cc:170 NCCL WARN NUMA auto balancing enabled which can lead to variability in the RCCL performance! Disable by "sudo sysctl kernel.numa_balancing=0"

crdnotebook-2076293935161401346-scnv1ejp8d-97304:32556:32556 [0] /data/jenkins_workspace/workspace/rccl_release/build/hipify/src/init.cc:191 NCCL WARN Missing "iommu=pt" from kernel command line which can lead to system instablity or hang!

crdnotebook-2076293935161401346-scnv1ejp8d-97304:32556:32556 [0] /data/jenkins_workspace/workspace/rccl_release/build/hipify/src/init.cc:170 NCCL WARN NUMA auto balancing enabled which can lead to variability in the RCCL performance! Disable by "sudo sysctl kernel.numa_balancing=0"

crdnotebook-2076293935161401346-scnv1ejp8d-97304:32558:32558 [2] /data/jenkins_workspace/workspace/rccl_release/build/hipify/src/init.cc:170 NCCL WARN NUMA auto balancing enabled which can lead to variability in the RCCL performance! Disable by "sudo sysctl kernel.numa_balancing=0"

crdnotebook-2076293935161401346-scnv1ejp8d-97304:32559:32559 [3] /data/jenkins_workspace/workspace/rccl_release/build/hipify/src/init.cc:170 NCCL WARN NUMA auto balancing enabled which can lead to variability in the RCCL performance! Disable by "sudo sysctl kernel.numa_balancing=0"

crdnotebook-2076293935161401346-scnv1ejp8d-97304:32556:32556 [0] /data/jenkins_workspace/workspace/rccl_release/build/hipify/src/init.cc:191 NCCL WARN Missing "iommu=pt" from kernel command line which can lead to system instablity or hang!
RCCL version : 2.22.3-HEAD:19c80f7
HIP version  : 6.3.26102-a22a51fa
ROCm version : 6.3.3.0-0-c1d64df
Hostname     : crdnotebook-2076293935161401346-scnv1ejp8d-97304
Librccl path : /opt/dtk/lib/librccl.so.1

crdnotebook-2076293935161401346-scnv1ejp8d-97304:32557:32557 [1] /data/jenkins_workspace/workspace/rccl_release/build/hipify/src/init.cc:170 NCCL WARN NUMA auto balancing enabled which can lead to variability in the RCCL performance! Disable by "sudo sysctl kernel.numa_balancing=0"

crdnotebook-2076293935161401346-scnv1ejp8d-97304:32557:32557 [1] /data/jenkins_workspace/workspace/rccl_release/build/hipify/src/init.cc:191 NCCL WARN Missing "iommu=pt" from kernel command line which can lead to system instablity or hang!

crdnotebook-2076293935161401346-scnv1ejp8d-97304:32558:32558 [2] /data/jenkins_workspace/workspace/rccl_release/build/hipify/src/init.cc:191 NCCL WARN Missing "iommu=pt" from kernel command line which can lead to system instablity or hang!

crdnotebook-2076293935161401346-scnv1ejp8d-97304:32559:32559 [3] /data/jenkins_workspace/workspace/rccl_release/build/hipify/src/init.cc:191 NCCL WARN Missing "iommu=pt" from kernel command line which can lead to system instablity or hang!

crdnotebook-2076293935161401346-scnv1ejp8d-97304:32557:32584 [1] /data/jenkins_workspace/workspace/rccl_release/build/hipify/src/graph/xml.cc:1839 NCCL WARN Unable to obtain the pciPath[NULL] or name[eth0] attributes from NetProperties.

crdnotebook-2076293935161401346-scnv1ejp8d-97304:32557:32584 [1] /data/jenkins_workspace/workspace/rccl_release/build/hipify/src/graph/xml.cc:1211 NCCL WARN No IB NIC found, the generation of the basic topology has been terminated.

crdnotebook-2076293935161401346-scnv1ejp8d-97304:32558:32582 [2] /data/jenkins_workspace/workspace/rccl_release/build/hipify/src/graph/xml.cc:1839 NCCL WARN Unable to obtain the pciPath[NULL] or name[eth0] attributes from NetProperties.

crdnotebook-2076293935161401346-scnv1ejp8d-97304:32558:32582 [2] /data/jenkins_workspace/workspace/rccl_release/build/hipify/src/graph/xml.cc:1211 NCCL WARN No IB NIC found, the generation of the basic topology has been terminated.

crdnotebook-2076293935161401346-scnv1ejp8d-97304:32559:32583 [3] /data/jenkins_workspace/workspace/rccl_release/build/hipify/src/graph/xml.cc:1839 NCCL WARN Unable to obtain the pciPath[NULL] or name[eth0] attributes from NetProperties.

crdnotebook-2076293935161401346-scnv1ejp8d-97304:32559:32583 [3] /data/jenkins_workspace/workspace/rccl_release/build/hipify/src/graph/xml.cc:1211 NCCL WARN No IB NIC found, the generation of the basic topology has been terminated.

crdnotebook-2076293935161401346-scnv1ejp8d-97304:32556:32581 [0] /data/jenkins_workspace/workspace/rccl_release/build/hipify/src/graph/xml.cc:1839 NCCL WARN Unable to obtain the pciPath[NULL] or name[eth0] attributes from NetProperties.

crdnotebook-2076293935161401346-scnv1ejp8d-97304:32556:32581 [0] /data/jenkins_workspace/workspace/rccl_release/build/hipify/src/graph/xml.cc:1211 NCCL WARN No IB NIC found, the generation of the basic topology has been terminated.
#
#                                                              out-of-place         
#       size         count      type   redop    root     time   algbw   busbw #wrong                               
#        (B)    (elements)                               (us)  (GB/s)  (GB/s)                                       
   268435456      67108864     float     sum      -1    30911    8.68   13.03      0
# Errors with asterisks indicate errors that have exceeded the maximum threshold.
# Out of bounds values : 0 OK
# Avg bus bandwidth    : 13.0264 
#
# Collective test concluded: all_reduce_perf

# EXIT_STATUS 0
