[ ok ] case001_comm_C0_DEFAULT_N512_q2_rep1
[ ok ] case002_comm_C0_DEFAULT_N512_q2_rep2
[ ok ] case003_comm_C0_DEFAULT_N512_q2_rep3
[ ok ] case004_comm_C0_DEFAULT_N512_q2_rep4
[ ok ] case005_comm_C0_DEFAULT_N512_q2_rep5
[ ok ] case006_gemm_C0_DEFAULT_N512_q2_rep1
[ ok ] case007_gemm_C0_DEFAULT_N512_q2_rep2
[ ok ] case008_gemm_C0_DEFAULT_N512_q2_rep3
[ ok ] case009_gemm_C0_DEFAULT_N512_q2_rep4
[ ok ] case010_gemm_C0_DEFAULT_N512_q2_rep5
[ ok ] case011_r0_C0_DEFAULT_N512_q2_rep1
[ ok ] case012_r0_C0_DEFAULT_N512_q2_rep2
[ ok ] case013_r0_C0_DEFAULT_N512_q2_rep3
[ ok ] case014_r0_C0_DEFAULT_N512_q2_rep4
[ ok ] case015_r0_C0_DEFAULT_N512_q2_rep5
[ ok ] case016_rs_C0_DEFAULT_N512_q2_rep1
[ ok ] case017_rs_C0_DEFAULT_N512_q2_rep2
[ ok ] case018_rs_C0_DEFAULT_N512_q2_rep3
[ ok ] case019_rs_C0_DEFAULT_N512_q2_rep4
[ ok ] case020_rs_C0_DEFAULT_N512_q2_rep5
[ ok ] case021_r1_C0_DEFAULT_N512_q2_rep1
[ ok ] case022_r1_C0_DEFAULT_N512_q2_rep2
[ ok ] case023_r1_C0_DEFAULT_N512_q2_rep3
[ ok ] case024_r1_C0_DEFAULT_N512_q2_rep4
[ ok ] case025_r1_C0_DEFAULT_N512_q2_rep5
[ ok ] case026_fc_C0_DEFAULT_N512_q2_rep1
[ ok ] case027_fc_C0_DEFAULT_N512_q2_rep2
[ ok ] case028_fc_C0_DEFAULT_N512_q2_rep3
[ ok ] case029_fc_C0_DEFAULT_N512_q2_rep4
[ ok ] case030_fc_C0_DEFAULT_N512_q2_rep5
[ ok ] case031_dc_C0_DEFAULT_N512_q2_rep1
[ ok ] case032_dc_C0_DEFAULT_N512_q2_rep2
[ ok ] case033_dc_C0_DEFAULT_N512_q2_rep3
[ ok ] case034_dc_C0_DEFAULT_N512_q2_rep4
[ ok ] case035_dc_C0_DEFAULT_N512_q2_rep5
[ ok ] case036_d0_C0_DEFAULT_N512_q2_rep1
[ ok ] case037_d0_C0_DEFAULT_N512_q2_rep2
[ ok ] case038_d0_C0_DEFAULT_N512_q2_rep3
[ ok ] case039_d0_C0_DEFAULT_N512_q2_rep4
[ ok ] case040_d0_C0_DEFAULT_N512_q2_rep5
[ ok ] case041_ds_C0_DEFAULT_N512_q2_rep1
[ ok ] case042_ds_C0_DEFAULT_N512_q2_rep2
[ ok ] case043_ds_C0_DEFAULT_N512_q2_rep3
[ ok ] case044_ds_C0_DEFAULT_N512_q2_rep4
[ ok ] case045_ds_C0_DEFAULT_N512_q2_rep5
[ ok ] case046_d1_C0_DEFAULT_N512_q2_rep1
[ ok ] case047_d1_C0_DEFAULT_N512_q2_rep2
[ ok ] case048_d1_C0_DEFAULT_N512_q2_rep3
[ ok ] case049_d1_C0_DEFAULT_N512_q2_rep4
[ ok ] case050_d1_C0_DEFAULT_N512_q2_rep5
[ ok ] case051_d1w_C0_DEFAULT_N512_q2_rep1
[ ok ] case052_d1w_C0_DEFAULT_N512_q2_rep2
[ ok ] case053_d1w_C0_DEFAULT_N512_q2_rep3
[ ok ] case054_d1w_C0_DEFAULT_N512_q2_rep4
[ ok ] case055_d1w_C0_DEFAULT_N512_q2_rep5
[ ok ] case056_comm_C0_DEFAULT_N512_q4_rep1
[ ok ] case057_comm_C0_DEFAULT_N512_q4_rep2
[ ok ] case058_comm_C0_DEFAULT_N512_q4_rep3
[ ok ] case059_comm_C0_DEFAULT_N512_q4_rep4
[ ok ] case060_comm_C0_DEFAULT_N512_q4_rep5
[ ok ] case061_gemm_C0_DEFAULT_N512_q4_rep1
[ ok ] case062_gemm_C0_DEFAULT_N512_q4_rep2
[ ok ] case063_gemm_C0_DEFAULT_N512_q4_rep3
[ ok ] case064_gemm_C0_DEFAULT_N512_q4_rep4
[ ok ] case065_gemm_C0_DEFAULT_N512_q4_rep5
[ ok ] case066_r0_C0_DEFAULT_N512_q4_rep1
[ ok ] case067_r0_C0_DEFAULT_N512_q4_rep2
[ ok ] case068_r0_C0_DEFAULT_N512_q4_rep3
[ ok ] case069_r0_C0_DEFAULT_N512_q4_rep4
[ ok ] case070_r0_C0_DEFAULT_N512_q4_rep5
[ ok ] case071_rs_C0_DEFAULT_N512_q4_rep1
[ ok ] case072_rs_C0_DEFAULT_N512_q4_rep2
[ ok ] case073_rs_C0_DEFAULT_N512_q4_rep3
[ ok ] case074_rs_C0_DEFAULT_N512_q4_rep4
[ ok ] case075_rs_C0_DEFAULT_N512_q4_rep5
[ ok ] case076_r1_C0_DEFAULT_N512_q4_rep1
[ ok ] case077_r1_C0_DEFAULT_N512_q4_rep2
[ ok ] case078_r1_C0_DEFAULT_N512_q4_rep3
[ ok ] case079_r1_C0_DEFAULT_N512_q4_rep4
[ ok ] case080_r1_C0_DEFAULT_N512_q4_rep5
[ ok ] case081_fc_C0_DEFAULT_N512_q4_rep1
[ ok ] case082_fc_C0_DEFAULT_N512_q4_rep2
[ ok ] case083_fc_C0_DEFAULT_N512_q4_rep3
[ ok ] case084_fc_C0_DEFAULT_N512_q4_rep4
[ ok ] case085_fc_C0_DEFAULT_N512_q4_rep5
[ ok ] case086_dc_C0_DEFAULT_N512_q4_rep1
[ ok ] case087_dc_C0_DEFAULT_N512_q4_rep2
[ ok ] case088_dc_C0_DEFAULT_N512_q4_rep3
[ ok ] case089_dc_C0_DEFAULT_N512_q4_rep4
[ ok ] case090_dc_C0_DEFAULT_N512_q4_rep5
[ ok ] case091_d0_C0_DEFAULT_N512_q4_rep1
[ ok ] case092_d0_C0_DEFAULT_N512_q4_rep2
[ ok ] case093_d0_C0_DEFAULT_N512_q4_rep3
[ ok ] case094_d0_C0_DEFAULT_N512_q4_rep4
[ ok ] case095_d0_C0_DEFAULT_N512_q4_rep5
[ ok ] case096_ds_C0_DEFAULT_N512_q4_rep1
[ ok ] case097_ds_C0_DEFAULT_N512_q4_rep2
[ ok ] case098_ds_C0_DEFAULT_N512_q4_rep3
[ ok ] case099_ds_C0_DEFAULT_N512_q4_rep4
[ ok ] case100_ds_C0_DEFAULT_N512_q4_rep5
[ ok ] case101_d1_C0_DEFAULT_N512_q4_rep1
[ ok ] case102_d1_C0_DEFAULT_N512_q4_rep2
[ ok ] case103_d1_C0_DEFAULT_N512_q4_rep3
[ ok ] case104_d1_C0_DEFAULT_N512_q4_rep4
[ ok ] case105_d1_C0_DEFAULT_N512_q4_rep5
[ ok ] case106_d1w_C0_DEFAULT_N512_q4_rep1
[ ok ] case107_d1w_C0_DEFAULT_N512_q4_rep2
[ ok ] case108_d1w_C0_DEFAULT_N512_q4_rep3
[ ok ] case109_d1w_C0_DEFAULT_N512_q4_rep4
[ ok ] case110_d1w_C0_DEFAULT_N512_q4_rep5
[ ok ] case111_comm_C0_DEFAULT_N512_q8_rep1
[ ok ] case112_comm_C0_DEFAULT_N512_q8_rep2
[ ok ] case113_comm_C0_DEFAULT_N512_q8_rep3
[ ok ] case114_comm_C0_DEFAULT_N512_q8_rep4
[ ok ] case115_comm_C0_DEFAULT_N512_q8_rep5
[ ok ] case116_gemm_C0_DEFAULT_N512_q8_rep1
[ ok ] case117_gemm_C0_DEFAULT_N512_q8_rep2
[ ok ] case118_gemm_C0_DEFAULT_N512_q8_rep3
[ ok ] case119_gemm_C0_DEFAULT_N512_q8_rep4
[ ok ] case120_gemm_C0_DEFAULT_N512_q8_rep5
[ ok ] case121_r0_C0_DEFAULT_N512_q8_rep1
[ ok ] case122_r0_C0_DEFAULT_N512_q8_rep2
[ ok ] case123_r0_C0_DEFAULT_N512_q8_rep3
[ ok ] case124_r0_C0_DEFAULT_N512_q8_rep4
[ ok ] case125_r0_C0_DEFAULT_N512_q8_rep5
[ ok ] case126_rs_C0_DEFAULT_N512_q8_rep1
[ ok ] case127_rs_C0_DEFAULT_N512_q8_rep2
[ ok ] case128_rs_C0_DEFAULT_N512_q8_rep3
[ ok ] case129_rs_C0_DEFAULT_N512_q8_rep4
[ ok ] case130_rs_C0_DEFAULT_N512_q8_rep5
[ ok ] case131_r1_C0_DEFAULT_N512_q8_rep1
[ ok ] case132_r1_C0_DEFAULT_N512_q8_rep2
[ ok ] case133_r1_C0_DEFAULT_N512_q8_rep3
[ ok ] case134_r1_C0_DEFAULT_N512_q8_rep4
[ ok ] case135_r1_C0_DEFAULT_N512_q8_rep5
[ ok ] case136_fc_C0_DEFAULT_N512_q8_rep1
[ ok ] case137_fc_C0_DEFAULT_N512_q8_rep2
[ ok ] case138_fc_C0_DEFAULT_N512_q8_rep3
[ ok ] case139_fc_C0_DEFAULT_N512_q8_rep4
[ ok ] case140_fc_C0_DEFAULT_N512_q8_rep5
[ ok ] case141_dc_C0_DEFAULT_N512_q8_rep1
[ ok ] case142_dc_C0_DEFAULT_N512_q8_rep2
[ ok ] case143_dc_C0_DEFAULT_N512_q8_rep3
[ ok ] case144_dc_C0_DEFAULT_N512_q8_rep4
[ ok ] case145_dc_C0_DEFAULT_N512_q8_rep5
[ ok ] case146_d0_C0_DEFAULT_N512_q8_rep1
[ ok ] case147_d0_C0_DEFAULT_N512_q8_rep2
[ ok ] case148_d0_C0_DEFAULT_N512_q8_rep3
[ ok ] case149_d0_C0_DEFAULT_N512_q8_rep4
[ ok ] case150_d0_C0_DEFAULT_N512_q8_rep5
[ ok ] case151_ds_C0_DEFAULT_N512_q8_rep1
[ ok ] case152_ds_C0_DEFAULT_N512_q8_rep2
[ ok ] case153_ds_C0_DEFAULT_N512_q8_rep3
[ ok ] case154_ds_C0_DEFAULT_N512_q8_rep4
[ ok ] case155_ds_C0_DEFAULT_N512_q8_rep5
[ ok ] case156_d1_C0_DEFAULT_N512_q8_rep1
[ ok ] case157_d1_C0_DEFAULT_N512_q8_rep2
[ ok ] case158_d1_C0_DEFAULT_N512_q8_rep3
[ ok ] case159_d1_C0_DEFAULT_N512_q8_rep4
[ ok ] case160_d1_C0_DEFAULT_N512_q8_rep5
[ ok ] case161_d1w_C0_DEFAULT_N512_q8_rep1
[ ok ] case162_d1w_C0_DEFAULT_N512_q8_rep2
[ ok ] case163_d1w_C0_DEFAULT_N512_q8_rep3
[ ok ] case164_d1w_C0_DEFAULT_N512_q8_rep4
[ ok ] case165_d1w_C0_DEFAULT_N512_q8_rep5
[ ok ] case166_comm_C0_DEFAULT_N2048_q2_rep1
[ ok ] case167_comm_C0_DEFAULT_N2048_q2_rep2
[ ok ] case168_comm_C0_DEFAULT_N2048_q2_rep3
[ ok ] case169_comm_C0_DEFAULT_N2048_q2_rep4
[ ok ] case170_comm_C0_DEFAULT_N2048_q2_rep5
[ ok ] case171_gemm_C0_DEFAULT_N2048_q2_rep1
[ ok ] case172_gemm_C0_DEFAULT_N2048_q2_rep2
[ ok ] case173_gemm_C0_DEFAULT_N2048_q2_rep3
[ ok ] case174_gemm_C0_DEFAULT_N2048_q2_rep4
[ ok ] case175_gemm_C0_DEFAULT_N2048_q2_rep5
[ ok ] case176_r0_C0_DEFAULT_N2048_q2_rep1
[ ok ] case177_r0_C0_DEFAULT_N2048_q2_rep2
[ ok ] case178_r0_C0_DEFAULT_N2048_q2_rep3
[ ok ] case179_r0_C0_DEFAULT_N2048_q2_rep4
[ ok ] case180_r0_C0_DEFAULT_N2048_q2_rep5
[ ok ] case181_rs_C0_DEFAULT_N2048_q2_rep1
[ ok ] case182_rs_C0_DEFAULT_N2048_q2_rep2
[ ok ] case183_rs_C0_DEFAULT_N2048_q2_rep3
[ ok ] case184_rs_C0_DEFAULT_N2048_q2_rep4
[ ok ] case185_rs_C0_DEFAULT_N2048_q2_rep5
[ ok ] case186_r1_C0_DEFAULT_N2048_q2_rep1
[ ok ] case187_r1_C0_DEFAULT_N2048_q2_rep2
[ ok ] case188_r1_C0_DEFAULT_N2048_q2_rep3
[ ok ] case189_r1_C0_DEFAULT_N2048_q2_rep4
[ ok ] case190_r1_C0_DEFAULT_N2048_q2_rep5
[ ok ] case191_fc_C0_DEFAULT_N2048_q2_rep1
[ ok ] case192_fc_C0_DEFAULT_N2048_q2_rep2
[ ok ] case193_fc_C0_DEFAULT_N2048_q2_rep3
[ ok ] case194_fc_C0_DEFAULT_N2048_q2_rep4
[ ok ] case195_fc_C0_DEFAULT_N2048_q2_rep5
[ ok ] case196_dc_C0_DEFAULT_N2048_q2_rep1
[ ok ] case197_dc_C0_DEFAULT_N2048_q2_rep2
[ ok ] case198_dc_C0_DEFAULT_N2048_q2_rep3
[ ok ] case199_dc_C0_DEFAULT_N2048_q2_rep4
[ ok ] case200_dc_C0_DEFAULT_N2048_q2_rep5
[ ok ] case201_d0_C0_DEFAULT_N2048_q2_rep1
[ ok ] case202_d0_C0_DEFAULT_N2048_q2_rep2
[ ok ] case203_d0_C0_DEFAULT_N2048_q2_rep3
[ ok ] case204_d0_C0_DEFAULT_N2048_q2_rep4
[ ok ] case205_d0_C0_DEFAULT_N2048_q2_rep5
[ ok ] case206_ds_C0_DEFAULT_N2048_q2_rep1
[ ok ] case207_ds_C0_DEFAULT_N2048_q2_rep2
[ ok ] case208_ds_C0_DEFAULT_N2048_q2_rep3
[ ok ] case209_ds_C0_DEFAULT_N2048_q2_rep4
[ ok ] case210_ds_C0_DEFAULT_N2048_q2_rep5
[ ok ] case211_d1_C0_DEFAULT_N2048_q2_rep1
[ ok ] case212_d1_C0_DEFAULT_N2048_q2_rep2
[ ok ] case213_d1_C0_DEFAULT_N2048_q2_rep3
[ ok ] case214_d1_C0_DEFAULT_N2048_q2_rep4
[ ok ] case215_d1_C0_DEFAULT_N2048_q2_rep5
[ ok ] case216_d1w_C0_DEFAULT_N2048_q2_rep1
[ ok ] case217_d1w_C0_DEFAULT_N2048_q2_rep2
[ ok ] case218_d1w_C0_DEFAULT_N2048_q2_rep3
[ ok ] case219_d1w_C0_DEFAULT_N2048_q2_rep4
[ ok ] case220_d1w_C0_DEFAULT_N2048_q2_rep5
[ ok ] case221_comm_C0_DEFAULT_N2048_q4_rep1
[ ok ] case222_comm_C0_DEFAULT_N2048_q4_rep2
[ ok ] case223_comm_C0_DEFAULT_N2048_q4_rep3
[ ok ] case224_comm_C0_DEFAULT_N2048_q4_rep4
[ ok ] case225_comm_C0_DEFAULT_N2048_q4_rep5
[ ok ] case226_gemm_C0_DEFAULT_N2048_q4_rep1
[ ok ] case227_gemm_C0_DEFAULT_N2048_q4_rep2
[ ok ] case228_gemm_C0_DEFAULT_N2048_q4_rep3
[ ok ] case229_gemm_C0_DEFAULT_N2048_q4_rep4
[ ok ] case230_gemm_C0_DEFAULT_N2048_q4_rep5
[ ok ] case231_r0_C0_DEFAULT_N2048_q4_rep1
[ ok ] case232_r0_C0_DEFAULT_N2048_q4_rep2
[ ok ] case233_r0_C0_DEFAULT_N2048_q4_rep3
[ ok ] case234_r0_C0_DEFAULT_N2048_q4_rep4
[ ok ] case235_r0_C0_DEFAULT_N2048_q4_rep5
[ ok ] case236_rs_C0_DEFAULT_N2048_q4_rep1
[ ok ] case237_rs_C0_DEFAULT_N2048_q4_rep2
[ ok ] case238_rs_C0_DEFAULT_N2048_q4_rep3
[ ok ] case239_rs_C0_DEFAULT_N2048_q4_rep4
[ ok ] case240_rs_C0_DEFAULT_N2048_q4_rep5
[ ok ] case241_r1_C0_DEFAULT_N2048_q4_rep1
[ ok ] case242_r1_C0_DEFAULT_N2048_q4_rep2
[ ok ] case243_r1_C0_DEFAULT_N2048_q4_rep3
[ ok ] case244_r1_C0_DEFAULT_N2048_q4_rep4
[ ok ] case245_r1_C0_DEFAULT_N2048_q4_rep5
[ ok ] case246_fc_C0_DEFAULT_N2048_q4_rep1
[ ok ] case247_fc_C0_DEFAULT_N2048_q4_rep2
[ ok ] case248_fc_C0_DEFAULT_N2048_q4_rep3
[ ok ] case249_fc_C0_DEFAULT_N2048_q4_rep4
[ ok ] case250_fc_C0_DEFAULT_N2048_q4_rep5
[ ok ] case251_dc_C0_DEFAULT_N2048_q4_rep1
[ ok ] case252_dc_C0_DEFAULT_N2048_q4_rep2
[ ok ] case253_dc_C0_DEFAULT_N2048_q4_rep3
[ ok ] case254_dc_C0_DEFAULT_N2048_q4_rep4
[ ok ] case255_dc_C0_DEFAULT_N2048_q4_rep5
[ ok ] case256_d0_C0_DEFAULT_N2048_q4_rep1
[ ok ] case257_d0_C0_DEFAULT_N2048_q4_rep2
[ ok ] case258_d0_C0_DEFAULT_N2048_q4_rep3
[ ok ] case259_d0_C0_DEFAULT_N2048_q4_rep4
[ ok ] case260_d0_C0_DEFAULT_N2048_q4_rep5
[ ok ] case261_ds_C0_DEFAULT_N2048_q4_rep1
[ ok ] case262_ds_C0_DEFAULT_N2048_q4_rep2
[ ok ] case263_ds_C0_DEFAULT_N2048_q4_rep3
[ ok ] case264_ds_C0_DEFAULT_N2048_q4_rep4
[ ok ] case265_ds_C0_DEFAULT_N2048_q4_rep5
[ ok ] case266_d1_C0_DEFAULT_N2048_q4_rep1
[ ok ] case267_d1_C0_DEFAULT_N2048_q4_rep2
[ ok ] case268_d1_C0_DEFAULT_N2048_q4_rep3
[ ok ] case269_d1_C0_DEFAULT_N2048_q4_rep4
[ ok ] case270_d1_C0_DEFAULT_N2048_q4_rep5
[ ok ] case271_d1w_C0_DEFAULT_N2048_q4_rep1
[ ok ] case272_d1w_C0_DEFAULT_N2048_q4_rep2
[ ok ] case273_d1w_C0_DEFAULT_N2048_q4_rep3
[ ok ] case274_d1w_C0_DEFAULT_N2048_q4_rep4
[ ok ] case275_d1w_C0_DEFAULT_N2048_q4_rep5
[ ok ] case276_comm_C0_DEFAULT_N2048_q8_rep1
[ ok ] case277_comm_C0_DEFAULT_N2048_q8_rep2
[ ok ] case278_comm_C0_DEFAULT_N2048_q8_rep3
[ ok ] case279_comm_C0_DEFAULT_N2048_q8_rep4
[ ok ] case280_comm_C0_DEFAULT_N2048_q8_rep5
[ ok ] case281_gemm_C0_DEFAULT_N2048_q8_rep1
[ ok ] case282_gemm_C0_DEFAULT_N2048_q8_rep2
[ ok ] case283_gemm_C0_DEFAULT_N2048_q8_rep3
[ ok ] case284_gemm_C0_DEFAULT_N2048_q8_rep4
[ ok ] case285_gemm_C0_DEFAULT_N2048_q8_rep5
[ ok ] case286_r0_C0_DEFAULT_N2048_q8_rep1
[ ok ] case287_r0_C0_DEFAULT_N2048_q8_rep2
[ ok ] case288_r0_C0_DEFAULT_N2048_q8_rep3
[ ok ] case289_r0_C0_DEFAULT_N2048_q8_rep4
[ ok ] case290_r0_C0_DEFAULT_N2048_q8_rep5
[ ok ] case291_rs_C0_DEFAULT_N2048_q8_rep1
[ ok ] case292_rs_C0_DEFAULT_N2048_q8_rep2
[ ok ] case293_rs_C0_DEFAULT_N2048_q8_rep3
[ ok ] case294_rs_C0_DEFAULT_N2048_q8_rep4
[ ok ] case295_rs_C0_DEFAULT_N2048_q8_rep5
[ ok ] case296_r1_C0_DEFAULT_N2048_q8_rep1
[ ok ] case297_r1_C0_DEFAULT_N2048_q8_rep2
[ ok ] case298_r1_C0_DEFAULT_N2048_q8_rep3
[ ok ] case299_r1_C0_DEFAULT_N2048_q8_rep4
[ ok ] case300_r1_C0_DEFAULT_N2048_q8_rep5
[ ok ] case301_fc_C0_DEFAULT_N2048_q8_rep1
[ ok ] case302_fc_C0_DEFAULT_N2048_q8_rep2
[ ok ] case303_fc_C0_DEFAULT_N2048_q8_rep3
[ ok ] case304_fc_C0_DEFAULT_N2048_q8_rep4
[ ok ] case305_fc_C0_DEFAULT_N2048_q8_rep5
[ ok ] case306_dc_C0_DEFAULT_N2048_q8_rep1
[ ok ] case307_dc_C0_DEFAULT_N2048_q8_rep2
[ ok ] case308_dc_C0_DEFAULT_N2048_q8_rep3
[ ok ] case309_dc_C0_DEFAULT_N2048_q8_rep4
[ ok ] case310_dc_C0_DEFAULT_N2048_q8_rep5
[ ok ] case311_d0_C0_DEFAULT_N2048_q8_rep1
[ ok ] case312_d0_C0_DEFAULT_N2048_q8_rep2
[ ok ] case313_d0_C0_DEFAULT_N2048_q8_rep3
[ ok ] case314_d0_C0_DEFAULT_N2048_q8_rep4
[ ok ] case315_d0_C0_DEFAULT_N2048_q8_rep5
[ ok ] case316_ds_C0_DEFAULT_N2048_q8_rep1
[ ok ] case317_ds_C0_DEFAULT_N2048_q8_rep2
[ ok ] case318_ds_C0_DEFAULT_N2048_q8_rep3
[ ok ] case319_ds_C0_DEFAULT_N2048_q8_rep4
[ ok ] case320_ds_C0_DEFAULT_N2048_q8_rep5
[ ok ] case321_d1_C0_DEFAULT_N2048_q8_rep1
[ ok ] case322_d1_C0_DEFAULT_N2048_q8_rep2
[ ok ] case323_d1_C0_DEFAULT_N2048_q8_rep3
[ ok ] case324_d1_C0_DEFAULT_N2048_q8_rep4
[ ok ] case325_d1_C0_DEFAULT_N2048_q8_rep5
[ ok ] case326_d1w_C0_DEFAULT_N2048_q8_rep1
[ ok ] case327_d1w_C0_DEFAULT_N2048_q8_rep2
[ ok ] case328_d1w_C0_DEFAULT_N2048_q8_rep3
[ ok ] case329_d1w_C0_DEFAULT_N2048_q8_rep4
[ ok ] case330_d1w_C0_DEFAULT_N2048_q8_rep5
[ ok ] case331_comm_C0_DEFAULT_N4096_q2_rep1
[ ok ] case332_comm_C0_DEFAULT_N4096_q2_rep2
[ ok ] case333_comm_C0_DEFAULT_N4096_q2_rep3
[ ok ] case334_comm_C0_DEFAULT_N4096_q2_rep4
[ ok ] case335_comm_C0_DEFAULT_N4096_q2_rep5
[ ok ] case336_gemm_C0_DEFAULT_N4096_q2_rep1
[ ok ] case337_gemm_C0_DEFAULT_N4096_q2_rep2
[ ok ] case338_gemm_C0_DEFAULT_N4096_q2_rep3
[ ok ] case339_gemm_C0_DEFAULT_N4096_q2_rep4
[ ok ] case340_gemm_C0_DEFAULT_N4096_q2_rep5
[ ok ] case341_r0_C0_DEFAULT_N4096_q2_rep1
[ ok ] case342_r0_C0_DEFAULT_N4096_q2_rep2
[ ok ] case343_r0_C0_DEFAULT_N4096_q2_rep3
[ ok ] case344_r0_C0_DEFAULT_N4096_q2_rep4
[ ok ] case345_r0_C0_DEFAULT_N4096_q2_rep5
[ ok ] case346_rs_C0_DEFAULT_N4096_q2_rep1
[ ok ] case347_rs_C0_DEFAULT_N4096_q2_rep2
[ ok ] case348_rs_C0_DEFAULT_N4096_q2_rep3
[ ok ] case349_rs_C0_DEFAULT_N4096_q2_rep4
[ ok ] case350_rs_C0_DEFAULT_N4096_q2_rep5
[ ok ] case351_r1_C0_DEFAULT_N4096_q2_rep1
[ ok ] case352_r1_C0_DEFAULT_N4096_q2_rep2
[ ok ] case353_r1_C0_DEFAULT_N4096_q2_rep3
[ ok ] case354_r1_C0_DEFAULT_N4096_q2_rep4
[ ok ] case355_r1_C0_DEFAULT_N4096_q2_rep5
[ ok ] case356_fc_C0_DEFAULT_N4096_q2_rep1
[ ok ] case357_fc_C0_DEFAULT_N4096_q2_rep2
[ ok ] case358_fc_C0_DEFAULT_N4096_q2_rep3
[ ok ] case359_fc_C0_DEFAULT_N4096_q2_rep4
[ ok ] case360_fc_C0_DEFAULT_N4096_q2_rep5
[ ok ] case361_dc_C0_DEFAULT_N4096_q2_rep1
[ ok ] case362_dc_C0_DEFAULT_N4096_q2_rep2
[ ok ] case363_dc_C0_DEFAULT_N4096_q2_rep3
[ ok ] case364_dc_C0_DEFAULT_N4096_q2_rep4
[ ok ] case365_dc_C0_DEFAULT_N4096_q2_rep5
[ ok ] case366_d0_C0_DEFAULT_N4096_q2_rep1
[ ok ] case367_d0_C0_DEFAULT_N4096_q2_rep2
[ ok ] case368_d0_C0_DEFAULT_N4096_q2_rep3
[ ok ] case369_d0_C0_DEFAULT_N4096_q2_rep4
[ ok ] case370_d0_C0_DEFAULT_N4096_q2_rep5
[ ok ] case371_ds_C0_DEFAULT_N4096_q2_rep1
[ ok ] case372_ds_C0_DEFAULT_N4096_q2_rep2
[ ok ] case373_ds_C0_DEFAULT_N4096_q2_rep3
[ ok ] case374_ds_C0_DEFAULT_N4096_q2_rep4
[ ok ] case375_ds_C0_DEFAULT_N4096_q2_rep5
[ ok ] case376_d1_C0_DEFAULT_N4096_q2_rep1
[ ok ] case377_d1_C0_DEFAULT_N4096_q2_rep2
[ ok ] case378_d1_C0_DEFAULT_N4096_q2_rep3
[ ok ] case379_d1_C0_DEFAULT_N4096_q2_rep4
[ ok ] case380_d1_C0_DEFAULT_N4096_q2_rep5
[ ok ] case381_d1w_C0_DEFAULT_N4096_q2_rep1
[ ok ] case382_d1w_C0_DEFAULT_N4096_q2_rep2
[ ok ] case383_d1w_C0_DEFAULT_N4096_q2_rep3
[ ok ] case384_d1w_C0_DEFAULT_N4096_q2_rep4
[ ok ] case385_d1w_C0_DEFAULT_N4096_q2_rep5
[ ok ] case386_comm_C0_DEFAULT_N4096_q4_rep1
[ ok ] case387_comm_C0_DEFAULT_N4096_q4_rep2
[ ok ] case388_comm_C0_DEFAULT_N4096_q4_rep3
[ ok ] case389_comm_C0_DEFAULT_N4096_q4_rep4
[ ok ] case390_comm_C0_DEFAULT_N4096_q4_rep5
[ ok ] case391_gemm_C0_DEFAULT_N4096_q4_rep1
[ ok ] case392_gemm_C0_DEFAULT_N4096_q4_rep2
[ ok ] case393_gemm_C0_DEFAULT_N4096_q4_rep3
[ ok ] case394_gemm_C0_DEFAULT_N4096_q4_rep4
[ ok ] case395_gemm_C0_DEFAULT_N4096_q4_rep5
[ ok ] case396_r0_C0_DEFAULT_N4096_q4_rep1
[ ok ] case397_r0_C0_DEFAULT_N4096_q4_rep2
[ ok ] case398_r0_C0_DEFAULT_N4096_q4_rep3
[ ok ] case399_r0_C0_DEFAULT_N4096_q4_rep4
[ ok ] case400_r0_C0_DEFAULT_N4096_q4_rep5
[ ok ] case401_rs_C0_DEFAULT_N4096_q4_rep1
[ ok ] case402_rs_C0_DEFAULT_N4096_q4_rep2
[ ok ] case403_rs_C0_DEFAULT_N4096_q4_rep3
[ ok ] case404_rs_C0_DEFAULT_N4096_q4_rep4
[ ok ] case405_rs_C0_DEFAULT_N4096_q4_rep5
[ ok ] case406_r1_C0_DEFAULT_N4096_q4_rep1
[ ok ] case407_r1_C0_DEFAULT_N4096_q4_rep2
[ ok ] case408_r1_C0_DEFAULT_N4096_q4_rep3
[ ok ] case409_r1_C0_DEFAULT_N4096_q4_rep4
[ ok ] case410_r1_C0_DEFAULT_N4096_q4_rep5
[ ok ] case411_fc_C0_DEFAULT_N4096_q4_rep1
[ ok ] case412_fc_C0_DEFAULT_N4096_q4_rep2
[ ok ] case413_fc_C0_DEFAULT_N4096_q4_rep3
[ ok ] case414_fc_C0_DEFAULT_N4096_q4_rep4
[ ok ] case415_fc_C0_DEFAULT_N4096_q4_rep5
[ ok ] case416_dc_C0_DEFAULT_N4096_q4_rep1
[ ok ] case417_dc_C0_DEFAULT_N4096_q4_rep2
[ ok ] case418_dc_C0_DEFAULT_N4096_q4_rep3
[ ok ] case419_dc_C0_DEFAULT_N4096_q4_rep4
[ ok ] case420_dc_C0_DEFAULT_N4096_q4_rep5
[ ok ] case421_d0_C0_DEFAULT_N4096_q4_rep1
[ ok ] case422_d0_C0_DEFAULT_N4096_q4_rep2
[ ok ] case423_d0_C0_DEFAULT_N4096_q4_rep3
[ ok ] case424_d0_C0_DEFAULT_N4096_q4_rep4
[ ok ] case425_d0_C0_DEFAULT_N4096_q4_rep5
[ ok ] case426_ds_C0_DEFAULT_N4096_q4_rep1
[ ok ] case427_ds_C0_DEFAULT_N4096_q4_rep2
[ ok ] case428_ds_C0_DEFAULT_N4096_q4_rep3
[ ok ] case429_ds_C0_DEFAULT_N4096_q4_rep4
[ ok ] case430_ds_C0_DEFAULT_N4096_q4_rep5
[ ok ] case431_d1_C0_DEFAULT_N4096_q4_rep1
[ ok ] case432_d1_C0_DEFAULT_N4096_q4_rep2
[ ok ] case433_d1_C0_DEFAULT_N4096_q4_rep3
[ ok ] case434_d1_C0_DEFAULT_N4096_q4_rep4
[ ok ] case435_d1_C0_DEFAULT_N4096_q4_rep5
[ ok ] case436_d1w_C0_DEFAULT_N4096_q4_rep1
[ ok ] case437_d1w_C0_DEFAULT_N4096_q4_rep2
[ ok ] case438_d1w_C0_DEFAULT_N4096_q4_rep3
[ ok ] case439_d1w_C0_DEFAULT_N4096_q4_rep4
[ ok ] case440_d1w_C0_DEFAULT_N4096_q4_rep5
[ ok ] case441_comm_C0_DEFAULT_N4096_q8_rep1
[ ok ] case442_comm_C0_DEFAULT_N4096_q8_rep2
[ ok ] case443_comm_C0_DEFAULT_N4096_q8_rep3
[ ok ] case444_comm_C0_DEFAULT_N4096_q8_rep4
[ ok ] case445_comm_C0_DEFAULT_N4096_q8_rep5
[ ok ] case446_gemm_C0_DEFAULT_N4096_q8_rep1
[ ok ] case447_gemm_C0_DEFAULT_N4096_q8_rep2
[ ok ] case448_gemm_C0_DEFAULT_N4096_q8_rep3
[ ok ] case449_gemm_C0_DEFAULT_N4096_q8_rep4
[ ok ] case450_gemm_C0_DEFAULT_N4096_q8_rep5
[ ok ] case451_r0_C0_DEFAULT_N4096_q8_rep1
[ ok ] case452_r0_C0_DEFAULT_N4096_q8_rep2
[ ok ] case453_r0_C0_DEFAULT_N4096_q8_rep3
[ ok ] case454_r0_C0_DEFAULT_N4096_q8_rep4
[ ok ] case455_r0_C0_DEFAULT_N4096_q8_rep5
[ ok ] case456_rs_C0_DEFAULT_N4096_q8_rep1
[ ok ] case457_rs_C0_DEFAULT_N4096_q8_rep2
[ ok ] case458_rs_C0_DEFAULT_N4096_q8_rep3
[ ok ] case459_rs_C0_DEFAULT_N4096_q8_rep4
[ ok ] case460_rs_C0_DEFAULT_N4096_q8_rep5
[ ok ] case461_r1_C0_DEFAULT_N4096_q8_rep1
[ ok ] case462_r1_C0_DEFAULT_N4096_q8_rep2
[ ok ] case463_r1_C0_DEFAULT_N4096_q8_rep3
[ ok ] case464_r1_C0_DEFAULT_N4096_q8_rep4
[ ok ] case465_r1_C0_DEFAULT_N4096_q8_rep5
[ ok ] case466_fc_C0_DEFAULT_N4096_q8_rep1
[ ok ] case467_fc_C0_DEFAULT_N4096_q8_rep2
[ ok ] case468_fc_C0_DEFAULT_N4096_q8_rep3
[ ok ] case469_fc_C0_DEFAULT_N4096_q8_rep4
[ ok ] case470_fc_C0_DEFAULT_N4096_q8_rep5
[ ok ] case471_dc_C0_DEFAULT_N4096_q8_rep1
[ ok ] case472_dc_C0_DEFAULT_N4096_q8_rep2
[ ok ] case473_dc_C0_DEFAULT_N4096_q8_rep3
[ ok ] case474_dc_C0_DEFAULT_N4096_q8_rep4
[ ok ] case475_dc_C0_DEFAULT_N4096_q8_rep5
[ ok ] case476_d0_C0_DEFAULT_N4096_q8_rep1
[ ok ] case477_d0_C0_DEFAULT_N4096_q8_rep2
[ ok ] case478_d0_C0_DEFAULT_N4096_q8_rep3
[ ok ] case479_d0_C0_DEFAULT_N4096_q8_rep4
[ ok ] case480_d0_C0_DEFAULT_N4096_q8_rep5
[ ok ] case481_ds_C0_DEFAULT_N4096_q8_rep1
[ ok ] case482_ds_C0_DEFAULT_N4096_q8_rep2
[ ok ] case483_ds_C0_DEFAULT_N4096_q8_rep3
[ ok ] case484_ds_C0_DEFAULT_N4096_q8_rep4
[ ok ] case485_ds_C0_DEFAULT_N4096_q8_rep5
[ ok ] case486_d1_C0_DEFAULT_N4096_q8_rep1
[ ok ] case487_d1_C0_DEFAULT_N4096_q8_rep2
[ ok ] case488_d1_C0_DEFAULT_N4096_q8_rep3
[ ok ] case489_d1_C0_DEFAULT_N4096_q8_rep4
[ ok ] case490_d1_C0_DEFAULT_N4096_q8_rep5
[ ok ] case491_d1w_C0_DEFAULT_N4096_q8_rep1
[ ok ] case492_d1w_C0_DEFAULT_N4096_q8_rep2
[ ok ] case493_d1w_C0_DEFAULT_N4096_q8_rep3
[ ok ] case494_d1w_C0_DEFAULT_N4096_q8_rep4
[ ok ] case495_d1w_C0_DEFAULT_N4096_q8_rep5
[ ok ] case496_comm_C2_RING_SIMPLE_CH8_N512_q2_rep1
[ ok ] case497_comm_C2_RING_SIMPLE_CH8_N512_q2_rep2
[ ok ] case498_comm_C2_RING_SIMPLE_CH8_N512_q2_rep3
[ ok ] case499_comm_C2_RING_SIMPLE_CH8_N512_q2_rep4
[ ok ] case500_comm_C2_RING_SIMPLE_CH8_N512_q2_rep5
[ ok ] case501_r1_C2_RING_SIMPLE_CH8_N512_q2_rep1
[ ok ] case502_r1_C2_RING_SIMPLE_CH8_N512_q2_rep2
[ ok ] case503_r1_C2_RING_SIMPLE_CH8_N512_q2_rep3
[ ok ] case504_r1_C2_RING_SIMPLE_CH8_N512_q2_rep4
[ ok ] case505_r1_C2_RING_SIMPLE_CH8_N512_q2_rep5
[ ok ] case506_comm_C2_RING_SIMPLE_CH8_N512_q4_rep1
[ ok ] case507_comm_C2_RING_SIMPLE_CH8_N512_q4_rep2
[ ok ] case508_comm_C2_RING_SIMPLE_CH8_N512_q4_rep3
[ ok ] case509_comm_C2_RING_SIMPLE_CH8_N512_q4_rep4
[ ok ] case510_comm_C2_RING_SIMPLE_CH8_N512_q4_rep5
[ ok ] case511_r1_C2_RING_SIMPLE_CH8_N512_q4_rep1
[ ok ] case512_r1_C2_RING_SIMPLE_CH8_N512_q4_rep2
[ ok ] case513_r1_C2_RING_SIMPLE_CH8_N512_q4_rep3
[ ok ] case514_r1_C2_RING_SIMPLE_CH8_N512_q4_rep4
[ ok ] case515_r1_C2_RING_SIMPLE_CH8_N512_q4_rep5
[ ok ] case516_comm_C2_RING_SIMPLE_CH8_N512_q8_rep1
[ ok ] case517_comm_C2_RING_SIMPLE_CH8_N512_q8_rep2
[ ok ] case518_comm_C2_RING_SIMPLE_CH8_N512_q8_rep3
[ ok ] case519_comm_C2_RING_SIMPLE_CH8_N512_q8_rep4
[ ok ] case520_comm_C2_RING_SIMPLE_CH8_N512_q8_rep5
[ ok ] case521_r1_C2_RING_SIMPLE_CH8_N512_q8_rep1
[ ok ] case522_r1_C2_RING_SIMPLE_CH8_N512_q8_rep2
[ ok ] case523_r1_C2_RING_SIMPLE_CH8_N512_q8_rep3
[ ok ] case524_r1_C2_RING_SIMPLE_CH8_N512_q8_rep4
[ ok ] case525_r1_C2_RING_SIMPLE_CH8_N512_q8_rep5
[ ok ] case526_comm_C2_RING_SIMPLE_CH8_N2048_q2_rep1
[ ok ] case527_comm_C2_RING_SIMPLE_CH8_N2048_q2_rep2
[ ok ] case528_comm_C2_RING_SIMPLE_CH8_N2048_q2_rep3
[ ok ] case529_comm_C2_RING_SIMPLE_CH8_N2048_q2_rep4
[ ok ] case530_comm_C2_RING_SIMPLE_CH8_N2048_q2_rep5
[ ok ] case531_r1_C2_RING_SIMPLE_CH8_N2048_q2_rep1
[ ok ] case532_r1_C2_RING_SIMPLE_CH8_N2048_q2_rep2
[ ok ] case533_r1_C2_RING_SIMPLE_CH8_N2048_q2_rep3
[ ok ] case534_r1_C2_RING_SIMPLE_CH8_N2048_q2_rep4
[ ok ] case535_r1_C2_RING_SIMPLE_CH8_N2048_q2_rep5
[ ok ] case536_comm_C2_RING_SIMPLE_CH8_N2048_q4_rep1
[ ok ] case537_comm_C2_RING_SIMPLE_CH8_N2048_q4_rep2
[ ok ] case538_comm_C2_RING_SIMPLE_CH8_N2048_q4_rep3
[ ok ] case539_comm_C2_RING_SIMPLE_CH8_N2048_q4_rep4
[ ok ] case540_comm_C2_RING_SIMPLE_CH8_N2048_q4_rep5
[ ok ] case541_r1_C2_RING_SIMPLE_CH8_N2048_q4_rep1
[ ok ] case542_r1_C2_RING_SIMPLE_CH8_N2048_q4_rep2
[ ok ] case543_r1_C2_RING_SIMPLE_CH8_N2048_q4_rep3
[ ok ] case544_r1_C2_RING_SIMPLE_CH8_N2048_q4_rep4
[ ok ] case545_r1_C2_RING_SIMPLE_CH8_N2048_q4_rep5
[ ok ] case546_comm_C2_RING_SIMPLE_CH8_N2048_q8_rep1
[ ok ] case547_comm_C2_RING_SIMPLE_CH8_N2048_q8_rep2
[ ok ] case548_comm_C2_RING_SIMPLE_CH8_N2048_q8_rep3
[ ok ] case549_comm_C2_RING_SIMPLE_CH8_N2048_q8_rep4
[ ok ] case550_comm_C2_RING_SIMPLE_CH8_N2048_q8_rep5
[ ok ] case551_r1_C2_RING_SIMPLE_CH8_N2048_q8_rep1
[ ok ] case552_r1_C2_RING_SIMPLE_CH8_N2048_q8_rep2
[ ok ] case553_r1_C2_RING_SIMPLE_CH8_N2048_q8_rep3
[ ok ] case554_r1_C2_RING_SIMPLE_CH8_N2048_q8_rep4
[ ok ] case555_r1_C2_RING_SIMPLE_CH8_N2048_q8_rep5
[ ok ] case556_comm_C2_RING_SIMPLE_CH8_N4096_q2_rep1
[ ok ] case557_comm_C2_RING_SIMPLE_CH8_N4096_q2_rep2
[ ok ] case558_comm_C2_RING_SIMPLE_CH8_N4096_q2_rep3
[ ok ] case559_comm_C2_RING_SIMPLE_CH8_N4096_q2_rep4
[ ok ] case560_comm_C2_RING_SIMPLE_CH8_N4096_q2_rep5
[ ok ] case561_r1_C2_RING_SIMPLE_CH8_N4096_q2_rep1
[ ok ] case562_r1_C2_RING_SIMPLE_CH8_N4096_q2_rep2
[ ok ] case563_r1_C2_RING_SIMPLE_CH8_N4096_q2_rep3
[ ok ] case564_r1_C2_RING_SIMPLE_CH8_N4096_q2_rep4
[ ok ] case565_r1_C2_RING_SIMPLE_CH8_N4096_q2_rep5
[ ok ] case566_comm_C2_RING_SIMPLE_CH8_N4096_q4_rep1
[ ok ] case567_comm_C2_RING_SIMPLE_CH8_N4096_q4_rep2
[ ok ] case568_comm_C2_RING_SIMPLE_CH8_N4096_q4_rep3
[ ok ] case569_comm_C2_RING_SIMPLE_CH8_N4096_q4_rep4
[ ok ] case570_comm_C2_RING_SIMPLE_CH8_N4096_q4_rep5
[ ok ] case571_r1_C2_RING_SIMPLE_CH8_N4096_q4_rep1
[ ok ] case572_r1_C2_RING_SIMPLE_CH8_N4096_q4_rep2
[ ok ] case573_r1_C2_RING_SIMPLE_CH8_N4096_q4_rep3
[ ok ] case574_r1_C2_RING_SIMPLE_CH8_N4096_q4_rep4
[ ok ] case575_r1_C2_RING_SIMPLE_CH8_N4096_q4_rep5
[ ok ] case576_comm_C2_RING_SIMPLE_CH8_N4096_q8_rep1
[ ok ] case577_comm_C2_RING_SIMPLE_CH8_N4096_q8_rep2
[ ok ] case578_comm_C2_RING_SIMPLE_CH8_N4096_q8_rep3
[ ok ] case579_comm_C2_RING_SIMPLE_CH8_N4096_q8_rep4
[ ok ] case580_comm_C2_RING_SIMPLE_CH8_N4096_q8_rep5
[ ok ] case581_r1_C2_RING_SIMPLE_CH8_N4096_q8_rep1
[ ok ] case582_r1_C2_RING_SIMPLE_CH8_N4096_q8_rep2
[ ok ] case583_r1_C2_RING_SIMPLE_CH8_N4096_q8_rep3
[ ok ] case584_r1_C2_RING_SIMPLE_CH8_N4096_q8_rep4
[ ok ] case585_r1_C2_RING_SIMPLE_CH8_N4096_q8_rep5
[ ok ] case586_comm_C0_DEFAULT_N2048_q16_rep1
[ ok ] case587_comm_C0_DEFAULT_N2048_q16_rep2
[ ok ] case588_comm_C0_DEFAULT_N2048_q16_rep3
[ ok ] case589_comm_C0_DEFAULT_N2048_q16_rep4
[ ok ] case590_comm_C0_DEFAULT_N2048_q16_rep5
[ ok ] case591_gemm_C0_DEFAULT_N2048_q16_rep1
[ ok ] case592_gemm_C0_DEFAULT_N2048_q16_rep2
[ ok ] case593_gemm_C0_DEFAULT_N2048_q16_rep3
[ ok ] case594_gemm_C0_DEFAULT_N2048_q16_rep4
[ ok ] case595_gemm_C0_DEFAULT_N2048_q16_rep5
[ ok ] case596_rs_C0_DEFAULT_N2048_q16_rep1
[ ok ] case597_rs_C0_DEFAULT_N2048_q16_rep2
[ ok ] case598_rs_C0_DEFAULT_N2048_q16_rep3
[ ok ] case599_rs_C0_DEFAULT_N2048_q16_rep4
[ ok ] case600_rs_C0_DEFAULT_N2048_q16_rep5
[ ok ] case601_r1_C0_DEFAULT_N2048_q16_rep1
[ ok ] case602_r1_C0_DEFAULT_N2048_q16_rep2
[ ok ] case603_r1_C0_DEFAULT_N2048_q16_rep3
[ ok ] case604_r1_C0_DEFAULT_N2048_q16_rep4
[ ok ] case605_r1_C0_DEFAULT_N2048_q16_rep5
[ ok ] case606_dc_C0_DEFAULT_N2048_q16_rep1
[ ok ] case607_dc_C0_DEFAULT_N2048_q16_rep2
[ ok ] case608_dc_C0_DEFAULT_N2048_q16_rep3
[ ok ] case609_dc_C0_DEFAULT_N2048_q16_rep4
[ ok ] case610_dc_C0_DEFAULT_N2048_q16_rep5
[ ok ] case611_ds_C0_DEFAULT_N2048_q16_rep1
[ ok ] case612_ds_C0_DEFAULT_N2048_q16_rep2
[ ok ] case613_ds_C0_DEFAULT_N2048_q16_rep3
[ ok ] case614_ds_C0_DEFAULT_N2048_q16_rep4
[ ok ] case615_ds_C0_DEFAULT_N2048_q16_rep5
[ ok ] case616_d1_C0_DEFAULT_N2048_q16_rep1
[ ok ] case617_d1_C0_DEFAULT_N2048_q16_rep2
[ ok ] case618_d1_C0_DEFAULT_N2048_q16_rep3
[ ok ] case619_d1_C0_DEFAULT_N2048_q16_rep4
[ ok ] case620_d1_C0_DEFAULT_N2048_q16_rep5
[ ok ] case621_d1w_C0_DEFAULT_N2048_q16_rep1
[ ok ] case622_d1w_C0_DEFAULT_N2048_q16_rep2
[ ok ] case623_d1w_C0_DEFAULT_N2048_q16_rep3
[ ok ] case624_d1w_C0_DEFAULT_N2048_q16_rep4
[ ok ] case625_d1w_C0_DEFAULT_N2048_q16_rep5
[ ok ] case626_comm_C0_DEFAULT_N4096_q16_rep1
[ ok ] case627_comm_C0_DEFAULT_N4096_q16_rep2
[ ok ] case628_comm_C0_DEFAULT_N4096_q16_rep3
[ ok ] case629_comm_C0_DEFAULT_N4096_q16_rep4
[ ok ] case630_comm_C0_DEFAULT_N4096_q16_rep5
[ ok ] case631_comm_C2_RING_SIMPLE_CH8_N4096_q16_rep1
[ ok ] case632_comm_C2_RING_SIMPLE_CH8_N4096_q16_rep2
[ ok ] case633_comm_C2_RING_SIMPLE_CH8_N4096_q16_rep3
[ ok ] case634_comm_C2_RING_SIMPLE_CH8_N4096_q16_rep4
[ ok ] case635_comm_C2_RING_SIMPLE_CH8_N4096_q16_rep5
[ ok ] case636_r1_C0_DEFAULT_N4096_q16_rep1
[ ok ] case637_r1_C0_DEFAULT_N4096_q16_rep2
[ ok ] case638_r1_C0_DEFAULT_N4096_q16_rep3
[ ok ] case639_r1_C0_DEFAULT_N4096_q16_rep4
[ ok ] case640_r1_C0_DEFAULT_N4096_q16_rep5
[ ok ] case641_r1_C2_RING_SIMPLE_CH8_N4096_q16_rep1
[ ok ] case642_r1_C2_RING_SIMPLE_CH8_N4096_q16_rep2
[ ok ] case643_r1_C2_RING_SIMPLE_CH8_N4096_q16_rep3
[ ok ] case644_r1_C2_RING_SIMPLE_CH8_N4096_q16_rep4
[ ok ] case645_r1_C2_RING_SIMPLE_CH8_N4096_q16_rep5
== phaseb(bw1000) formal np=4 complete: 645 cases, 0 failed ==
result_root=/root/private_data/lyc/bw1000-port/results/bw1000_8gpu/phaseb_formal_np4_20260903_200217
analysis written to /root/private_data/lyc/bw1000-port/results/bw1000_8gpu/phaseb_formal_np4_20260903_200217/summary
cases: 645 pass: 645 boundary cells: 21 reversals: 0
