[ ok ] case001_d0_C0_DEFAULT_N4096_q32_rep1
[ ok ] case002_d1_C0_DEFAULT_N4096_q32_rep1
[ ok ] case003_d0_C0_DEFAULT_N8192_q8_rep1
[ ok ] case004_d1_C0_DEFAULT_N8192_q8_rep1
[ ok ] case005_d0_C0_DEFAULT_N8192_q16_rep1
[ ok ] case006_d1_C0_DEFAULT_N8192_q16_rep1
[ ok ] case007_d0_C0_DEFAULT_N4096_q32_rep2
[ ok ] case008_d1_C0_DEFAULT_N4096_q32_rep2
[ ok ] case009_d0_C0_DEFAULT_N8192_q8_rep2
[ ok ] case010_d1_C0_DEFAULT_N8192_q8_rep2
[ ok ] case011_d0_C0_DEFAULT_N8192_q16_rep2
[ ok ] case012_d1_C0_DEFAULT_N8192_q16_rep2
[ ok ] case013_d0_C0_DEFAULT_N4096_q32_rep3
[ ok ] case014_d1_C0_DEFAULT_N4096_q32_rep3
[ ok ] case015_d0_C0_DEFAULT_N8192_q8_rep3
[ ok ] case016_d1_C0_DEFAULT_N8192_q8_rep3
[ ok ] case017_d0_C0_DEFAULT_N8192_q16_rep3
[ ok ] case018_d1_C0_DEFAULT_N8192_q16_rep3
[ ok ] case019_d0_C0_DEFAULT_N4096_q32_rep4
[ ok ] case020_d1_C0_DEFAULT_N4096_q32_rep4
[ ok ] case021_d0_C0_DEFAULT_N8192_q8_rep4
[ ok ] case022_d1_C0_DEFAULT_N8192_q8_rep4
[ ok ] case023_d0_C0_DEFAULT_N8192_q16_rep4
[ ok ] case024_d1_C0_DEFAULT_N8192_q16_rep4
[ ok ] case025_d0_C0_DEFAULT_N4096_q32_rep5
[ ok ] case026_d1_C0_DEFAULT_N4096_q32_rep5
[ ok ] case027_d0_C0_DEFAULT_N8192_q8_rep5
[ ok ] case028_d1_C0_DEFAULT_N8192_q8_rep5
[ ok ] case029_d0_C0_DEFAULT_N8192_q16_rep5
[ ok ] case030_d1_C0_DEFAULT_N8192_q16_rep5
== phaseb(bw1000) extrap np=8 complete: 30 cases, 0 failed ==
result_root=/root/private_data/lyc/bw1000-port/results/bw1000_8gpu/phaseb_extrap_np8_20260904_151444
analysis written to /root/private_data/lyc/bw1000-port/results/bw1000_8gpu/phaseb_extrap_np8_20260904_151444/summary
cases: 30 pass: 30 boundary cells: 0 reversals: 0
E3 N4096/q32: P_meas=255.221pt (fit +191.7, residual 63.521) → HIT(q爆炸延续到q32)
E1 N8192/q8: P_meas=1.191pt (fit -63.9, residual 65.091) → MISS
E2 N8192/q16: P_meas=26.168pt (fit -6.5, residual 32.668) → MISS(闭式该区失效)
E4 N8192 两格 |residual|max=65.1pt → >30pt 系统性偏离,模型需N交互项(符号律不推翻)
summary -> /root/private_data/lyc/bw1000-port/results/bw1000_8gpu/phaseb_extrap_np8_20260904_151444/summary
